.next/dev/types/validator.ts(540,31): error TS2344: Type 'typeof import("C:/Users/danie/sistema-guor-v2/src/app/api/admin/almacenes/[id]/route")' does not satisfy the constraint 'RouteHandlerConfig<"/api/admin/almacenes/[id]">'.
  Types of property 'GET' are incompatible.
    Type '(request: NextRequest, { params }: { params: { id: string; }; }) => Promise<NextResponse<{ error: string; }> | NextResponse<{ id: bigint; nombre: string; direccion: string | null; telefono: string | null; ... 7 more ...; updated_at: Date; }>>' is not assignable to type '(request: NextRequest, context: { params: Promise<{ id: string; }>; }) => void | Response | Promise<void | Response>'.
      Types of parameters '__1' and 'context' are incompatible.
        Type '{ params: Promise<{ id: string; }>; }' is not assignable to type '{ params: { id: string; }; }'.
          Types of property 'params' are incompatible.
            Property 'id' is missing in type 'Promise<{ id: string; }>' but required in type '{ id: string; }'.
.next/dev/types/validator.ts(558,31): error TS2344: Type 'typeof import("C:/Users/danie/sistema-guor-v2/src/app/api/admin/asientos-contables/[id]/route")' does not satisfy the constraint 'RouteHandlerConfig<"/api/admin/asientos-contables/[id]">'.
  Types of property 'GET' are incompatible.
    Type '(request: Request, { params }: { params: { id: string; }; }) => Promise<NextResponse<{ success: boolean; data: any; }> | NextResponse<{ error: any; }>>' is not assignable to type '(request: NextRequest, context: { params: Promise<{ id: string; }>; }) => void | Response | Promise<void | Response>'.
      Types of parameters '__1' and 'context' are incompatible.
        Type '{ params: Promise<{ id: string; }>; }' is not assignable to type '{ params: { id: string; }; }'.
          Types of property 'params' are incompatible.
            Property 'id' is missing in type 'Promise<{ id: string; }>' but required in type '{ id: string; }'.
.next/dev/types/validator.ts(756,31): error TS2344: Type 'typeof import("C:/Users/danie/sistema-guor-v2/src/app/api/admin/feedback-cliente/[id]/route")' does not satisfy the constraint 'RouteHandlerConfig<"/api/admin/feedback-cliente/[id]">'.
  Types of property 'GET' are incompatible.
    Type '(request: NextRequest, { params }: { params: { id: string; }; }) => Promise<NextResponse<{ error: string; }> | NextResponse<{ clientes: { id: bigint; telefono: string | null; email: string | null; ... 8 more ...; nombre_comercial: string | null; }; pedidos: { ...; }; } & { ...; }>>' is not assignable to type '(request: NextRequest, context: { params: Promise<{ id: string; }>; }) => void | Response | Promise<void | Response>'.
      Types of parameters '__1' and 'context' are incompatible.
        Type '{ params: Promise<{ id: string; }>; }' is not assignable to type '{ params: { id: string; }; }'.
          Types of property 'params' are incompatible.
            Property 'id' is missing in type 'Promise<{ id: string; }>' but required in type '{ id: string; }'.
.next/dev/types/validator.ts(819,31): error TS2344: Type 'typeof import("C:/Users/danie/sistema-guor-v2/src/app/api/admin/guias-remision/[id]/route")' does not satisfy the constraint 'RouteHandlerConfig<"/api/admin/guias-remision/[id]">'.
  Types of property 'GET' are incompatible.
    Type '(request: NextRequest, { params }: { params: { id: string; }; }) => Promise<NextResponse<{ pedidos: { id: bigint; estado: EstadoPedido | null; created_at: Date | null; updated_at: Date | null; ... 18 more ...; saldo_pendiente: Decimal; } | null; guias_remision_items: { ...; }[]; } & { ...; }> | NextResponse<...>>' is not assignable to type '(request: NextRequest, context: { params: Promise<{ id: string; }>; }) => void | Response | Promise<void | Response>'.
      Types of parameters '__1' and 'context' are incompatible.
        Type '{ params: Promise<{ id: string; }>; }' is not assignable to type '{ params: { id: string; }; }'.
          Types of property 'params' are incompatible.
            Property 'id' is missing in type 'Promise<{ id: string; }>' but required in type '{ id: string; }'.
.next/dev/types/validator.ts(981,31): error TS2344: Type 'typeof import("C:/Users/danie/sistema-guor-v2/src/app/api/admin/pagos-taller/[id]/route")' does not satisfy the constraint 'RouteHandlerConfig<"/api/admin/pagos-taller/[id]">'.
  Types of property 'GET' are incompatible.
    Type '(request: NextRequest, { params }: { params: { id: string; }; }) => Promise<NextResponse<{ usuarios: { id: bigint; email: string; estado: EstadoUsuario | null; created_at: Date | null; ... 4 more ...; auth_id: string | null; } | null; confecciones: { ...; } | null; ordenes_produccion: { ...; } | null; talleres: { .....' is not assignable to type '(request: NextRequest, context: { params: Promise<{ id: string; }>; }) => void | Response | Promise<void | Response>'.
      Types of parameters '__1' and 'context' are incompatible.
        Type '{ params: Promise<{ id: string; }>; }' is not assignable to type '{ params: { id: string; }; }'.
          Types of property 'params' are incompatible.
            Property 'id' is missing in type 'Promise<{ id: string; }>' but required in type '{ id: string; }'.
.next/dev/types/validator.ts(1044,31): error TS2344: Type 'typeof import("C:/Users/danie/sistema-guor-v2/src/app/api/admin/precio-historico/[id]/route")' does not satisfy the constraint 'RouteHandlerConfig<"/api/admin/precio-historico/[id]">'.
  Types of property 'GET' are incompatible.
    Type '(request: Request, { params }: { params: { id: string; }; }) => Promise<NextResponse<{ success: boolean; data: any; }> | NextResponse<{ error: any; }>>' is not assignable to type '(request: NextRequest, context: { params: Promise<{ id: string; }>; }) => void | Response | Promise<void | Response>'.
      Types of parameters '__1' and 'context' are incompatible.
        Type '{ params: Promise<{ id: string; }>; }' is not assignable to type '{ params: { id: string; }; }'.
          Types of property 'params' are incompatible.
            Property 'id' is missing in type 'Promise<{ id: string; }>' but required in type '{ id: string; }'.
.next/dev/types/validator.ts(1125,31): error TS2344: Type 'typeof import("C:/Users/danie/sistema-guor-v2/src/app/api/admin/reservas-stock/[id]/route")' does not satisfy the constraint 'RouteHandlerConfig<"/api/admin/reservas-stock/[id]">'.
  Types of property 'GET' are incompatible.
    Type '(request: NextRequest, { params }: { params: { id: string; }; }) => Promise<NextResponse<{ pedidos: { id: bigint; estado: EstadoPedido | null; created_at: Date | null; updated_at: Date | null; ... 18 more ...; saldo_pendiente: Decimal; } | null; cotizaciones: { ...; } | null; variantes_producto: { ...; }; } & { ...;...' is not assignable to type '(request: NextRequest, context: { params: Promise<{ id: string; }>; }) => void | Response | Promise<void | Response>'.
      Types of parameters '__1' and 'context' are incompatible.
        Type '{ params: Promise<{ id: string; }>; }' is not assignable to type '{ params: { id: string; }; }'.
          Types of property 'params' are incompatible.
            Property 'id' is missing in type 'Promise<{ id: string; }>' but required in type '{ id: string; }'.
.next/dev/types/validator.ts(1188,31): error TS2344: Type 'typeof import("C:/Users/danie/sistema-guor-v2/src/app/api/admin/tarifas-taller/[id]/route")' does not satisfy the constraint 'RouteHandlerConfig<"/api/admin/tarifas-taller/[id]">'.
  Types of property 'GET' are incompatible.
    Type '(request: NextRequest, { params }: { params: { id: string; }; }) => Promise<NextResponse<{ talleres: { id: bigint; nombre: string; direccion: string; telefono: string; email: string | null; estado: EstadoTaller; ... 4 more ...; especialidad: EspecialidadTaller | null; }; } & { ...; }> | NextResponse<...>>' is not assignable to type '(request: NextRequest, context: { params: Promise<{ id: string; }>; }) => void | Response | Promise<void | Response>'.
      Types of parameters '__1' and 'context' are incompatible.
        Type '{ params: Promise<{ id: string; }>; }' is not assignable to type '{ params: { id: string; }; }'.
          Types of property 'params' are incompatible.
            Property 'id' is missing in type 'Promise<{ id: string; }>' but required in type '{ id: string; }'.
.next/types/validator.ts(540,31): error TS2344: Type 'typeof import("C:/Users/danie/sistema-guor-v2/src/app/api/admin/almacenes/[id]/route")' does not satisfy the constraint 'RouteHandlerConfig<"/api/admin/almacenes/[id]">'.
  Types of property 'GET' are incompatible.
    Type '(request: NextRequest, { params }: { params: { id: string; }; }) => Promise<NextResponse<{ error: string; }> | NextResponse<{ id: bigint; nombre: string; direccion: string | null; telefono: string | null; ... 7 more ...; updated_at: Date; }>>' is not assignable to type '(request: NextRequest, context: { params: Promise<{ id: string; }>; }) => void | Response | Promise<void | Response>'.
      Types of parameters '__1' and 'context' are incompatible.
        Type '{ params: Promise<{ id: string; }>; }' is not assignable to type '{ params: { id: string; }; }'.
          Types of property 'params' are incompatible.
            Property 'id' is missing in type 'Promise<{ id: string; }>' but required in type '{ id: string; }'.
.next/types/validator.ts(558,31): error TS2344: Type 'typeof import("C:/Users/danie/sistema-guor-v2/src/app/api/admin/asientos-contables/[id]/route")' does not satisfy the constraint 'RouteHandlerConfig<"/api/admin/asientos-contables/[id]">'.
  Types of property 'GET' are incompatible.
    Type '(request: Request, { params }: { params: { id: string; }; }) => Promise<NextResponse<{ success: boolean; data: any; }> | NextResponse<{ error: any; }>>' is not assignable to type '(request: NextRequest, context: { params: Promise<{ id: string; }>; }) => void | Response | Promise<void | Response>'.
      Types of parameters '__1' and 'context' are incompatible.
        Type '{ params: Promise<{ id: string; }>; }' is not assignable to type '{ params: { id: string; }; }'.
          Types of property 'params' are incompatible.
            Property 'id' is missing in type 'Promise<{ id: string; }>' but required in type '{ id: string; }'.
.next/types/validator.ts(765,31): error TS2344: Type 'typeof import("C:/Users/danie/sistema-guor-v2/src/app/api/admin/feedback-cliente/[id]/route")' does not satisfy the constraint 'RouteHandlerConfig<"/api/admin/feedback-cliente/[id]">'.
  Types of property 'GET' are incompatible.
    Type '(request: NextRequest, { params }: { params: { id: string; }; }) => Promise<NextResponse<{ error: string; }> | NextResponse<{ clientes: { id: bigint; telefono: string | null; email: string | null; ... 8 more ...; nombre_comercial: string | null; }; pedidos: { ...; }; } & { ...; }>>' is not assignable to type '(request: NextRequest, context: { params: Promise<{ id: string; }>; }) => void | Response | Promise<void | Response>'.
      Types of parameters '__1' and 'context' are incompatible.
        Type '{ params: Promise<{ id: string; }>; }' is not assignable to type '{ params: { id: string; }; }'.
          Types of property 'params' are incompatible.
            Property 'id' is missing in type 'Promise<{ id: string; }>' but required in type '{ id: string; }'.
.next/types/validator.ts(837,31): error TS2344: Type 'typeof import("C:/Users/danie/sistema-guor-v2/src/app/api/admin/guias-remision/[id]/route")' does not satisfy the constraint 'RouteHandlerConfig<"/api/admin/guias-remision/[id]">'.
  Types of property 'GET' are incompatible.
    Type '(request: NextRequest, { params }: { params: { id: string; }; }) => Promise<NextResponse<{ pedidos: { id: bigint; estado: EstadoPedido | null; created_at: Date | null; updated_at: Date | null; ... 18 more ...; saldo_pendiente: Decimal; } | null; guias_remision_items: { ...; }[]; } & { ...; }> | NextResponse<...>>' is not assignable to type '(request: NextRequest, context: { params: Promise<{ id: string; }>; }) => void | Response | Promise<void | Response>'.
      Types of parameters '__1' and 'context' are incompatible.
        Type '{ params: Promise<{ id: string; }>; }' is not assignable to type '{ params: { id: string; }; }'.
          Types of property 'params' are incompatible.
            Property 'id' is missing in type 'Promise<{ id: string; }>' but required in type '{ id: string; }'.
.next/types/validator.ts(1017,31): error TS2344: Type 'typeof import("C:/Users/danie/sistema-guor-v2/src/app/api/admin/pagos-taller/[id]/route")' does not satisfy the constraint 'RouteHandlerConfig<"/api/admin/pagos-taller/[id]">'.
  Types of property 'GET' are incompatible.
    Type '(request: NextRequest, { params }: { params: { id: string; }; }) => Promise<NextResponse<{ usuarios: { id: bigint; email: string; estado: EstadoUsuario | null; created_at: Date | null; ... 4 more ...; auth_id: string | null; } | null; confecciones: { ...; } | null; ordenes_produccion: { ...; } | null; talleres: { .....' is not assignable to type '(request: NextRequest, context: { params: Promise<{ id: string; }>; }) => void | Response | Promise<void | Response>'.
      Types of parameters '__1' and 'context' are incompatible.
        Type '{ params: Promise<{ id: string; }>; }' is not assignable to type '{ params: { id: string; }; }'.
          Types of property 'params' are incompatible.
            Property 'id' is missing in type 'Promise<{ id: string; }>' but required in type '{ id: string; }'.
.next/types/validator.ts(1080,31): error TS2344: Type 'typeof import("C:/Users/danie/sistema-guor-v2/src/app/api/admin/precio-historico/[id]/route")' does not satisfy the constraint 'RouteHandlerConfig<"/api/admin/precio-historico/[id]">'.
  Types of property 'GET' are incompatible.
    Type '(request: Request, { params }: { params: { id: string; }; }) => Promise<NextResponse<{ success: boolean; data: any; }> | NextResponse<{ error: any; }>>' is not assignable to type '(request: NextRequest, context: { params: Promise<{ id: string; }>; }) => void | Response | Promise<void | Response>'.
      Types of parameters '__1' and 'context' are incompatible.
        Type '{ params: Promise<{ id: string; }>; }' is not assignable to type '{ params: { id: string; }; }'.
          Types of property 'params' are incompatible.
            Property 'id' is missing in type 'Promise<{ id: string; }>' but required in type '{ id: string; }'.
.next/types/validator.ts(1161,31): error TS2344: Type 'typeof import("C:/Users/danie/sistema-guor-v2/src/app/api/admin/reservas-stock/[id]/route")' does not satisfy the constraint 'RouteHandlerConfig<"/api/admin/reservas-stock/[id]">'.
  Types of property 'GET' are incompatible.
    Type '(request: NextRequest, { params }: { params: { id: string; }; }) => Promise<NextResponse<{ pedidos: { id: bigint; estado: EstadoPedido | null; created_at: Date | null; updated_at: Date | null; ... 18 more ...; saldo_pendiente: Decimal; } | null; cotizaciones: { ...; } | null; variantes_producto: { ...; }; } & { ...;...' is not assignable to type '(request: NextRequest, context: { params: Promise<{ id: string; }>; }) => void | Response | Promise<void | Response>'.
      Types of parameters '__1' and 'context' are incompatible.
        Type '{ params: Promise<{ id: string; }>; }' is not assignable to type '{ params: { id: string; }; }'.
          Types of property 'params' are incompatible.
            Property 'id' is missing in type 'Promise<{ id: string; }>' but required in type '{ id: string; }'.
.next/types/validator.ts(1224,31): error TS2344: Type 'typeof import("C:/Users/danie/sistema-guor-v2/src/app/api/admin/tarifas-taller/[id]/route")' does not satisfy the constraint 'RouteHandlerConfig<"/api/admin/tarifas-taller/[id]">'.
  Types of property 'GET' are incompatible.
    Type '(request: NextRequest, { params }: { params: { id: string; }; }) => Promise<NextResponse<{ talleres: { id: bigint; nombre: string; direccion: string; telefono: string; email: string | null; estado: EstadoTaller; ... 4 more ...; especialidad: EspecialidadTaller | null; }; } & { ...; }> | NextResponse<...>>' is not assignable to type '(request: NextRequest, context: { params: Promise<{ id: string; }>; }) => void | Response | Promise<void | Response>'.
      Types of parameters '__1' and 'context' are incompatible.
        Type '{ params: Promise<{ id: string; }>; }' is not assignable to type '{ params: { id: string; }; }'.
          Types of property 'params' are incompatible.
            Property 'id' is missing in type 'Promise<{ id: string; }>' but required in type '{ id: string; }'.
src/app/admin/Panel-Administrativo/confecciones/page.tsx(72,66): error TS2367: This comparison appears to be unintentional because the types '"pendiente" | "completada" | "cancelada" | "en_proceso" | "rechazada"' and '"completado"' have no overlap.
src/app/admin/Panel-Administrativo/confecciones/page.tsx(73,37): error TS2367: This comparison appears to be unintentional because the types '"pendiente" | "completada" | "cancelada" | "en_proceso" | "rechazada"' and '"completado"' have no overlap.
src/app/admin/Panel-Administrativo/confecciones/page.tsx(82,97): error TS2367: This comparison appears to be unintentional because the types '"pendiente" | "completada" | "cancelada" | "en_proceso" | "rechazada"' and '"completado"' have no overlap.
src/app/admin/Panel-Administrativo/confecciones/page.tsx(83,69): error TS2367: This comparison appears to be unintentional because the types '"pendiente" | "completada" | "cancelada" | "en_proceso" | "rechazada"' and '"completado"' have no overlap.
src/app/admin/Panel-Administrativo/notificaciones/page.tsx(26,13): error TS2322: Type '{ id: string; usuario_id: number; tipo: any; titulo: any; mensaje: any; leido: any; leido_at: any; referencia_tipo: any; referencia_id: number | null; url_destino: any; created_at: any; }[]' is not assignable to type '{ id: number; usuario_id: number; tipo: "stock_bajo" | "pedido_vencido" | "pago_pendiente" | "cotizacion_expirada" | "orden_produccion" | "confeccion_completada" | "devolucion_solicitada" | "sistema"; ... 7 more ...; url_destino?: string | ... 1 more ... | undefined; }[]'.
  Type '{ id: string; usuario_id: number; tipo: any; titulo: any; mensaje: any; leido: any; leido_at: any; referencia_tipo: any; referencia_id: number | null; url_destino: any; created_at: any; }' is not assignable to type '{ id: number; usuario_id: number; tipo: "stock_bajo" | "pedido_vencido" | "pago_pendiente" | "cotizacion_expirada" | "orden_produccion" | "confeccion_completada" | "devolucion_solicitada" | "sistema"; ... 7 more ...; url_destino?: string | ... 1 more ... | undefined; }'.
    Types of property 'id' are incompatible.
      Type 'string' is not assignable to type 'number'.
src/app/admin/Panel-Administrativo/pedidos/[id]/page.tsx(31,94): error TS2561: Object literal may only specify known properties, but 'fichas_tecnicas_id' does not exist in type 'productosSelect<DefaultArgs>'. Did you mean to write 'fichas_tecnicas'?
src/app/admin/Panel-Administrativo/productos/[id]/page.tsx(21,9): error TS2561: Object literal may only specify known properties, but 'ficha_tecnica' does not exist in type 'productosInclude<DefaultArgs>'. Did you mean to write 'fichas_tecnicas'?
src/app/api/admin/almacenes/[id]/route.ts(3,37): error TS2307: Cannot find module '@/lib/schemas/almacen' or its corresponding type declarations.
src/app/api/admin/almacenes/route.ts(3,31): error TS2307: Cannot find module '@/lib/schemas/almacen' or its corresponding type declarations.
src/app/api/admin/asientos-contables/[id]/route.ts(5,42): error TS2307: Cannot find module '@/lib/services/asientos-contables-services' or its corresponding type declarations.
src/app/api/admin/asientos-contables/route.ts(5,42): error TS2307: Cannot find module '@/lib/services/asientos-contables-services' or its corresponding type declarations.
src/app/api/admin/auditoria/route.ts(4,38): error TS2307: Cannot find module '@/lib/schemas/auditoria' or its corresponding type declarations.
src/app/api/admin/charts/route.ts(84,19): error TS2353: Object literal may only specify known properties, and 'id' does not exist in type 'PagosCountAggregateInputType'.
src/app/api/admin/charts/route.ts(186,27): error TS18048: 'p._sum' is possibly 'undefined'.
src/app/api/admin/charts/route.ts(187,14): error TS18048: 'p._count' is possibly 'undefined'.
src/app/api/admin/charts/route.ts(187,23): error TS2339: Property 'id' does not exist on type 'true | { id_uuid?: number | undefined; pedido_id?: number | undefined; monto?: number | undefined; metodo_pago?: number | undefined; fecha_pago?: number | undefined; comprobante_url?: number | undefined; ... 8 more ...; _all?: number | undefined; }'.
  Property 'id' does not exist on type 'true'.
src/app/api/admin/despachos/route.ts(29,9): error TS2353: Object literal may only specify known properties, and 'usuarios' does not exist in type 'despachosInclude<DefaultArgs>'.
src/app/api/admin/despachos/route.ts(42,25): error TS2339: Property 'pedidos' does not exist on type '{ id: bigint; estado: EstadoDespacho; created_at: Date; updated_at: Date; pedido_id: bigint; fecha_entrega: Date | null; fecha_despacho: Date; direccion_entrega: string; }'.
src/app/api/admin/despachos/route.ts(44,25): error TS2339: Property 'usuarios' does not exist on type '{ id: bigint; estado: EstadoDespacho; created_at: Date; updated_at: Date; pedido_id: bigint; fecha_entrega: Date | null; fecha_despacho: Date; direccion_entrega: string; }'.
src/app/api/admin/despachos/route.ts(92,9): error TS2353: Object literal may only specify known properties, and 'usuario_id' does not exist in type 'Without<despachosCreateInput, despachosUncheckedCreateInput> & despachosUncheckedCreateInput'.
src/app/api/admin/despachos/route.ts(99,9): error TS2353: Object literal may only specify known properties, and 'usuarios' does not exist in type 'despachosInclude<DefaultArgs>'.
src/app/api/admin/despachos/route.ts(157,11): error TS2353: Object literal may only specify known properties, and 'usuarios' does not exist in type 'despachosInclude<DefaultArgs>'.
src/app/api/admin/feedback-cliente/route.ts(32,30): error TS2551: Property 'comentario' does not exist on type '{ cliente_id: number; pedido_id: number; puntuacion: number; comentarios?: string | undefined; calidad_producto?: number | undefined; tiempo_entrega?: number | undefined; atencion_personal?: number | undefined; recomendaria?: boolean | undefined; }'. Did you mean 'comentarios'?
src/app/api/admin/guias-remision/[id]/route.ts(43,19): error TS2339: Property 'items' does not exist on type '{ id: number; numero: string; tipo: "envio_taller" | "retorno_taller" | "despacho_cliente" | "devolucion_cliente" | "traslado_almacen"; estado: "borrador" | "emitida" | "en_transito" | "entregada" | "anulada"; ... 19 more ...; emitido_por?: number | ... 1 more ... | undefined; }'.
src/app/api/admin/guias-remision/[id]/route.ts(46,25): error TS2339: Property 'items' does not exist on type '{ id: number; numero: string; tipo: "envio_taller" | "retorno_taller" | "despacho_cliente" | "devolucion_cliente" | "traslado_almacen"; estado: "borrador" | "emitida" | "en_transito" | "entregada" | "anulada"; ... 19 more ...; emitido_por?: number | ... 1 more ... | undefined; }'.
src/app/api/admin/guias-remision/route.ts(51,29): error TS2339: Property 'items' does not exist on type '{ id: number; numero: string; tipo: "envio_taller" | "retorno_taller" | "despacho_cliente" | "devolucion_cliente" | "traslado_almacen"; estado: "borrador" | "emitida" | "en_transito" | "entregada" | "anulada"; ... 19 more ...; emitido_por?: number | ... 1 more ... | undefined; }'.
src/app/api/admin/pedidos/seguimientos/route.ts(21,60): error TS2339: Property 'seguimiento_pedido' does not exist on type '{ id: bigint; estado: EstadoPedido | null; created_at: Date | null; updated_at: Date | null; igv: Decimal; created_by: bigint | null; cliente_id: bigint | null; ... 15 more ...; saldo_pendiente: Decimal; }'.
src/app/api/admin/precio-historico/[id]/route.ts(5,40): error TS2307: Cannot find module '@/lib/services/precio-historico-services' or its corresponding type declarations.
src/app/api/admin/precio-historico/route.ts(5,40): error TS2307: Cannot find module '@/lib/services/precio-historico-services' or its corresponding type declarations.
src/app/api/admin/productos/[id]/route.ts(22,9): error TS2561: Object literal may only specify known properties, but 'ficha_tecnica' does not exist in type 'productosInclude<DefaultArgs>'. Did you mean to write 'fichas_tecnicas'?
src/app/api/admin/reportes/route.ts(109,20): error TS2353: Object literal may only specify known properties, and 'id' does not exist in type 'PagosCountAggregateInputType'.
src/app/api/admin/reportes/route.ts(209,35): error TS2339: Property 'id' does not exist on type 'true | { id_uuid?: number | undefined; pedido_id?: number | undefined; monto?: number | undefined; metodo_pago?: number | undefined; fecha_pago?: number | undefined; comprobante_url?: number | undefined; ... 8 more ...; _all?: number | undefined; }'.
  Property 'id' does not exist on type 'true'.
src/app/api/admin/stats/route.ts(73,9): error TS2353: Object literal may only specify known properties, and 'cotizaciones' does not exist in type 'pedidosInclude<DefaultArgs>'.
src/app/api/admin/stats/route.ts(83,29): error TS2339: Property 'cotizaciones' does not exist on type '{ id: bigint; estado: EstadoPedido | null; created_at: Date | null; updated_at: Date | null; igv: Decimal; created_by: bigint | null; cliente_id: bigint | null; ... 15 more ...; saldo_pendiente: Decimal; }'.
src/app/api/admin/tarifas-taller/[id]/route.ts(32,23): error TS2551: Property 'taller_id' does not exist on type '{ id: string; tallerId: string; nombreServicio: string; tipoServicio: "OTRO" | "CONFECCION" | "DISE├æO" | "ACABADO" | "ESTAMPADO" | "BORDADO"; precioUnitario: number; unidadMedida: "PIEZA" | "METRO" | "HORA" | "DOCENA"; ... 9 more ...; observaciones?: string | undefined; }'. Did you mean 'tallerId'?
src/app/api/admin/tarifas-taller/[id]/route.ts(32,65): error TS2551: Property 'taller_id' does not exist on type '{ id: string; tallerId: string; nombreServicio: string; tipoServicio: "OTRO" | "CONFECCION" | "DISE├æO" | "ACABADO" | "ESTAMPADO" | "BORDADO"; precioUnitario: number; unidadMedida: "PIEZA" | "METRO" | "HORA" | "DOCENA"; ... 9 more ...; observaciones?: string | undefined; }'. Did you mean 'tallerId'?
src/app/api/admin/tarifas-taller/[id]/route.ts(33,23): error TS2339: Property 'especialidad' does not exist on type '{ id: string; tallerId: string; nombreServicio: string; tipoServicio: "OTRO" | "CONFECCION" | "DISE├æO" | "ACABADO" | "ESTAMPADO" | "BORDADO"; precioUnitario: number; unidadMedida: "PIEZA" | "METRO" | "HORA" | "DOCENA"; ... 9 more ...; observaciones?: string | undefined; }'.
src/app/api/admin/tarifas-taller/[id]/route.ts(33,64): error TS2339: Property 'especialidad' does not exist on type '{ id: string; tallerId: string; nombreServicio: string; tipoServicio: "OTRO" | "CONFECCION" | "DISE├æO" | "ACABADO" | "ESTAMPADO" | "BORDADO"; precioUnitario: number; unidadMedida: "PIEZA" | "METRO" | "HORA" | "DOCENA"; ... 9 more ...; observaciones?: string | undefined; }'.
src/app/api/admin/tarifas-taller/[id]/route.ts(34,23): error TS2551: Property 'precio_unitario' does not exist on type '{ id: string; tallerId: string; nombreServicio: string; tipoServicio: "OTRO" | "CONFECCION" | "DISE├æO" | "ACABADO" | "ESTAMPADO" | "BORDADO"; precioUnitario: number; unidadMedida: "PIEZA" | "METRO" | "HORA" | "DOCENA"; ... 9 more ...; observaciones?: string | undefined; }'. Did you mean 'precioUnitario'?
src/app/api/admin/tarifas-taller/[id]/route.ts(34,84): error TS2551: Property 'precio_unitario' does not exist on type '{ id: string; tallerId: string; nombreServicio: string; tipoServicio: "OTRO" | "CONFECCION" | "DISE├æO" | "ACABADO" | "ESTAMPADO" | "BORDADO"; precioUnitario: number; unidadMedida: "PIEZA" | "METRO" | "HORA" | "DOCENA"; ... 9 more ...; observaciones?: string | undefined; }'. Did you mean 'precioUnitario'?
src/app/api/admin/tarifas-taller/[id]/route.ts(36,23): error TS2339: Property 'vigente_desde' does not exist on type '{ id: string; tallerId: string; nombreServicio: string; tipoServicio: "OTRO" | "CONFECCION" | "DISE├æO" | "ACABADO" | "ESTAMPADO" | "BORDADO"; precioUnitario: number; unidadMedida: "PIEZA" | "METRO" | "HORA" | "DOCENA"; ... 9 more ...; observaciones?: string | undefined; }'.
src/app/api/admin/tarifas-taller/[id]/route.ts(36,75): error TS2339: Property 'vigente_desde' does not exist on type '{ id: string; tallerId: string; nombreServicio: string; tipoServicio: "OTRO" | "CONFECCION" | "DISE├æO" | "ACABADO" | "ESTAMPADO" | "BORDADO"; precioUnitario: number; unidadMedida: "PIEZA" | "METRO" | "HORA" | "DOCENA"; ... 9 more ...; observaciones?: string | undefined; }'.
src/app/api/admin/tarifas-taller/[id]/route.ts(37,23): error TS2339: Property 'vigente_hasta' does not exist on type '{ id: string; tallerId: string; nombreServicio: string; tipoServicio: "OTRO" | "CONFECCION" | "DISE├æO" | "ACABADO" | "ESTAMPADO" | "BORDADO"; precioUnitario: number; unidadMedida: "PIEZA" | "METRO" | "HORA" | "DOCENA"; ... 9 more ...; observaciones?: string | undefined; }'.
src/app/api/admin/tarifas-taller/[id]/route.ts(37,75): error TS2339: Property 'vigente_hasta' does not exist on type '{ id: string; tallerId: string; nombreServicio: string; tipoServicio: "OTRO" | "CONFECCION" | "DISE├æO" | "ACABADO" | "ESTAMPADO" | "BORDADO"; precioUnitario: number; unidadMedida: "PIEZA" | "METRO" | "HORA" | "DOCENA"; ... 9 more ...; observaciones?: string | undefined; }'.
src/app/api/admin/tarifas-taller/[id]/route.ts(39,26): error TS2339: Property 'notas' does not exist on type '{ id: string; tallerId: string; nombreServicio: string; tipoServicio: "OTRO" | "CONFECCION" | "DISE├æO" | "ACABADO" | "ESTAMPADO" | "BORDADO"; precioUnitario: number; unidadMedida: "PIEZA" | "METRO" | "HORA" | "DOCENA"; ... 9 more ...; observaciones?: string | undefined; }'.
src/app/api/admin/tarifas-taller/route.ts(28,37): error TS2551: Property 'taller_id' does not exist on type '{ id: string; tallerId: string; nombreServicio: string; tipoServicio: "OTRO" | "CONFECCION" | "DISE├æO" | "ACABADO" | "ESTAMPADO" | "BORDADO"; precioUnitario: number; unidadMedida: "PIEZA" | "METRO" | "HORA" | "DOCENA"; ... 9 more ...; observaciones?: string | undefined; }'. Did you mean 'tallerId'?
src/app/api/admin/tarifas-taller/route.ts(29,33): error TS2339: Property 'especialidad' does not exist on type '{ id: string; tallerId: string; nombreServicio: string; tipoServicio: "OTRO" | "CONFECCION" | "DISE├æO" | "ACABADO" | "ESTAMPADO" | "BORDADO"; precioUnitario: number; unidadMedida: "PIEZA" | "METRO" | "HORA" | "DOCENA"; ... 9 more ...; observaciones?: string | undefined; }'.
src/app/api/admin/tarifas-taller/route.ts(30,36): error TS2551: Property 'precio_unitario' does not exist on type '{ id: string; tallerId: string; nombreServicio: string; tipoServicio: "OTRO" | "CONFECCION" | "DISE├æO" | "ACABADO" | "ESTAMPADO" | "BORDADO"; precioUnitario: number; unidadMedida: "PIEZA" | "METRO" | "HORA" | "DOCENA"; ... 9 more ...; observaciones?: string | undefined; }'. Did you mean 'precioUnitario'?
src/app/api/admin/tarifas-taller/route.ts(32,43): error TS2339: Property 'vigente_desde' does not exist on type '{ id: string; tallerId: string; nombreServicio: string; tipoServicio: "OTRO" | "CONFECCION" | "DISE├æO" | "ACABADO" | "ESTAMPADO" | "BORDADO"; precioUnitario: number; unidadMedida: "PIEZA" | "METRO" | "HORA" | "DOCENA"; ... 9 more ...; observaciones?: string | undefined; }'.
src/app/api/admin/tarifas-taller/route.ts(33,34): error TS2339: Property 'vigente_hasta' does not exist on type '{ id: string; tallerId: string; nombreServicio: string; tipoServicio: "OTRO" | "CONFECCION" | "DISE├æO" | "ACABADO" | "ESTAMPADO" | "BORDADO"; precioUnitario: number; unidadMedida: "PIEZA" | "METRO" | "HORA" | "DOCENA"; ... 9 more ...; observaciones?: string | undefined; }'.
src/app/api/admin/tarifas-taller/route.ts(33,69): error TS2339: Property 'vigente_hasta' does not exist on type '{ id: string; tallerId: string; nombreServicio: string; tipoServicio: "OTRO" | "CONFECCION" | "DISE├æO" | "ACABADO" | "ESTAMPADO" | "BORDADO"; precioUnitario: number; unidadMedida: "PIEZA" | "METRO" | "HORA" | "DOCENA"; ... 9 more ...; observaciones?: string | undefined; }'.
src/app/api/admin/tarifas-taller/route.ts(35,26): error TS2339: Property 'notas' does not exist on type '{ id: string; tallerId: string; nombreServicio: string; tipoServicio: "OTRO" | "CONFECCION" | "DISE├æO" | "ACABADO" | "ESTAMPADO" | "BORDADO"; precioUnitario: number; unidadMedida: "PIEZA" | "METRO" | "HORA" | "DOCENA"; ... 9 more ...; observaciones?: string | undefined; }'.
src/components/admin/almacenes/AlmacenDialog.tsx(10,45): error TS2307: Cannot find module '@/lib/schemas/almacen' or its corresponding type declarations.
src/components/admin/confecciones/ConfeccionesRow.tsx(193,42): error TS2345: Argument of type '"cancelado"' is not assignable to parameter of type '"pendiente" | "completada" | "cancelada" | "en_proceso" | "rechazada"'.
src/lib/constants/estados.ts(119,53): error TS2448: Block-scoped variable 'ESTADOS_CONFECCION' used before its declaration.
src/lib/constants/estados.ts(119,53): error TS2454: Variable 'ESTADOS_CONFECCION' is used before being assigned.
src/lib/helpers/almacenesHelpers.ts(5,14): error TS2339: Property 'capacidadUsada' does not exist on type '{ id: number; nombre: string; unidad_capacidad: string; estado: string; created_at: Date; updated_at: Date; direccion?: string | null | undefined; telefono?: string | null | undefined; email?: string | ... 1 more ... | undefined; descripcion?: string | ... 1 more ... | undefined; responsable_id?: number | ... 1 more...'.
src/lib/helpers/almacenesHelpers.ts(5,39): error TS2339: Property 'capacidadMaxima' does not exist on type '{ id: number; nombre: string; unidad_capacidad: string; estado: string; created_at: Date; updated_at: Date; direccion?: string | null | undefined; telefono?: string | null | undefined; email?: string | ... 1 more ... | undefined; descripcion?: string | ... 1 more ... | undefined; responsable_id?: number | ... 1 more...'.
src/lib/helpers/almacenesHelpers.ts(8,13): error TS2339: Property 'capacidadMaxima' does not exist on type '{ id: number; nombre: string; unidad_capacidad: string; estado: string; created_at: Date; updated_at: Date; direccion?: string | null | undefined; telefono?: string | null | undefined; email?: string | ... 1 more ... | undefined; descripcion?: string | ... 1 more ... | undefined; responsable_id?: number | ... 1 more...'.
src/lib/helpers/almacenesHelpers.ts(8,39): error TS2339: Property 'capacidadUsada' does not exist on type '{ id: number; nombre: string; unidad_capacidad: string; estado: string; created_at: Date; updated_at: Date; direccion?: string | null | undefined; telefono?: string | null | undefined; email?: string | ... 1 more ... | undefined; descripcion?: string | ... 1 more ... | undefined; responsable_id?: number | ... 1 more...'.
src/lib/helpers/almacenesHelpers.ts(11,33): error TS2339: Property 'capacidadUsada' does not exist on type '{ id: number; nombre: string; unidad_capacidad: string; estado: string; created_at: Date; updated_at: Date; direccion?: string | null | undefined; telefono?: string | null | undefined; email?: string | ... 1 more ... | undefined; descripcion?: string | ... 1 more ... | undefined; responsable_id?: number | ... 1 more...'.
src/lib/helpers/almacenesHelpers.ts(11,58): error TS2339: Property 'capacidadMaxima' does not exist on type '{ id: number; nombre: string; unidad_capacidad: string; estado: string; created_at: Date; updated_at: Date; direccion?: string | null | undefined; telefono?: string | null | undefined; email?: string | ... 1 more ... | undefined; descripcion?: string | ... 1 more ... | undefined; responsable_id?: number | ... 1 more...'.
src/lib/helpers/almacenesHelpers.ts(16,13): error TS2339: Property 'capacidadUsada' does not exist on type '{ id: number; nombre: string; unidad_capacidad: string; estado: string; created_at: Date; updated_at: Date; direccion?: string | null | undefined; telefono?: string | null | undefined; email?: string | ... 1 more ... | undefined; descripcion?: string | ... 1 more ... | undefined; responsable_id?: number | ... 1 more...'.
src/lib/helpers/almacenesHelpers.ts(16,39): error TS2339: Property 'capacidadMaxima' does not exist on type '{ id: number; nombre: string; unidad_capacidad: string; estado: string; created_at: Date; updated_at: Date; direccion?: string | null | undefined; telefono?: string | null | undefined; email?: string | ... 1 more ... | undefined; descripcion?: string | ... 1 more ... | undefined; responsable_id?: number | ... 1 more...'.
src/lib/helpers/almacenesHelpers.ts(19,33): error TS2339: Property 'capacidadUsada' does not exist on type '{ id: number; nombre: string; unidad_capacidad: string; estado: string; created_at: Date; updated_at: Date; direccion?: string | null | undefined; telefono?: string | null | undefined; email?: string | ... 1 more ... | undefined; descripcion?: string | ... 1 more ... | undefined; responsable_id?: number | ... 1 more...'.
src/lib/helpers/almacenesHelpers.ts(19,58): error TS2339: Property 'capacidadMaxima' does not exist on type '{ id: number; nombre: string; unidad_capacidad: string; estado: string; created_at: Date; updated_at: Date; direccion?: string | null | undefined; telefono?: string | null | undefined; email?: string | ... 1 more ... | undefined; descripcion?: string | ... 1 more ... | undefined; responsable_id?: number | ... 1 more...'.
src/lib/helpers/almacenesHelpers.ts(29,21): error TS2339: Property 'tipoAlmacen' does not exist on type '{ id: number; nombre: string; unidad_capacidad: string; estado: string; created_at: Date; updated_at: Date; direccion?: string | null | undefined; telefono?: string | null | undefined; email?: string | ... 1 more ... | undefined; descripcion?: string | ... 1 more ... | undefined; responsable_id?: number | ... 1 more...'.
src/lib/helpers/almacenesHelpers.ts(29,44): error TS2339: Property 'tipoAlmacen' does not exist on type '{ id: number; nombre: string; unidad_capacidad: string; estado: string; created_at: Date; updated_at: Date; direccion?: string | null | undefined; telefono?: string | null | undefined; email?: string | ... 1 more ... | undefined; descripcion?: string | ... 1 more ... | undefined; responsable_id?: number | ... 1 more...'.
src/lib/helpers/almacenesHelpers.ts(30,16): error TS2339: Property 'tipoAlmacen' does not exist on type '{ id: number; nombre: string; unidad_capacidad: string; estado: string; created_at: Date; updated_at: Date; direccion?: string | null | undefined; telefono?: string | null | undefined; email?: string | ... 1 more ... | undefined; descripcion?: string | ... 1 more ... | undefined; responsable_id?: number | ... 1 more...'.
src/lib/helpers/almacenesHelpers.ts(36,21): error TS2339: Property 'ciudad' does not exist on type '{ id: number; nombre: string; unidad_capacidad: string; estado: string; created_at: Date; updated_at: Date; direccion?: string | null | undefined; telefono?: string | null | undefined; email?: string | ... 1 more ... | undefined; descripcion?: string | ... 1 more ... | undefined; responsable_id?: number | ... 1 more...'.
src/lib/helpers/almacenesHelpers.ts(36,39): error TS2339: Property 'ciudad' does not exist on type '{ id: number; nombre: string; unidad_capacidad: string; estado: string; created_at: Date; updated_at: Date; direccion?: string | null | undefined; telefono?: string | null | undefined; email?: string | ... 1 more ... | undefined; descripcion?: string | ... 1 more ... | undefined; responsable_id?: number | ... 1 more...'.
src/lib/helpers/almacenesHelpers.ts(37,16): error TS2339: Property 'ciudad' does not exist on type '{ id: number; nombre: string; unidad_capacidad: string; estado: string; created_at: Date; updated_at: Date; direccion?: string | null | undefined; telefono?: string | null | undefined; email?: string | ... 1 more ... | undefined; descripcion?: string | ... 1 more ... | undefined; responsable_id?: number | ... 1 more...'.
src/lib/helpers/almacenesHelpers.ts(41,69): error TS2339: Property 'activo' does not exist on type '{ id: number; nombre: string; unidad_capacidad: string; estado: string; created_at: Date; updated_at: Date; direccion?: string | null | undefined; telefono?: string | null | undefined; email?: string | ... 1 more ... | undefined; descripcion?: string | ... 1 more ... | undefined; responsable_id?: number | ... 1 more...'.
src/lib/helpers/comprobantesHelpers.ts(5,17): error TS2339: Property 'estado' does not exist on type '{ id: number; tipo: "factura" | "boleta" | "nota_credito" | "nota_debito"; serie: string; correlativo: string; subtotal: number; igv: number; total: number; moneda: string; ruc_emisor: string; ... 12 more ...; respuesta_sunat?: string | ... 1 more ... | undefined; }'.
src/lib/helpers/comprobantesHelpers.ts(8,17): error TS2339: Property 'estado' does not exist on type '{ id: number; tipo: "factura" | "boleta" | "nota_credito" | "nota_debito"; serie: string; correlativo: string; subtotal: number; igv: number; total: number; moneda: string; ruc_emisor: string; ... 12 more ...; respuesta_sunat?: string | ... 1 more ... | undefined; }'.
src/lib/helpers/comprobantesHelpers.ts(8,66): error TS2339: Property 'fechaVencimiento' does not exist on type '{ id: number; tipo: "factura" | "boleta" | "nota_credito" | "nota_debito"; serie: string; correlativo: string; subtotal: number; igv: number; total: number; moneda: string; ruc_emisor: string; ... 12 more ...; respuesta_sunat?: string | ... 1 more ... | undefined; }'.
src/lib/helpers/comprobantesHelpers.ts(11,17): error TS2339: Property 'estado' does not exist on type '{ id: number; tipo: "factura" | "boleta" | "nota_credito" | "nota_debito"; serie: string; correlativo: string; subtotal: number; igv: number; total: number; moneda: string; ruc_emisor: string; ... 12 more ...; respuesta_sunat?: string | ... 1 more ... | undefined; }'.
src/lib/helpers/comprobantesHelpers.ts(11,53): error TS2339: Property 'estado' does not exist on type '{ id: number; tipo: "factura" | "boleta" | "nota_credito" | "nota_debito"; serie: string; correlativo: string; subtotal: number; igv: number; total: number; moneda: string; ruc_emisor: string; ... 12 more ...; respuesta_sunat?: string | ... 1 more ... | undefined; }'.
src/lib/helpers/comprobantesHelpers.ts(14,17): error TS2339: Property 'estado' does not exist on type '{ id: number; tipo: "factura" | "boleta" | "nota_credito" | "nota_debito"; serie: string; correlativo: string; subtotal: number; igv: number; total: number; moneda: string; ruc_emisor: string; ... 12 more ...; respuesta_sunat?: string | ... 1 more ... | undefined; }'.
src/lib/helpers/comprobantesHelpers.ts(17,5): error TS2367: This comparison appears to be unintentional because the types '"factura" | "boleta" | "nota_credito" | "nota_debito"' and '"FACTURA"' have no overlap.
src/lib/helpers/comprobantesHelpers.ts(20,5): error TS2367: This comparison appears to be unintentional because the types '"factura" | "boleta" | "nota_credito" | "nota_debito"' and '"BOLETA"' have no overlap.
src/lib/helpers/comprobantesHelpers.ts(23,19): error TS2339: Property 'sunatRespuesta' does not exist on type '{ id: number; tipo: "factura" | "boleta" | "nota_credito" | "nota_debito"; serie: string; correlativo: string; subtotal: number; igv: number; total: number; moneda: string; ruc_emisor: string; ... 12 more ...; respuesta_sunat?: string | ... 1 more ... | undefined; }'.
src/lib/helpers/comprobantesHelpers.ts(23,51): error TS2551: Property 'cdrUrl' does not exist on type '{ id: number; tipo: "factura" | "boleta" | "nota_credito" | "nota_debito"; serie: string; correlativo: string; subtotal: number; igv: number; total: number; moneda: string; ruc_emisor: string; ... 12 more ...; respuesta_sunat?: string | ... 1 more ... | undefined; }'. Did you mean 'cdr_url'?
src/lib/helpers/comprobantesHelpers.ts(34,21): error TS2339: Property 'estado' does not exist on type '{ id: number; tipo: "factura" | "boleta" | "nota_credito" | "nota_debito"; serie: string; correlativo: string; subtotal: number; igv: number; total: number; moneda: string; ruc_emisor: string; ... 12 more ...; respuesta_sunat?: string | ... 1 more ... | undefined; }'.
src/lib/helpers/comprobantesHelpers.ts(34,39): error TS2339: Property 'estado' does not exist on type '{ id: number; tipo: "factura" | "boleta" | "nota_credito" | "nota_debito"; serie: string; correlativo: string; subtotal: number; igv: number; total: number; moneda: string; ruc_emisor: string; ... 12 more ...; respuesta_sunat?: string | ... 1 more ... | undefined; }'.
src/lib/helpers/comprobantesHelpers.ts(35,16): error TS2339: Property 'estado' does not exist on type '{ id: number; tipo: "factura" | "boleta" | "nota_credito" | "nota_debito"; serie: string; correlativo: string; subtotal: number; igv: number; total: number; moneda: string; ruc_emisor: string; ... 12 more ...; respuesta_sunat?: string | ... 1 more ... | undefined; }'.
src/lib/helpers/comprobantesHelpers.ts(42,35): error TS2339: Property 'montoTotal' does not exist on type '{ id: number; tipo: "factura" | "boleta" | "nota_credito" | "nota_debito"; serie: string; correlativo: string; subtotal: number; igv: number; total: number; moneda: string; ruc_emisor: string; ... 12 more ...; respuesta_sunat?: string | ... 1 more ... | undefined; }'.
src/lib/helpers/comprobantesHelpers.ts(46,37): error TS2339: Property 'fechaVencimiento' does not exist on type '{ id: number; tipo: "factura" | "boleta" | "nota_credito" | "nota_debito"; serie: string; correlativo: string; subtotal: number; igv: number; total: number; moneda: string; ruc_emisor: string; ... 12 more ...; respuesta_sunat?: string | ... 1 more ... | undefined; }'.
src/lib/helpers/comprobantesHelpers.ts(57,45): error TS2339: Property 'montoTotal' does not exist on type '{ id: number; tipo: "factura" | "boleta" | "nota_credito" | "nota_debito"; serie: string; correlativo: string; subtotal: number; igv: number; total: number; moneda: string; ruc_emisor: string; ... 12 more ...; respuesta_sunat?: string | ... 1 more ... | undefined; }'.
src/lib/helpers/guiasRemisionHelpers.ts(5,10): error TS2339: Property 'estatus' does not exist on type '{ id: number; numero: string; tipo: "envio_taller" | "retorno_taller" | "despacho_cliente" | "devolucion_cliente" | "traslado_almacen"; estado: "borrador" | "emitida" | "en_transito" | "entregada" | "anulada"; ... 19 more ...; emitido_por?: number | ... 1 more ... | undefined; }'.
src/lib/helpers/guiasRemisionHelpers.ts(8,10): error TS2339: Property 'estatus' does not exist on type '{ id: number; numero: string; tipo: "envio_taller" | "retorno_taller" | "despacho_cliente" | "devolucion_cliente" | "traslado_almacen"; estado: "borrador" | "emitida" | "en_transito" | "entregada" | "anulada"; ... 19 more ...; emitido_por?: number | ... 1 more ... | undefined; }'.
src/lib/helpers/guiasRemisionHelpers.ts(11,10): error TS2339: Property 'estatus' does not exist on type '{ id: number; numero: string; tipo: "envio_taller" | "retorno_taller" | "despacho_cliente" | "devolucion_cliente" | "traslado_almacen"; estado: "borrador" | "emitida" | "en_transito" | "entregada" | "anulada"; ... 19 more ...; emitido_por?: number | ... 1 more ... | undefined; }'.
src/lib/helpers/guiasRemisionHelpers.ts(14,10): error TS2339: Property 'estatus' does not exist on type '{ id: number; numero: string; tipo: "envio_taller" | "retorno_taller" | "despacho_cliente" | "devolucion_cliente" | "traslado_almacen"; estado: "borrador" | "emitida" | "en_transito" | "entregada" | "anulada"; ... 19 more ...; emitido_por?: number | ... 1 more ... | undefined; }'.
src/lib/helpers/guiasRemisionHelpers.ts(14,42): error TS2339: Property 'estatus' does not exist on type '{ id: number; numero: string; tipo: "envio_taller" | "retorno_taller" | "despacho_cliente" | "devolucion_cliente" | "traslado_almacen"; estado: "borrador" | "emitida" | "en_transito" | "entregada" | "anulada"; ... 19 more ...; emitido_por?: number | ... 1 more ... | undefined; }'.
src/lib/helpers/guiasRemisionHelpers.ts(18,21): error TS2339: Property 'estatus' does not exist on type '{ id: number; numero: string; tipo: "envio_taller" | "retorno_taller" | "despacho_cliente" | "devolucion_cliente" | "traslado_almacen"; estado: "borrador" | "emitida" | "en_transito" | "entregada" | "anulada"; ... 19 more ...; emitido_por?: number | ... 1 more ... | undefined; }'.
src/lib/helpers/guiasRemisionHelpers.ts(18,40): error TS2339: Property 'estatus' does not exist on type '{ id: number; numero: string; tipo: "envio_taller" | "retorno_taller" | "despacho_cliente" | "devolucion_cliente" | "traslado_almacen"; estado: "borrador" | "emitida" | "en_transito" | "entregada" | "anulada"; ... 19 more ...; emitido_por?: number | ... 1 more ... | undefined; }'.
src/lib/helpers/guiasRemisionHelpers.ts(19,16): error TS2339: Property 'estatus' does not exist on type '{ id: number; numero: string; tipo: "envio_taller" | "retorno_taller" | "despacho_cliente" | "devolucion_cliente" | "traslado_almacen"; estado: "borrador" | "emitida" | "en_transito" | "entregada" | "anulada"; ... 19 more ...; emitido_por?: number | ... 1 more ... | undefined; }'.
src/lib/helpers/guiasRemisionHelpers.ts(30,38): error TS2339: Property 'pesoTotal' does not exist on type '{ id: number; numero: string; tipo: "envio_taller" | "retorno_taller" | "despacho_cliente" | "devolucion_cliente" | "traslado_almacen"; estado: "borrador" | "emitida" | "en_transito" | "entregada" | "anulada"; ... 19 more ...; emitido_por?: number | ... 1 more ... | undefined; }'.
src/lib/helpers/guiasRemisionHelpers.ts(33,39): error TS2339: Property 'volumen' does not exist on type '{ id: number; numero: string; tipo: "envio_taller" | "retorno_taller" | "despacho_cliente" | "devolucion_cliente" | "traslado_almacen"; estado: "borrador" | "emitida" | "en_transito" | "entregada" | "anulada"; ... 19 more ...; emitido_por?: number | ... 1 more ... | undefined; }'.
src/lib/helpers/guiasRemisionHelpers.ts(36,15): error TS2339: Property 'volumen' does not exist on type '{ id: number; numero: string; tipo: "envio_taller" | "retorno_taller" | "despacho_cliente" | "devolucion_cliente" | "traslado_almacen"; estado: "borrador" | "emitida" | "en_transito" | "entregada" | "anulada"; ... 19 more ...; emitido_por?: number | ... 1 more ... | undefined; }'.
src/lib/helpers/guiasRemisionHelpers.ts(36,31): error TS2339: Property 'volumen' does not exist on type '{ id: number; numero: string; tipo: "envio_taller" | "retorno_taller" | "despacho_cliente" | "devolucion_cliente" | "traslado_almacen"; estado: "borrador" | "emitida" | "en_transito" | "entregada" | "anulada"; ... 19 more ...; emitido_por?: number | ... 1 more ... | undefined; }'.
src/lib/helpers/guiasRemisionHelpers.ts(37,17): error TS2339: Property 'pesoTotal' does not exist on type '{ id: number; numero: string; tipo: "envio_taller" | "retorno_taller" | "despacho_cliente" | "devolucion_cliente" | "traslado_almacen"; estado: "borrador" | "emitida" | "en_transito" | "entregada" | "anulada"; ... 19 more ...; emitido_por?: number | ... 1 more ... | undefined; }'.
src/lib/helpers/guiasRemisionHelpers.ts(37,34): error TS2339: Property 'volumen' does not exist on type '{ id: number; numero: string; tipo: "envio_taller" | "retorno_taller" | "despacho_cliente" | "devolucion_cliente" | "traslado_almacen"; estado: "borrador" | "emitida" | "en_transito" | "entregada" | "anulada"; ... 19 more ...; emitido_por?: number | ... 1 more ... | undefined; }'.
src/lib/helpers/guiasRemisionHelpers.ts(41,15): error TS2551: Property 'fechaEntrega' does not exist on type '{ id: number; numero: string; tipo: "envio_taller" | "retorno_taller" | "despacho_cliente" | "devolucion_cliente" | "traslado_almacen"; estado: "borrador" | "emitida" | "en_transito" | "entregada" | "anulada"; ... 19 more ...; emitido_por?: number | ... 1 more ... | undefined; }'. Did you mean 'fecha_entrega'?
src/lib/helpers/guiasRemisionHelpers.ts(41,36): error TS2339: Property 'estatus' does not exist on type '{ id: number; numero: string; tipo: "envio_taller" | "retorno_taller" | "despacho_cliente" | "devolucion_cliente" | "traslado_almacen"; estado: "borrador" | "emitida" | "en_transito" | "entregada" | "anulada"; ... 19 more ...; emitido_por?: number | ... 1 more ... | undefined; }'.
src/lib/helpers/guiasRemisionHelpers.ts(42,34): error TS2339: Property 'fecha' does not exist on type '{ id: number; numero: string; tipo: "envio_taller" | "retorno_taller" | "despacho_cliente" | "devolucion_cliente" | "traslado_almacen"; estado: "borrador" | "emitida" | "en_transito" | "entregada" | "anulada"; ... 19 more ...; emitido_por?: number | ... 1 more ... | undefined; }'.
src/lib/helpers/guiasRemisionHelpers.ts(43,31): error TS2551: Property 'fechaEntrega' does not exist on type '{ id: number; numero: string; tipo: "envio_taller" | "retorno_taller" | "despacho_cliente" | "devolucion_cliente" | "traslado_almacen"; estado: "borrador" | "emitida" | "en_transito" | "entregada" | "anulada"; ... 19 more ...; emitido_por?: number | ... 1 more ... | undefined; }'. Did you mean 'fecha_entrega'?
src/lib/helpers/incidenciasHelpers.ts(5,16): error TS2339: Property 'estatus' does not exist on type '{ id: number; pedido_id: number; tipo: "otro" | "averia_maquina" | "falta_material" | "error_diseno" | "defecto_corte" | "defecto_confeccion" | "retraso"; severidad: "baja" | "alta" | "media" | "critica"; ... 11 more ...; updated_at?: Date | ... 1 more ... | undefined; }'.
src/lib/helpers/incidenciasHelpers.ts(8,16): error TS2339: Property 'estatus' does not exist on type '{ id: number; pedido_id: number; tipo: "otro" | "averia_maquina" | "falta_material" | "error_diseno" | "defecto_corte" | "defecto_confeccion" | "retraso"; severidad: "baja" | "alta" | "media" | "critica"; ... 11 more ...; updated_at?: Date | ... 1 more ... | undefined; }'.
src/lib/helpers/incidenciasHelpers.ts(8,53): error TS2339: Property 'estatus' does not exist on type '{ id: number; pedido_id: number; tipo: "otro" | "averia_maquina" | "falta_material" | "error_diseno" | "defecto_corte" | "defecto_confeccion" | "retraso"; severidad: "baja" | "alta" | "media" | "critica"; ... 11 more ...; updated_at?: Date | ... 1 more ... | undefined; }'.
src/lib/helpers/incidenciasHelpers.ts(11,16): error TS2339: Property 'estatus' does not exist on type '{ id: number; pedido_id: number; tipo: "otro" | "averia_maquina" | "falta_material" | "error_diseno" | "defecto_corte" | "defecto_confeccion" | "retraso"; severidad: "baja" | "alta" | "media" | "critica"; ... 11 more ...; updated_at?: Date | ... 1 more ... | undefined; }'.
src/lib/helpers/incidenciasHelpers.ts(14,16): error TS2339: Property 'prioridad' does not exist on type '{ id: number; pedido_id: number; tipo: "otro" | "averia_maquina" | "falta_material" | "error_diseno" | "defecto_corte" | "defecto_confeccion" | "retraso"; severidad: "baja" | "alta" | "media" | "critica"; ... 11 more ...; updated_at?: Date | ... 1 more ... | undefined; }'.
src/lib/helpers/incidenciasHelpers.ts(14,51): error TS2339: Property 'prioridad' does not exist on type '{ id: number; pedido_id: number; tipo: "otro" | "averia_maquina" | "falta_material" | "error_diseno" | "defecto_corte" | "defecto_confeccion" | "retraso"; severidad: "baja" | "alta" | "media" | "critica"; ... 11 more ...; updated_at?: Date | ... 1 more ... | undefined; }'.
src/lib/helpers/incidenciasHelpers.ts(17,21): error TS2339: Property 'fechaVencimiento' does not exist on type '{ id: number; pedido_id: number; tipo: "otro" | "averia_maquina" | "falta_material" | "error_diseno" | "defecto_corte" | "defecto_confeccion" | "retraso"; severidad: "baja" | "alta" | "media" | "critica"; ... 11 more ...; updated_at?: Date | ... 1 more ... | undefined; }'.
src/lib/helpers/incidenciasHelpers.ts(18,36): error TS2339: Property 'fechaVencimiento' does not exist on type '{ id: number; pedido_id: number; tipo: "otro" | "averia_maquina" | "falta_material" | "error_diseno" | "defecto_corte" | "defecto_confeccion" | "retraso"; severidad: "baja" | "alta" | "media" | "critica"; ... 11 more ...; updated_at?: Date | ... 1 more ... | undefined; }'.
src/lib/helpers/incidenciasHelpers.ts(23,21): error TS2339: Property 'prioridad' does not exist on type '{ id: number; pedido_id: number; tipo: "otro" | "averia_maquina" | "falta_material" | "error_diseno" | "defecto_corte" | "defecto_confeccion" | "retraso"; severidad: "baja" | "alta" | "media" | "critica"; ... 11 more ...; updated_at?: Date | ... 1 more ... | undefined; }'.
src/lib/helpers/incidenciasHelpers.ts(23,42): error TS2339: Property 'prioridad' does not exist on type '{ id: number; pedido_id: number; tipo: "otro" | "averia_maquina" | "falta_material" | "error_diseno" | "defecto_corte" | "defecto_confeccion" | "retraso"; severidad: "baja" | "alta" | "media" | "critica"; ... 11 more ...; updated_at?: Date | ... 1 more ... | undefined; }'.
src/lib/helpers/incidenciasHelpers.ts(24,16): error TS2339: Property 'prioridad' does not exist on type '{ id: number; pedido_id: number; tipo: "otro" | "averia_maquina" | "falta_material" | "error_diseno" | "defecto_corte" | "defecto_confeccion" | "retraso"; severidad: "baja" | "alta" | "media" | "critica"; ... 11 more ...; updated_at?: Date | ... 1 more ... | undefined; }'.
src/lib/helpers/incidenciasHelpers.ts(45,45): error TS2339: Property 'montoAfectado' does not exist on type '{ id: number; pedido_id: number; tipo: "otro" | "averia_maquina" | "falta_material" | "error_diseno" | "defecto_corte" | "defecto_confeccion" | "retraso"; severidad: "baja" | "alta" | "media" | "critica"; ... 11 more ...; updated_at?: Date | ... 1 more ... | undefined; }'.
src/lib/helpers/incidenciasHelpers.ts(48,21): error TS2551: Property 'fechaResolucion' does not exist on type '{ id: number; pedido_id: number; tipo: "otro" | "averia_maquina" | "falta_material" | "error_diseno" | "defecto_corte" | "defecto_confeccion" | "retraso"; severidad: "baja" | "alta" | "media" | "critica"; ... 11 more ...; updated_at?: Date | ... 1 more ... | undefined; }'. Did you mean 'fecha_resolucion'?
src/lib/helpers/incidenciasHelpers.ts(49,40): error TS2551: Property 'fechaReporte' does not exist on type '{ id: number; pedido_id: number; tipo: "otro" | "averia_maquina" | "falta_material" | "error_diseno" | "defecto_corte" | "defecto_confeccion" | "retraso"; severidad: "baja" | "alta" | "media" | "critica"; ... 11 more ...; updated_at?: Date | ... 1 more ... | undefined; }'. Did you mean 'fecha_reporte'?
src/lib/helpers/incidenciasHelpers.ts(50,37): error TS2551: Property 'fechaResolucion' does not exist on type '{ id: number; pedido_id: number; tipo: "otro" | "averia_maquina" | "falta_material" | "error_diseno" | "defecto_corte" | "defecto_confeccion" | "retraso"; severidad: "baja" | "alta" | "media" | "critica"; ... 11 more ...; updated_at?: Date | ... 1 more ... | undefined; }'. Did you mean 'fecha_resolucion'?
src/lib/helpers/notificacionesHelpers.ts(1,42): error TS2724: '"@/lib/schemas/notificacionesSchema"' has no exported member named 'CanalNotificacion'. Did you mean 'Notificacion'?
src/lib/helpers/notificacionesHelpers.ts(5,34): error TS2551: Property 'leida' does not exist on type '{ id: number; usuario_id: number; tipo: "stock_bajo" | "pedido_vencido" | "pago_pendiente" | "cotizacion_expirada" | "orden_produccion" | "confeccion_completada" | "devolucion_solicitada" | "sistema"; ... 7 more ...; url_destino?: string | ... 1 more ... | undefined; }'. Did you mean 'leido'?
src/lib/helpers/notificacionesHelpers.ts(11,34): error TS2339: Property 'canal' does not exist on type '{ id: number; usuario_id: number; tipo: "stock_bajo" | "pedido_vencido" | "pago_pendiente" | "cotizacion_expirada" | "orden_produccion" | "confeccion_completada" | "devolucion_solicitada" | "sistema"; ... 7 more ...; url_destino?: string | ... 1 more ... | undefined; }'.
src/lib/helpers/notificacionesHelpers.ts(22,23): error TS2551: Property 'leida' does not exist on type '{ id: number; usuario_id: number; tipo: "stock_bajo" | "pedido_vencido" | "pago_pendiente" | "cotizacion_expirada" | "orden_produccion" | "confeccion_completada" | "devolucion_solicitada" | "sistema"; ... 7 more ...; url_destino?: string | ... 1 more ... | undefined; }'. Did you mean 'leido'?
src/lib/helpers/notificacionesHelpers.ts(24,23): error TS2339: Property 'canal' does not exist on type '{ id: number; usuario_id: number; tipo: "stock_bajo" | "pedido_vencido" | "pago_pendiente" | "cotizacion_expirada" | "orden_produccion" | "confeccion_completada" | "devolucion_solicitada" | "sistema"; ... 7 more ...; url_destino?: string | ... 1 more ... | undefined; }'.
src/lib/helpers/notificacionesHelpers.ts(24,40): error TS2339: Property 'canal' does not exist on type '{ id: number; usuario_id: number; tipo: "stock_bajo" | "pedido_vencido" | "pago_pendiente" | "cotizacion_expirada" | "orden_produccion" | "confeccion_completada" | "devolucion_solicitada" | "sistema"; ... 7 more ...; url_destino?: string | ... 1 more ... | undefined; }'.
src/lib/helpers/notificacionesHelpers.ts(25,18): error TS2339: Property 'canal' does not exist on type '{ id: number; usuario_id: number; tipo: "stock_bajo" | "pedido_vencido" | "pago_pendiente" | "cotizacion_expirada" | "orden_produccion" | "confeccion_completada" | "devolucion_solicitada" | "sistema"; ... 7 more ...; url_destino?: string | ... 1 more ... | undefined; }'.
src/lib/helpers/notificacionesHelpers.ts(31,20): error TS2345: Argument of type 'number' is not assignable to parameter of type 'string'.
src/lib/helpers/notificacionesHelpers.ts(36,45): error TS2551: Property 'leida' does not exist on type '{ id: number; usuario_id: number; tipo: "stock_bajo" | "pedido_vencido" | "pago_pendiente" | "cotizacion_expirada" | "orden_produccion" | "confeccion_completada" | "devolucion_solicitada" | "sistema"; ... 7 more ...; url_destino?: string | ... 1 more ... | undefined; }'. Did you mean 'leido'?
src/lib/helpers/notificacionesHelpers.ts(37,44): error TS2339: Property 'prioridad' does not exist on type '{ id: number; usuario_id: number; tipo: "stock_bajo" | "pedido_vencido" | "pago_pendiente" | "cotizacion_expirada" | "orden_produccion" | "confeccion_completada" | "devolucion_solicitada" | "sistema"; ... 7 more ...; url_destino?: string | ... 1 more ... | undefined; }'.
src/lib/helpers/ordenesCompraHelpers.ts(5,11): error TS2339: Property 'estatus' does not exist on type '{ id: number; proveedor_id: number; estado: "pendiente" | "confirmada" | "completada" | "cancelada" | "parcialmente_recibida"; estado_pago: "pendiente" | "pagado" | "parcial"; total_orden: number; ... 8 more ...; updated_at?: Date | ... 1 more ... | undefined; }'.
src/lib/helpers/ordenesCompraHelpers.ts(5,43): error TS2339: Property 'estatus' does not exist on type '{ id: number; proveedor_id: number; estado: "pendiente" | "confirmada" | "completada" | "cancelada" | "parcialmente_recibida"; estado_pago: "pendiente" | "pagado" | "parcial"; total_orden: number; ... 8 more ...; updated_at?: Date | ... 1 more ... | undefined; }'.
src/lib/helpers/ordenesCompraHelpers.ts(8,11): error TS2339: Property 'estatus' does not exist on type '{ id: number; proveedor_id: number; estado: "pendiente" | "confirmada" | "completada" | "cancelada" | "parcialmente_recibida"; estado_pago: "pendiente" | "pagado" | "parcial"; total_orden: number; ... 8 more ...; updated_at?: Date | ... 1 more ... | undefined; }'.
src/lib/helpers/ordenesCompraHelpers.ts(11,11): error TS2339: Property 'estatus' does not exist on type '{ id: number; proveedor_id: number; estado: "pendiente" | "confirmada" | "completada" | "cancelada" | "parcialmente_recibida"; estado_pago: "pendiente" | "pagado" | "parcial"; total_orden: number; ... 8 more ...; updated_at?: Date | ... 1 more ... | undefined; }'.
src/lib/helpers/ordenesCompraHelpers.ts(14,11): error TS2339: Property 'estatus' does not exist on type '{ id: number; proveedor_id: number; estado: "pendiente" | "confirmada" | "completada" | "cancelada" | "parcialmente_recibida"; estado_pago: "pendiente" | "pagado" | "parcial"; total_orden: number; ... 8 more ...; updated_at?: Date | ... 1 more ... | undefined; }'.
src/lib/helpers/ordenesCompraHelpers.ts(14,44): error TS2339: Property 'estatus' does not exist on type '{ id: number; proveedor_id: number; estado: "pendiente" | "confirmada" | "completada" | "cancelada" | "parcialmente_recibida"; estado_pago: "pendiente" | "pagado" | "parcial"; total_orden: number; ... 8 more ...; updated_at?: Date | ... 1 more ... | undefined; }'.
src/lib/helpers/ordenesCompraHelpers.ts(17,24): error TS2339: Property 'fechaVencimiento' does not exist on type '{ id: number; proveedor_id: number; estado: "pendiente" | "confirmada" | "completada" | "cancelada" | "parcialmente_recibida"; estado_pago: "pendiente" | "pagado" | "parcial"; total_orden: number; ... 8 more ...; updated_at?: Date | ... 1 more ... | undefined; }'.
src/lib/helpers/ordenesCompraHelpers.ts(17,50): error TS2339: Property 'estatus' does not exist on type '{ id: number; proveedor_id: number; estado: "pendiente" | "confirmada" | "completada" | "cancelada" | "parcialmente_recibida"; estado_pago: "pendiente" | "pagado" | "parcial"; total_orden: number; ... 8 more ...; updated_at?: Date | ... 1 more ... | undefined; }'.
src/lib/helpers/ordenesCompraHelpers.ts(21,21): error TS2339: Property 'estatus' does not exist on type '{ id: number; proveedor_id: number; estado: "pendiente" | "confirmada" | "completada" | "cancelada" | "parcialmente_recibida"; estado_pago: "pendiente" | "pagado" | "parcial"; total_orden: number; ... 8 more ...; updated_at?: Date | ... 1 more ... | undefined; }'.
src/lib/helpers/ordenesCompraHelpers.ts(21,40): error TS2339: Property 'estatus' does not exist on type '{ id: number; proveedor_id: number; estado: "pendiente" | "confirmada" | "completada" | "cancelada" | "parcialmente_recibida"; estado_pago: "pendiente" | "pagado" | "parcial"; total_orden: number; ... 8 more ...; updated_at?: Date | ... 1 more ... | undefined; }'.
src/lib/helpers/ordenesCompraHelpers.ts(22,16): error TS2339: Property 'estatus' does not exist on type '{ id: number; proveedor_id: number; estado: "pendiente" | "confirmada" | "completada" | "cancelada" | "parcialmente_recibida"; estado_pago: "pendiente" | "pagado" | "parcial"; total_orden: number; ... 8 more ...; updated_at?: Date | ... 1 more ... | undefined; }'.
src/lib/helpers/ordenesCompraHelpers.ts(29,35): error TS2339: Property 'montoTotal' does not exist on type '{ id: number; proveedor_id: number; estado: "pendiente" | "confirmada" | "completada" | "cancelada" | "parcialmente_recibida"; estado_pago: "pendiente" | "pagado" | "parcial"; total_orden: number; ... 8 more ...; updated_at?: Date | ... 1 more ... | undefined; }'.
src/lib/helpers/ordenesCompraHelpers.ts(34,35): error TS2339: Property 'montoTotal' does not exist on type '{ id: number; proveedor_id: number; estado: "pendiente" | "confirmada" | "completada" | "cancelada" | "parcialmente_recibida"; estado_pago: "pendiente" | "pagado" | "parcial"; total_orden: number; ... 8 more ...; updated_at?: Date | ... 1 more ... | undefined; }'.
src/lib/helpers/ordenesCompraHelpers.ts(41,31): error TS2339: Property 'fechaVencimiento' does not exist on type '{ id: number; proveedor_id: number; estado: "pendiente" | "confirmada" | "completada" | "cancelada" | "parcialmente_recibida"; estado_pago: "pendiente" | "pagado" | "parcial"; total_orden: number; ... 8 more ...; updated_at?: Date | ... 1 more ... | undefined; }'.
src/lib/helpers/ordenesCompraHelpers.ts(45,59): error TS2551: Property 'proveedorId' does not exist on type '{ id: number; proveedor_id: number; estado: "pendiente" | "confirmada" | "completada" | "cancelada" | "parcialmente_recibida"; estado_pago: "pendiente" | "pagado" | "parcial"; total_orden: number; ... 8 more ...; updated_at?: Date | ... 1 more ... | undefined; }'. Did you mean 'proveedor_id'?
src/lib/helpers/ordenesCompraHelpers.ts(49,21): error TS2551: Property 'proveedorId' does not exist on type '{ id: number; proveedor_id: number; estado: "pendiente" | "confirmada" | "completada" | "cancelada" | "parcialmente_recibida"; estado_pago: "pendiente" | "pagado" | "parcial"; total_orden: number; ... 8 more ...; updated_at?: Date | ... 1 more ... | undefined; }'. Did you mean 'proveedor_id'?
src/lib/helpers/ordenesCompraHelpers.ts(49,44): error TS2551: Property 'proveedorId' does not exist on type '{ id: number; proveedor_id: number; estado: "pendiente" | "confirmada" | "completada" | "cancelada" | "parcialmente_recibida"; estado_pago: "pendiente" | "pagado" | "parcial"; total_orden: number; ... 8 more ...; updated_at?: Date | ... 1 more ... | undefined; }'. Did you mean 'proveedor_id'?
src/lib/helpers/ordenesCompraHelpers.ts(50,16): error TS2551: Property 'proveedorId' does not exist on type '{ id: number; proveedor_id: number; estado: "pendiente" | "confirmada" | "completada" | "cancelada" | "parcialmente_recibida"; estado_pago: "pendiente" | "pagado" | "parcial"; total_orden: number; ... 8 more ...; updated_at?: Date | ... 1 more ... | undefined; }'. Did you mean 'proveedor_id'?
src/lib/helpers/pagosHelpers.ts(5,10): error TS2339: Property 'estatus' does not exist on type '{ id: number; pedido_id: number; monto: number; metodo_pago: "efectivo" | "transferencia_bcp" | "yape" | "plin" | "visa" | "mastercard"; fecha_pago: Date; tipo: "adelanto" | "cuota" | "saldo_final" | "pago_completo"; ... 7 more ...; updated_at?: Date | ... 1 more ... | undefined; }'.
src/lib/helpers/pagosHelpers.ts(8,10): error TS2339: Property 'estatus' does not exist on type '{ id: number; pedido_id: number; monto: number; metodo_pago: "efectivo" | "transferencia_bcp" | "yape" | "plin" | "visa" | "mastercard"; fecha_pago: Date; tipo: "adelanto" | "cuota" | "saldo_final" | "pago_completo"; ... 7 more ...; updated_at?: Date | ... 1 more ... | undefined; }'.
src/lib/helpers/pagosHelpers.ts(11,10): error TS2339: Property 'estatus' does not exist on type '{ id: number; pedido_id: number; monto: number; metodo_pago: "efectivo" | "transferencia_bcp" | "yape" | "plin" | "visa" | "mastercard"; fecha_pago: Date; tipo: "adelanto" | "cuota" | "saldo_final" | "pago_completo"; ... 7 more ...; updated_at?: Date | ... 1 more ... | undefined; }'.
src/lib/helpers/pagosHelpers.ts(14,10): error TS2339: Property 'estatus' does not exist on type '{ id: number; pedido_id: number; monto: number; metodo_pago: "efectivo" | "transferencia_bcp" | "yape" | "plin" | "visa" | "mastercard"; fecha_pago: Date; tipo: "adelanto" | "cuota" | "saldo_final" | "pago_completo"; ... 7 more ...; updated_at?: Date | ... 1 more ... | undefined; }'.
src/lib/helpers/pagosHelpers.ts(17,10): error TS2339: Property 'estatus' does not exist on type '{ id: number; pedido_id: number; monto: number; metodo_pago: "efectivo" | "transferencia_bcp" | "yape" | "plin" | "visa" | "mastercard"; fecha_pago: Date; tipo: "adelanto" | "cuota" | "saldo_final" | "pago_completo"; ... 7 more ...; updated_at?: Date | ... 1 more ... | undefined; }'.
src/lib/helpers/pagosHelpers.ts(21,21): error TS2339: Property 'estatus' does not exist on type '{ id: number; pedido_id: number; monto: number; metodo_pago: "efectivo" | "transferencia_bcp" | "yape" | "plin" | "visa" | "mastercard"; fecha_pago: Date; tipo: "adelanto" | "cuota" | "saldo_final" | "pago_completo"; ... 7 more ...; updated_at?: Date | ... 1 more ... | undefined; }'.
src/lib/helpers/pagosHelpers.ts(21,40): error TS2339: Property 'estatus' does not exist on type '{ id: number; pedido_id: number; monto: number; metodo_pago: "efectivo" | "transferencia_bcp" | "yape" | "plin" | "visa" | "mastercard"; fecha_pago: Date; tipo: "adelanto" | "cuota" | "saldo_final" | "pago_completo"; ... 7 more ...; updated_at?: Date | ... 1 more ... | undefined; }'.
src/lib/helpers/pagosHelpers.ts(22,16): error TS2339: Property 'estatus' does not exist on type '{ id: number; pedido_id: number; monto: number; metodo_pago: "efectivo" | "transferencia_bcp" | "yape" | "plin" | "visa" | "mastercard"; fecha_pago: Date; tipo: "adelanto" | "cuota" | "saldo_final" | "pago_completo"; ... 7 more ...; updated_at?: Date | ... 1 more ... | undefined; }'.
src/lib/helpers/pagosHelpers.ts(28,21): error TS2551: Property 'metodoPago' does not exist on type '{ id: number; pedido_id: number; monto: number; metodo_pago: "efectivo" | "transferencia_bcp" | "yape" | "plin" | "visa" | "mastercard"; fecha_pago: Date; tipo: "adelanto" | "cuota" | "saldo_final" | "pago_completo"; ... 7 more ...; updated_at?: Date | ... 1 more ... | undefined; }'. Did you mean 'metodo_pago'?
src/lib/helpers/pagosHelpers.ts(28,43): error TS2551: Property 'metodoPago' does not exist on type '{ id: number; pedido_id: number; monto: number; metodo_pago: "efectivo" | "transferencia_bcp" | "yape" | "plin" | "visa" | "mastercard"; fecha_pago: Date; tipo: "adelanto" | "cuota" | "saldo_final" | "pago_completo"; ... 7 more ...; updated_at?: Date | ... 1 more ... | undefined; }'. Did you mean 'metodo_pago'?
src/lib/helpers/pagosHelpers.ts(29,16): error TS2551: Property 'metodoPago' does not exist on type '{ id: number; pedido_id: number; monto: number; metodo_pago: "efectivo" | "transferencia_bcp" | "yape" | "plin" | "visa" | "mastercard"; fecha_pago: Date; tipo: "adelanto" | "cuota" | "saldo_final" | "pago_completo"; ... 7 more ...; updated_at?: Date | ... 1 more ... | undefined; }'. Did you mean 'metodo_pago'?
src/lib/helpers/pagosTalleresHelpers.ts(5,10): error TS2339: Property 'montoTotal' does not exist on type '{ id: number; taller_id: number; monto: number; moneda: string; metodo_pago: "efectivo" | "transferencia_bcp" | "yape" | "plin" | "visa" | "mastercard"; estado: "pendiente" | "pagado" | "anulado"; ... 8 more ...; registrado_por?: number | ... 1 more ... | undefined; }'.
src/lib/helpers/pagosTalleresHelpers.ts(5,28): error TS2339: Property 'montoPagado' does not exist on type '{ id: number; taller_id: number; monto: number; moneda: string; metodo_pago: "efectivo" | "transferencia_bcp" | "yape" | "plin" | "visa" | "mastercard"; estado: "pendiente" | "pagado" | "anulado"; ... 8 more ...; registrado_por?: number | ... 1 more ... | undefined; }'.
src/lib/helpers/pagosTalleresHelpers.ts(8,10): error TS2339: Property 'montoPagado' does not exist on type '{ id: number; taller_id: number; monto: number; moneda: string; metodo_pago: "efectivo" | "transferencia_bcp" | "yape" | "plin" | "visa" | "mastercard"; estado: "pendiente" | "pagado" | "anulado"; ... 8 more ...; registrado_por?: number | ... 1 more ... | undefined; }'.
src/lib/helpers/pagosTalleresHelpers.ts(8,30): error TS2339: Property 'montoTotal' does not exist on type '{ id: number; taller_id: number; monto: number; moneda: string; metodo_pago: "efectivo" | "transferencia_bcp" | "yape" | "plin" | "visa" | "mastercard"; estado: "pendiente" | "pagado" | "anulado"; ... 8 more ...; registrado_por?: number | ... 1 more ... | undefined; }'.
src/lib/helpers/pagosTalleresHelpers.ts(11,23): error TS2339: Property 'fechaProgramada' does not exist on type '{ id: number; taller_id: number; monto: number; moneda: string; metodo_pago: "efectivo" | "transferencia_bcp" | "yape" | "plin" | "visa" | "mastercard"; estado: "pendiente" | "pagado" | "anulado"; ... 8 more ...; registrado_por?: number | ... 1 more ... | undefined; }'.
src/lib/helpers/pagosTalleresHelpers.ts(14,11): error TS2339: Property 'montoPagado' does not exist on type '{ id: number; taller_id: number; monto: number; moneda: string; metodo_pago: "efectivo" | "transferencia_bcp" | "yape" | "plin" | "visa" | "mastercard"; estado: "pendiente" | "pagado" | "anulado"; ... 8 more ...; registrado_por?: number | ... 1 more ... | undefined; }'.
src/lib/helpers/pagosTalleresHelpers.ts(14,30): error TS2339: Property 'montoTotal' does not exist on type '{ id: number; taller_id: number; monto: number; moneda: string; metodo_pago: "efectivo" | "transferencia_bcp" | "yape" | "plin" | "visa" | "mastercard"; estado: "pendiente" | "pagado" | "anulado"; ... 8 more ...; registrado_por?: number | ... 1 more ... | undefined; }'.
src/lib/helpers/pagosTalleresHelpers.ts(18,21): error TS2339: Property 'estatus' does not exist on type '{ id: number; taller_id: number; monto: number; moneda: string; metodo_pago: "efectivo" | "transferencia_bcp" | "yape" | "plin" | "visa" | "mastercard"; estado: "pendiente" | "pagado" | "anulado"; ... 8 more ...; registrado_por?: number | ... 1 more ... | undefined; }'.
src/lib/helpers/pagosTalleresHelpers.ts(18,40): error TS2339: Property 'estatus' does not exist on type '{ id: number; taller_id: number; monto: number; moneda: string; metodo_pago: "efectivo" | "transferencia_bcp" | "yape" | "plin" | "visa" | "mastercard"; estado: "pendiente" | "pagado" | "anulado"; ... 8 more ...; registrado_por?: number | ... 1 more ... | undefined; }'.
src/lib/helpers/pagosTalleresHelpers.ts(19,16): error TS2339: Property 'estatus' does not exist on type '{ id: number; taller_id: number; monto: number; moneda: string; metodo_pago: "efectivo" | "transferencia_bcp" | "yape" | "plin" | "visa" | "mastercard"; estado: "pendiente" | "pagado" | "anulado"; ... 8 more ...; registrado_por?: number | ... 1 more ... | undefined; }'.
src/lib/helpers/pagosTalleresHelpers.ts(25,22): error TS2339: Property 'estatus' does not exist on type '{ id: number; taller_id: number; monto: number; moneda: string; metodo_pago: "efectivo" | "transferencia_bcp" | "yape" | "plin" | "visa" | "mastercard"; estado: "pendiente" | "pagado" | "anulado"; ... 8 more ...; registrado_por?: number | ... 1 more ... | undefined; }'.
src/lib/helpers/pagosTalleresHelpers.ts(25,51): error TS2339: Property 'estatus' does not exist on type '{ id: number; taller_id: number; monto: number; moneda: string; metodo_pago: "efectivo" | "transferencia_bcp" | "yape" | "plin" | "visa" | "mastercard"; estado: "pendiente" | "pagado" | "anulado"; ... 8 more ...; registrado_por?: number | ... 1 more ... | undefined; }'.
src/lib/helpers/pagosTalleresHelpers.ts(29,38): error TS2339: Property 'montoPagado' does not exist on type '{ id: number; taller_id: number; monto: number; moneda: string; metodo_pago: "efectivo" | "transferencia_bcp" | "yape" | "plin" | "visa" | "mastercard"; estado: "pendiente" | "pagado" | "anulado"; ... 8 more ...; registrado_por?: number | ... 1 more ... | undefined; }'.
src/lib/helpers/precioHistoricoHelpers.ts(5,14): error TS2339: Property 'precioNuevo' does not exist on type '{ id: number; producto_id: number; precio: number; moneda: "PEN" | "USD"; tipoProducto: "MATERIA_PRIMA" | "CONFECCIONADO"; fechaVigencia: Date; razonCambio: "AJUSTE_MERCADO" | "PROMOCION" | "COSTO_MATERIA_PRIMA" | "ESTACIONALIDAD" | "OTRO"; porcentajeCambio: number; creadoPor: string; createdAt: Date; updatedAt: Dat...'.
src/lib/helpers/precioHistoricoHelpers.ts(5,35): error TS2339: Property 'precioAnterior' does not exist on type '{ id: number; producto_id: number; precio: number; moneda: "PEN" | "USD"; tipoProducto: "MATERIA_PRIMA" | "CONFECCIONADO"; fechaVigencia: Date; razonCambio: "AJUSTE_MERCADO" | "PROMOCION" | "COSTO_MATERIA_PRIMA" | "ESTACIONALIDAD" | "OTRO"; porcentajeCambio: number; creadoPor: string; createdAt: Date; updatedAt: Dat...'.
src/lib/helpers/precioHistoricoHelpers.ts(5,60): error TS2339: Property 'precioAnterior' does not exist on type '{ id: number; producto_id: number; precio: number; moneda: "PEN" | "USD"; tipoProducto: "MATERIA_PRIMA" | "CONFECCIONADO"; fechaVigencia: Date; razonCambio: "AJUSTE_MERCADO" | "PROMOCION" | "COSTO_MATERIA_PRIMA" | "ESTACIONALIDAD" | "OTRO"; porcentajeCambio: number; creadoPor: string; createdAt: Date; updatedAt: Dat...'.
src/lib/helpers/precioHistoricoHelpers.ts(8,15): error TS2339: Property 'precioNuevo' does not exist on type '{ id: number; producto_id: number; precio: number; moneda: "PEN" | "USD"; tipoProducto: "MATERIA_PRIMA" | "CONFECCIONADO"; fechaVigencia: Date; razonCambio: "AJUSTE_MERCADO" | "PROMOCION" | "COSTO_MATERIA_PRIMA" | "ESTACIONALIDAD" | "OTRO"; porcentajeCambio: number; creadoPor: string; createdAt: Date; updatedAt: Dat...'.
src/lib/helpers/precioHistoricoHelpers.ts(8,39): error TS2339: Property 'precioAnterior' does not exist on type '{ id: number; producto_id: number; precio: number; moneda: "PEN" | "USD"; tipoProducto: "MATERIA_PRIMA" | "CONFECCIONADO"; fechaVigencia: Date; razonCambio: "AJUSTE_MERCADO" | "PROMOCION" | "COSTO_MATERIA_PRIMA" | "ESTACIONALIDAD" | "OTRO"; porcentajeCambio: number; creadoPor: string; createdAt: Date; updatedAt: Dat...'.
src/lib/helpers/precioHistoricoHelpers.ts(12,47): error TS2339: Property 'precioNuevo' does not exist on type '{ id: number; producto_id: number; precio: number; moneda: "PEN" | "USD"; tipoProducto: "MATERIA_PRIMA" | "CONFECCIONADO"; fechaVigencia: Date; razonCambio: "AJUSTE_MERCADO" | "PROMOCION" | "COSTO_MATERIA_PRIMA" | "ESTACIONALIDAD" | "OTRO"; porcentajeCambio: number; creadoPor: string; createdAt: Date; updatedAt: Dat...'.
src/lib/helpers/precioHistoricoHelpers.ts(16,41): error TS2339: Property 'precioNuevo' does not exist on type '{ id: number; producto_id: number; precio: number; moneda: "PEN" | "USD"; tipoProducto: "MATERIA_PRIMA" | "CONFECCIONADO"; fechaVigencia: Date; razonCambio: "AJUSTE_MERCADO" | "PROMOCION" | "COSTO_MATERIA_PRIMA" | "ESTACIONALIDAD" | "OTRO"; porcentajeCambio: number; creadoPor: string; createdAt: Date; updatedAt: Dat...'.
src/lib/helpers/precioHistoricoHelpers.ts(16,60): error TS2339: Property 'precioNuevo' does not exist on type '{ id: number; producto_id: number; precio: number; moneda: "PEN" | "USD"; tipoProducto: "MATERIA_PRIMA" | "CONFECCIONADO"; fechaVigencia: Date; razonCambio: "AJUSTE_MERCADO" | "PROMOCION" | "COSTO_MATERIA_PRIMA" | "ESTACIONALIDAD" | "OTRO"; porcentajeCambio: number; creadoPor: string; createdAt: Date; updatedAt: Dat...'.
src/lib/helpers/precioHistoricoHelpers.ts(19,41): error TS2339: Property 'precioNuevo' does not exist on type '{ id: number; producto_id: number; precio: number; moneda: "PEN" | "USD"; tipoProducto: "MATERIA_PRIMA" | "CONFECCIONADO"; fechaVigencia: Date; razonCambio: "AJUSTE_MERCADO" | "PROMOCION" | "COSTO_MATERIA_PRIMA" | "ESTACIONALIDAD" | "OTRO"; porcentajeCambio: number; creadoPor: string; createdAt: Date; updatedAt: Dat...'.
src/lib/helpers/precioHistoricoHelpers.ts(19,60): error TS2339: Property 'precioNuevo' does not exist on type '{ id: number; producto_id: number; precio: number; moneda: "PEN" | "USD"; tipoProducto: "MATERIA_PRIMA" | "CONFECCIONADO"; fechaVigencia: Date; razonCambio: "AJUSTE_MERCADO" | "PROMOCION" | "COSTO_MATERIA_PRIMA" | "ESTACIONALIDAD" | "OTRO"; porcentajeCambio: number; creadoPor: string; createdAt: Date; updatedAt: Dat...'.
src/lib/helpers/reservaStockHelpers.ts(5,13): error TS2339: Property 'estatus' does not exist on type '{ id: string; variante_id: number; cantidad: number; estado: "cancelada" | "activa" | "utilizada"; created_at: Date; updated_at: Date; cotizacion_id?: number | null | undefined; pedido_id?: number | ... 1 more ... | undefined; expira_en?: Date | ... 1 more ... | undefined; }'.
src/lib/helpers/reservaStockHelpers.ts(8,15): error TS2339: Property 'cantidadReservada' does not exist on type '{ id: string; variante_id: number; cantidad: number; estado: "cancelada" | "activa" | "utilizada"; created_at: Date; updated_at: Date; cotizacion_id?: number | null | undefined; pedido_id?: number | ... 1 more ... | undefined; expira_en?: Date | ... 1 more ... | undefined; }'.
src/lib/helpers/reservaStockHelpers.ts(8,43): error TS2339: Property 'cantidadDisponible' does not exist on type '{ id: string; variante_id: number; cantidad: number; estado: "cancelada" | "activa" | "utilizada"; created_at: Date; updated_at: Date; cotizacion_id?: number | null | undefined; pedido_id?: number | ... 1 more ... | undefined; expira_en?: Date | ... 1 more ... | undefined; }'.
src/lib/helpers/reservaStockHelpers.ts(8,73): error TS2339: Property 'cantidadReservada' does not exist on type '{ id: string; variante_id: number; cantidad: number; estado: "cancelada" | "activa" | "utilizada"; created_at: Date; updated_at: Date; cotizacion_id?: number | null | undefined; pedido_id?: number | ... 1 more ... | undefined; expira_en?: Date | ... 1 more ... | undefined; }'.
src/lib/helpers/reservaStockHelpers.ts(11,13): error TS2339: Property 'estatus' does not exist on type '{ id: string; variante_id: number; cantidad: number; estado: "cancelada" | "activa" | "utilizada"; created_at: Date; updated_at: Date; cotizacion_id?: number | null | undefined; pedido_id?: number | ... 1 more ... | undefined; expira_en?: Date | ... 1 more ... | undefined; }'.
src/lib/helpers/reservaStockHelpers.ts(14,18): error TS2339: Property 'fechaExpiracion' does not exist on type '{ id: string; variante_id: number; cantidad: number; estado: "cancelada" | "activa" | "utilizada"; created_at: Date; updated_at: Date; cotizacion_id?: number | null | undefined; pedido_id?: number | ... 1 more ... | undefined; expira_en?: Date | ... 1 more ... | undefined; }'.
src/lib/helpers/reservaStockHelpers.ts(15,33): error TS2339: Property 'fechaExpiracion' does not exist on type '{ id: string; variante_id: number; cantidad: number; estado: "cancelada" | "activa" | "utilizada"; created_at: Date; updated_at: Date; cotizacion_id?: number | null | undefined; pedido_id?: number | ... 1 more ... | undefined; expira_en?: Date | ... 1 more ... | undefined; }'.
src/lib/helpers/reservaStockHelpers.ts(19,13): error TS2339: Property 'estaVencida' does not exist on type '{ id: string; variante_id: number; cantidad: number; estado: "cancelada" | "activa" | "utilizada"; created_at: Date; updated_at: Date; cotizacion_id?: number | null | undefined; pedido_id?: number | ... 1 more ... | undefined; expira_en?: Date | ... 1 more ... | undefined; }'.
src/lib/helpers/reservaStockHelpers.ts(19,36): error TS2339: Property 'cantidadDisponible' does not exist on type '{ id: string; variante_id: number; cantidad: number; estado: "cancelada" | "activa" | "utilizada"; created_at: Date; updated_at: Date; cotizacion_id?: number | null | undefined; pedido_id?: number | ... 1 more ... | undefined; expira_en?: Date | ... 1 more ... | undefined; }'.
src/lib/helpers/reservaStockHelpers.ts(23,21): error TS2339: Property 'motivo' does not exist on type '{ id: string; variante_id: number; cantidad: number; estado: "cancelada" | "activa" | "utilizada"; created_at: Date; updated_at: Date; cotizacion_id?: number | null | undefined; pedido_id?: number | ... 1 more ... | undefined; expira_en?: Date | ... 1 more ... | undefined; }'.
src/lib/helpers/reservaStockHelpers.ts(23,39): error TS2339: Property 'motivo' does not exist on type '{ id: string; variante_id: number; cantidad: number; estado: "cancelada" | "activa" | "utilizada"; created_at: Date; updated_at: Date; cotizacion_id?: number | null | undefined; pedido_id?: number | ... 1 more ... | undefined; expira_en?: Date | ... 1 more ... | undefined; }'.
src/lib/helpers/reservaStockHelpers.ts(24,16): error TS2339: Property 'motivo' does not exist on type '{ id: string; variante_id: number; cantidad: number; estado: "cancelada" | "activa" | "utilizada"; created_at: Date; updated_at: Date; cotizacion_id?: number | null | undefined; pedido_id?: number | ... 1 more ... | undefined; expira_en?: Date | ... 1 more ... | undefined; }'.
src/lib/helpers/reservaStockHelpers.ts(30,21): error TS2339: Property 'estatus' does not exist on type '{ id: string; variante_id: number; cantidad: number; estado: "cancelada" | "activa" | "utilizada"; created_at: Date; updated_at: Date; cotizacion_id?: number | null | undefined; pedido_id?: number | ... 1 more ... | undefined; expira_en?: Date | ... 1 more ... | undefined; }'.
src/lib/helpers/reservaStockHelpers.ts(30,40): error TS2339: Property 'estatus' does not exist on type '{ id: string; variante_id: number; cantidad: number; estado: "cancelada" | "activa" | "utilizada"; created_at: Date; updated_at: Date; cotizacion_id?: number | null | undefined; pedido_id?: number | ... 1 more ... | undefined; expira_en?: Date | ... 1 more ... | undefined; }'.
src/lib/helpers/reservaStockHelpers.ts(31,16): error TS2339: Property 'estatus' does not exist on type '{ id: string; variante_id: number; cantidad: number; estado: "cancelada" | "activa" | "utilizada"; created_at: Date; updated_at: Date; cotizacion_id?: number | null | undefined; pedido_id?: number | ... 1 more ... | undefined; expira_en?: Date | ... 1 more ... | undefined; }'.
src/lib/helpers/reservaStockHelpers.ts(36,57): error TS2339: Property 'cantidadReservada' does not exist on type '{ id: string; variante_id: number; cantidad: number; estado: "cancelada" | "activa" | "utilizada"; created_at: Date; updated_at: Date; cotizacion_id?: number | null | undefined; pedido_id?: number | ... 1 more ... | undefined; expira_en?: Date | ... 1 more ... | undefined; }'.
src/lib/helpers/reservaStockHelpers.ts(37,58): error TS2339: Property 'cantidadDisponible' does not exist on type '{ id: string; variante_id: number; cantidad: number; estado: "cancelada" | "activa" | "utilizada"; created_at: Date; updated_at: Date; cotizacion_id?: number | null | undefined; pedido_id?: number | ... 1 more ... | undefined; expira_en?: Date | ... 1 more ... | undefined; }'.
src/lib/helpers/reservaStockHelpers.ts(38,58): error TS2339: Property 'cantidadReservada' does not exist on type '{ id: string; variante_id: number; cantidad: number; estado: "cancelada" | "activa" | "utilizada"; created_at: Date; updated_at: Date; cotizacion_id?: number | null | undefined; pedido_id?: number | ... 1 more ... | undefined; expira_en?: Date | ... 1 more ... | undefined; }'.
src/lib/helpers/reservaStockHelpers.ts(38,80): error TS2339: Property 'cantidadDisponible' does not exist on type '{ id: string; variante_id: number; cantidad: number; estado: "cancelada" | "activa" | "utilizada"; created_at: Date; updated_at: Date; cotizacion_id?: number | null | undefined; pedido_id?: number | ... 1 more ... | undefined; expira_en?: Date | ... 1 more ... | undefined; }'.
src/lib/hooks/useAlmacenes.ts(56,42): error TS2367: This comparison appears to be unintentional because the types 'number' and 'string' have no overlap.
src/lib/hooks/useComprobantes.ts(56,45): error TS2367: This comparison appears to be unintentional because the types 'number' and 'string' have no overlap.
src/lib/hooks/useGuiasRemision.ts(56,38): error TS2367: This comparison appears to be unintentional because the types 'number' and 'string' have no overlap.
src/lib/hooks/useIncidencias.ts(56,44): error TS2367: This comparison appears to be unintentional because the types 'number' and 'string' have no overlap.
src/lib/hooks/useIncidencias.ts(74,44): error TS2367: This comparison appears to be unintentional because the types 'number' and 'string' have no overlap.
src/lib/hooks/useNotificaciones.ts(52,25): error TS2345: Argument of type '(prev: { id: number; usuario_id: number; tipo: "stock_bajo" | "pedido_vencido" | "pago_pendiente" | "cotizacion_expirada" | "orden_produccion" | "confeccion_completada" | "devolucion_solicitada" | "sistema"; ... 7 more ...; url_destino?: string | ... 1 more ... | undefined; }[]) => ({ ...; } | { ...; })[]' is not assignable to parameter of type 'SetStateAction<{ id: number; usuario_id: number; tipo: "stock_bajo" | "pedido_vencido" | "pago_pendiente" | "cotizacion_expirada" | "orden_produccion" | "confeccion_completada" | "devolucion_solicitada" | "sistema"; ... 7 more ...; url_destino?: string | ... 1 more ... | undefined; }[]>'.
  Type '(prev: { id: number; usuario_id: number; tipo: "stock_bajo" | "pedido_vencido" | "pago_pendiente" | "cotizacion_expirada" | "orden_produccion" | "confeccion_completada" | "devolucion_solicitada" | "sistema"; ... 7 more ...; url_destino?: string | ... 1 more ... | undefined; }[]) => ({ ...; } | { ...; })[]' is not assignable to type '(prevState: { id: number; usuario_id: number; tipo: "stock_bajo" | "pedido_vencido" | "pago_pendiente" | "cotizacion_expirada" | "orden_produccion" | "confeccion_completada" | "devolucion_solicitada" | "sistema"; ... 7 more ...; url_destino?: string | ... 1 more ... | undefined; }[]) => { ...; }[]'.
    Type '({ id: number; usuario_id: number; tipo: "stock_bajo" | "pedido_vencido" | "pago_pendiente" | "cotizacion_expirada" | "orden_produccion" | "confeccion_completada" | "devolucion_solicitada" | "sistema"; ... 7 more ...; url_destino?: string | ... 1 more ... | undefined; } | { ...; })[]' is not assignable to type '{ id: number; usuario_id: number; tipo: "stock_bajo" | "pedido_vencido" | "pago_pendiente" | "cotizacion_expirada" | "orden_produccion" | "confeccion_completada" | "devolucion_solicitada" | "sistema"; ... 7 more ...; url_destino?: string | ... 1 more ... | undefined; }[]'.
      Type '{ id: number; usuario_id: number; tipo: "stock_bajo" | "pedido_vencido" | "pago_pendiente" | "cotizacion_expirada" | "orden_produccion" | "confeccion_completada" | "devolucion_solicitada" | "sistema"; ... 7 more ...; url_destino?: string | ... 1 more ... | undefined; } | { ...; }' is not assignable to type '{ id: number; usuario_id: number; tipo: "stock_bajo" | "pedido_vencido" | "pago_pendiente" | "cotizacion_expirada" | "orden_produccion" | "confeccion_completada" | "devolucion_solicitada" | "sistema"; ... 7 more ...; url_destino?: string | ... 1 more ... | undefined; }'.
        Type '{ leido: true; leido_at: string; id: number; usuario_id: number; tipo: "stock_bajo" | "pedido_vencido" | "pago_pendiente" | "cotizacion_expirada" | "orden_produccion" | "confeccion_completada" | "devolucion_solicitada" | "sistema"; ... 5 more ...; url_destino?: string | ... 1 more ... | undefined; }' is not assignable to type '{ id: number; usuario_id: number; tipo: "stock_bajo" | "pedido_vencido" | "pago_pendiente" | "cotizacion_expirada" | "orden_produccion" | "confeccion_completada" | "devolucion_solicitada" | "sistema"; ... 7 more ...; url_destino?: string | ... 1 more ... | undefined; }'.
          Types of property 'leido_at' are incompatible.
            Type 'string' is not assignable to type 'Date'.
src/lib/hooks/useNotificaciones.ts(53,25): error TS2367: This comparison appears to be unintentional because the types 'number' and 'string' have no overlap.
src/lib/hooks/useNotificaciones.ts(63,52): error TS2345: Argument of type 'number' is not assignable to parameter of type 'string'.
src/lib/hooks/useOrdenesCompra.ts(56,40): error TS2367: This comparison appears to be unintentional because the types 'number' and 'string' have no overlap.
src/lib/hooks/useOrdenesCompra.ts(74,40): error TS2367: This comparison appears to be unintentional because the types 'number' and 'string' have no overlap.
src/lib/hooks/useOrdenesCompra.ts(92,40): error TS2367: This comparison appears to be unintentional because the types 'number' and 'string' have no overlap.
src/lib/hooks/usePagos.ts(56,38): error TS2367: This comparison appears to be unintentional because the types 'number' and 'string' have no overlap.
src/lib/hooks/usePagos.ts(74,38): error TS2367: This comparison appears to be unintentional because the types 'number' and 'string' have no overlap.
src/lib/hooks/usePagos.ts(92,38): error TS2367: This comparison appears to be unintentional because the types 'number' and 'string' have no overlap.
src/lib/hooks/usePagosTalleres.ts(56,38): error TS2367: This comparison appears to be unintentional because the types 'number' and 'string' have no overlap.
src/lib/hooks/usePrecioHistorico.ts(6,3): error TS2305: Module '"@/lib/helpers/precioHistoricoHelpers"' has no exported member 'fetchPrecioHistorico'.
src/lib/hooks/usePrecioHistorico.ts(7,3): error TS2305: Module '"@/lib/helpers/precioHistoricoHelpers"' has no exported member 'createPrecioHistorico'.
src/lib/hooks/usePrecioHistorico.ts(8,3): error TS2305: Module '"@/lib/helpers/precioHistoricoHelpers"' has no exported member 'updatePrecioHistorico'.
src/lib/hooks/usePrecioHistorico.ts(9,3): error TS2305: Module '"@/lib/helpers/precioHistoricoHelpers"' has no exported member 'deletePrecioHistorico'.
src/lib/schemas/index.ts(71,8): error TS2305: Module '"./asientosContablesSchema"' has no exported member 'DetalleAsiento'.
src/lib/services/almacenesService.ts(10,28): error TS2339: Property 'ubicacion' does not exist on type '{ nombre: string; unidad_capacidad: string; estado: string; direccion?: string | null | undefined; telefono?: string | null | undefined; email?: string | null | undefined; descripcion?: string | ... 1 more ... | undefined; responsable_id?: number | ... 1 more ... | undefined; capacidad_total?: number | ... 1 more .....'.
src/lib/services/almacenesService.ts(33,34): error TS2339: Property 'ubicacion' does not exist on type '{ nombre?: string | undefined; direccion?: string | null | undefined; telefono?: string | null | undefined; email?: string | null | undefined; descripcion?: string | null | undefined; responsable_id?: number | ... 1 more ... | undefined; capacidad_total?: number | ... 1 more ... | undefined; unidad_capacidad?: strin...'.
src/lib/services/almacenesService.ts(43,32): error TS2551: Property 'capacidadTotal' does not exist on type '{ id: bigint; nombre: string; direccion: string | null; telefono: string | null; email: string | null; descripcion: string | null; responsable_id: bigint | null; capacidad_total: Decimal | null; unidad_capacidad: string | null; estado: string; created_at: Date; updated_at: Date; }'. Did you mean 'capacidad_total'?
src/lib/services/almacenesService.ts(45,27): error TS2551: Property 'capacidadTotal' does not exist on type '{ id: bigint; nombre: string; direccion: string | null; telefono: string | null; email: string | null; descripcion: string | null; responsable_id: bigint | null; capacidad_total: Decimal | null; unidad_capacidad: string | null; estado: string; created_at: Date; updated_at: Date; }'. Did you mean 'capacidad_total'?
src/lib/services/asientosContablesService.ts(6,40): error TS2551: Property 'asientosContables' does not exist on type 'PrismaClient<PrismaClientOptions, never, DefaultArgs>'. Did you mean 'asientos_contables'?
src/lib/services/asientosContablesService.ts(13,25): error TS2304: Cannot find name 'detalles'.
src/lib/services/asientosContablesService.ts(14,26): error TS2304: Cannot find name 'detalles'.
src/lib/services/asientosContablesService.ts(20,25): error TS2551: Property 'asientosContables' does not exist on type 'PrismaClient<PrismaClientOptions, never, DefaultArgs>'. Did you mean 'asientos_contables'?
src/lib/services/asientosContablesService.ts(24,25): error TS2339: Property 'concepto' does not exist on type '{ tipo: "debe" | "haber"; cuenta: "caja" | "bancos" | "cuentas_por_cobrar" | "inventario" | "ventas" | "costo_ventas" | "cuentas_por_pagar" | "capital" | "igv" | "descuentos" | "gastos_operativos"; ... 5 more ...; usuario_id?: number | ... 1 more ... | undefined; }'.
src/lib/services/asientosContablesService.ts(25,28): error TS2339: Property 'tipoAsiento' does not exist on type '{ tipo: "debe" | "haber"; cuenta: "caja" | "bancos" | "cuentas_por_cobrar" | "inventario" | "ventas" | "costo_ventas" | "cuentas_por_pagar" | "capital" | "igv" | "descuentos" | "gastos_operativos"; ... 5 more ...; usuario_id?: number | ... 1 more ... | undefined; }'.
src/lib/services/asientosContablesService.ts(27,23): error TS2339: Property 'moneda' does not exist on type '{ tipo: "debe" | "haber"; cuenta: "caja" | "bancos" | "cuentas_por_cobrar" | "inventario" | "ventas" | "costo_ventas" | "cuentas_por_pagar" | "capital" | "igv" | "descuentos" | "gastos_operativos"; ... 5 more ...; usuario_id?: number | ... 1 more ... | undefined; }'.
src/lib/services/asientosContablesService.ts(28,27): error TS2339: Property 'tasaCambio' does not exist on type '{ tipo: "debe" | "haber"; cuenta: "caja" | "bancos" | "cuentas_por_cobrar" | "inventario" | "ventas" | "costo_ventas" | "cuentas_por_pagar" | "capital" | "igv" | "descuentos" | "gastos_operativos"; ... 5 more ...; usuario_id?: number | ... 1 more ... | undefined; }'.
src/lib/services/asientosContablesService.ts(29,26): error TS2339: Property 'creadoPor' does not exist on type '{ tipo: "debe" | "haber"; cuenta: "caja" | "bancos" | "cuentas_por_cobrar" | "inventario" | "ventas" | "costo_ventas" | "cuentas_por_pagar" | "capital" | "igv" | "descuentos" | "gastos_operativos"; ... 5 more ...; usuario_id?: number | ... 1 more ... | undefined; }'.
src/lib/services/asientosContablesService.ts(30,27): error TS2339: Property 'referencia' does not exist on type '{ tipo: "debe" | "haber"; cuenta: "caja" | "bancos" | "cuentas_por_cobrar" | "inventario" | "ventas" | "costo_ventas" | "cuentas_por_pagar" | "capital" | "igv" | "descuentos" | "gastos_operativos"; ... 5 more ...; usuario_id?: number | ... 1 more ... | undefined; }'.
src/lib/services/asientosContablesService.ts(31,30): error TS2339: Property 'observaciones' does not exist on type '{ tipo: "debe" | "haber"; cuenta: "caja" | "bancos" | "cuentas_por_cobrar" | "inventario" | "ventas" | "costo_ventas" | "cuentas_por_pagar" | "capital" | "igv" | "descuentos" | "gastos_operativos"; ... 5 more ...; usuario_id?: number | ... 1 more ... | undefined; }'.
src/lib/services/asientosContablesService.ts(36,19): error TS2304: Cannot find name 'detalles'.
src/lib/services/asientosContablesService.ts(55,25): error TS2551: Property 'asientosContables' does not exist on type 'PrismaClient<PrismaClientOptions, never, DefaultArgs>'. Did you mean 'asientos_contables'?
src/lib/services/asientosContablesService.ts(63,25): error TS2551: Property 'asientosContables' does not exist on type 'PrismaClient<PrismaClientOptions, never, DefaultArgs>'. Did you mean 'asientos_contables'?
src/lib/services/asientosContablesService.ts(74,25): error TS2551: Property 'asientosContables' does not exist on type 'PrismaClient<PrismaClientOptions, never, DefaultArgs>'. Did you mean 'asientos_contables'?
src/lib/services/asientosContablesService.ts(85,25): error TS2551: Property 'asientosContables' does not exist on type 'PrismaClient<PrismaClientOptions, never, DefaultArgs>'. Did you mean 'asientos_contables'?
src/lib/services/auditoriaService.ts(8,9): error TS2561: Object literal may only specify known properties, but 'usuario' does not exist in type '(Without<auditoriaCreateInput, auditoriaUncheckedCreateInput> & auditoriaUncheckedCreateInput) | (Without<...> & auditoriaCreateInput)'. Did you mean to write 'usuarios'?
src/lib/services/auditoriaService.ts(8,24): error TS2339: Property 'usuario' does not exist on type 'Omit<{ id: number; accion: "crear" | "actualizar" | "eliminar" | "aprobar" | "rechazar" | "anular"; tabla: string; registro_id: number; created_at: Date; usuario_id?: number | null | undefined; datos_antes?: string | ... 1 more ... | undefined; datos_despues?: string | ... 1 more ... | undefined; ip_address?: string...'.
src/lib/services/auditoriaService.ts(11,27): error TS2551: Property 'registroId' does not exist on type 'Omit<{ id: number; accion: "crear" | "actualizar" | "eliminar" | "aprobar" | "rechazar" | "anular"; tabla: string; registro_id: number; created_at: Date; usuario_id?: number | null | undefined; datos_antes?: string | ... 1 more ... | undefined; datos_despues?: string | ... 1 more ... | undefined; ip_address?: string...'. Did you mean 'registro_id'?
src/lib/services/auditoriaService.ts(12,24): error TS2339: Property 'cambios' does not exist on type 'Omit<{ id: number; accion: "crear" | "actualizar" | "eliminar" | "aprobar" | "rechazar" | "anular"; tabla: string; registro_id: number; created_at: Date; usuario_id?: number | null | undefined; datos_antes?: string | ... 1 more ... | undefined; datos_despues?: string | ... 1 more ... | undefined; ip_address?: string...'.
src/lib/services/auditoriaService.ts(13,25): error TS2339: Property 'ipOrigen' does not exist on type 'Omit<{ id: number; accion: "crear" | "actualizar" | "eliminar" | "aprobar" | "rechazar" | "anular"; tabla: string; registro_id: number; created_at: Date; usuario_id?: number | null | undefined; datos_antes?: string | ... 1 more ... | undefined; datos_despues?: string | ... 1 more ... | undefined; ip_address?: string...'.
src/lib/services/auditoriaService.ts(14,26): error TS2551: Property 'userAgent' does not exist on type 'Omit<{ id: number; accion: "crear" | "actualizar" | "eliminar" | "aprobar" | "rechazar" | "anular"; tabla: string; registro_id: number; created_at: Date; usuario_id?: number | null | undefined; datos_antes?: string | ... 1 more ... | undefined; datos_despues?: string | ... 1 more ... | undefined; ip_address?: string...'. Did you mean 'user_agent'?
src/lib/services/auditoriaService.ts(15,24): error TS2339: Property 'estatus' does not exist on type 'Omit<{ id: number; accion: "crear" | "actualizar" | "eliminar" | "aprobar" | "rechazar" | "anular"; tabla: string; registro_id: number; created_at: Date; usuario_id?: number | null | undefined; datos_antes?: string | ... 1 more ... | undefined; datos_despues?: string | ... 1 more ... | undefined; ip_address?: string...'.
src/lib/services/auditoriaService.ts(16,29): error TS2339: Property 'detalleError' does not exist on type 'Omit<{ id: number; accion: "crear" | "actualizar" | "eliminar" | "aprobar" | "rechazar" | "anular"; tabla: string; registro_id: number; created_at: Date; usuario_id?: number | null | undefined; datos_antes?: string | ... 1 more ... | undefined; datos_despues?: string | ... 1 more ... | undefined; ip_address?: string...'.
src/lib/services/auditoriaService.ts(17,23): error TS2339: Property 'modulo' does not exist on type 'Omit<{ id: number; accion: "crear" | "actualizar" | "eliminar" | "aprobar" | "rechazar" | "anular"; tabla: string; registro_id: number; created_at: Date; usuario_id?: number | null | undefined; datos_antes?: string | ... 1 more ... | undefined; datos_despues?: string | ... 1 more ... | undefined; ip_address?: string...'.
src/lib/services/auditoriaService.ts(18,28): error TS2339: Property 'descripcion' does not exist on type 'Omit<{ id: number; accion: "crear" | "actualizar" | "eliminar" | "aprobar" | "rechazar" | "anular"; tabla: string; registro_id: number; created_at: Date; usuario_id?: number | null | undefined; datos_antes?: string | ... 1 more ... | undefined; datos_despues?: string | ... 1 more ... | undefined; ip_address?: string...'.
src/lib/services/auditoriaService.ts(19,26): error TS2339: Property 'sessionId' does not exist on type 'Omit<{ id: number; accion: "crear" | "actualizar" | "eliminar" | "aprobar" | "rechazar" | "anular"; tabla: string; registro_id: number; created_at: Date; usuario_id?: number | null | undefined; datos_antes?: string | ... 1 more ... | undefined; datos_despues?: string | ... 1 more ... | undefined; ip_address?: string...'.
src/lib/services/auditoriaService.ts(35,20): error TS2353: Object literal may only specify known properties, and 'timestamp' does not exist in type 'auditoriaOrderByWithRelationInput | auditoriaOrderByWithRelationInput[]'.
src/lib/services/auditoriaService.ts(43,7): error TS2353: Object literal may only specify known properties, and 'registros' does not exist in type 'any[]'.
src/lib/services/auditoriaService.ts(53,23): error TS2561: Object literal may only specify known properties, but 'registroId' does not exist in type 'auditoriaWhereInput'. Did you mean to write 'registro_id'?
src/lib/services/auditoriaService.ts(54,18): error TS2353: Object literal may only specify known properties, and 'timestamp' does not exist in type 'auditoriaOrderByWithRelationInput | auditoriaOrderByWithRelationInput[]'.
src/lib/services/auditoriaService.ts(68,18): error TS2353: Object literal may only specify known properties, and 'timestamp' does not exist in type 'auditoriaOrderByWithRelationInput | auditoriaOrderByWithRelationInput[]'.
src/lib/services/auditoriaService.ts(82,18): error TS2353: Object literal may only specify known properties, and 'timestamp' does not exist in type 'auditoriaOrderByWithRelationInput | auditoriaOrderByWithRelationInput[]'.
src/lib/services/auditoriaService.ts(91,16): error TS2353: Object literal may only specify known properties, and 'timestamp' does not exist in type 'auditoriaWhereInput'.
src/lib/services/auditoriaService.ts(99,9): error TS2353: Object literal may only specify known properties, and 'timestamp' does not exist in type 'auditoriaWhereInput'.
src/lib/services/auditoriaService.ts(117,40): error TS2339: Property 'estatus' does not exist on type '{ id: bigint; created_at: Date; usuario_id: bigint | null; tabla: string; accion: AccionAuditoria; registro_id: bigint; datos_antes: JsonValue; datos_despues: JsonValue; ip_address: string | null; user_agent: string | null; }'.
src/lib/services/comprobantesService.ts(8,18): error TS2353: Object literal may only specify known properties, and 'numero' does not exist in type 'comprobantesOrderByWithRelationInput | comprobantesOrderByWithRelationInput[]'.
src/lib/services/comprobantesService.ts(9,17): error TS2353: Object literal may only specify known properties, and 'numero' does not exist in type 'comprobantesSelect<DefaultArgs>'.
src/lib/services/comprobantesService.ts(12,47): error TS2339: Property 'numero' does not exist on type '{ created_at: Date; updated_at: Date; pedido_id: bigint | null; pago_id: bigint | null; tipo: TipoComprobante; igv: Decimal; subtotal: Decimal; ... 14 more ...; xml_url: string | null; }'.
src/lib/services/comprobantesService.ts(12,83): error TS2339: Property 'numero' does not exist on type '{ created_at: Date; updated_at: Date; pedido_id: bigint | null; pago_id: bigint | null; tipo: TipoComprobante; igv: Decimal; subtotal: Decimal; ... 14 more ...; xml_url: string | null; }'.
src/lib/services/comprobantesService.ts(14,12): error TS2352: Conversion of type '{ created_at: Date; updated_at: Date; pedido_id: bigint | null; pago_id: bigint | null; tipo: TipoComprobante; igv: Decimal; subtotal: Decimal; ... 14 more ...; xml_url: string | null; }' to type 'Promise<{ id: number; tipo: "factura" | "boleta" | "nota_credito" | "nota_debito"; serie: string; correlativo: string; subtotal: number; igv: number; total: number; moneda: string; ruc_emisor: string; ... 12 more ...; respuesta_sunat?: string | ... 1 more ... | undefined; }>' may be a mistake because neither type sufficiently overlaps with the other. If this was intentional, convert the expression to 'unknown' first.
  Type '{ created_at: Date; updated_at: Date; pedido_id: bigint | null; pago_id: bigint | null; tipo: TipoComprobante; igv: Decimal; subtotal: Decimal; ... 14 more ...; xml_url: string | null; }' is missing the following properties from type 'Promise<{ id: number; tipo: "factura" | "boleta" | "nota_credito" | "nota_debito"; serie: string; correlativo: string; subtotal: number; igv: number; total: number; moneda: string; ruc_emisor: string; ... 12 more ...; respuesta_sunat?: string | ... 1 more ... | undefined; }>': then, catch, finally, [Symbol.toStringTag]
src/lib/services/comprobantesService.ts(16,9): error TS2353: Object literal may only specify known properties, and 'numero' does not exist in type '(Without<comprobantesCreateInput, comprobantesUncheckedCreateInput> & comprobantesUncheckedCreateInput) | (Without<...> & comprobantesCreateInput)'.
src/lib/services/comprobantesService.ts(20,26): error TS2339: Property 'clienteId' does not exist on type '{ tipo: "factura" | "boleta" | "nota_credito" | "nota_debito"; igv: number; subtotal: number; total: number; moneda: string; fecha_emision: Date; correlativo: string; ruc_emisor: string; serie: string; pedido_id?: number | ... 1 more ... | undefined; pago_id?: number | ... 1 more ... | undefined; pdf_url?: string | ...'.
src/lib/services/comprobantesService.ts(21,22): error TS2339: Property 'fecha' does not exist on type '{ tipo: "factura" | "boleta" | "nota_credito" | "nota_debito"; igv: number; subtotal: number; total: number; moneda: string; fecha_emision: Date; correlativo: string; ruc_emisor: string; serie: string; pedido_id?: number | ... 1 more ... | undefined; pago_id?: number | ... 1 more ... | undefined; pdf_url?: string | ...'.
src/lib/services/comprobantesService.ts(22,33): error TS2339: Property 'fechaVencimiento' does not exist on type '{ tipo: "factura" | "boleta" | "nota_credito" | "nota_debito"; igv: number; subtotal: number; total: number; moneda: string; fecha_emision: Date; correlativo: string; ruc_emisor: string; serie: string; pedido_id?: number | ... 1 more ... | undefined; pago_id?: number | ... 1 more ... | undefined; pdf_url?: string | ...'.
src/lib/services/comprobantesService.ts(23,30): error TS2339: Property 'montoSubtotal' does not exist on type '{ tipo: "factura" | "boleta" | "nota_credito" | "nota_debito"; igv: number; subtotal: number; total: number; moneda: string; fecha_emision: Date; correlativo: string; ruc_emisor: string; serie: string; pedido_id?: number | ... 1 more ... | undefined; pago_id?: number | ... 1 more ... | undefined; pdf_url?: string | ...'.
src/lib/services/comprobantesService.ts(25,28): error TS2339: Property 'otrosCargos' does not exist on type '{ tipo: "factura" | "boleta" | "nota_credito" | "nota_debito"; igv: number; subtotal: number; total: number; moneda: string; fecha_emision: Date; correlativo: string; ruc_emisor: string; serie: string; pedido_id?: number | ... 1 more ... | undefined; pago_id?: number | ... 1 more ... | undefined; pdf_url?: string | ...'.
src/lib/services/comprobantesService.ts(26,26): error TS2339: Property 'descuento' does not exist on type '{ tipo: "factura" | "boleta" | "nota_credito" | "nota_debito"; igv: number; subtotal: number; total: number; moneda: string; fecha_emision: Date; correlativo: string; ruc_emisor: string; serie: string; pedido_id?: number | ... 1 more ... | undefined; pago_id?: number | ... 1 more ... | undefined; pdf_url?: string | ...'.
src/lib/services/comprobantesService.ts(27,27): error TS2339: Property 'montoTotal' does not exist on type '{ tipo: "factura" | "boleta" | "nota_credito" | "nota_debito"; igv: number; subtotal: number; total: number; moneda: string; fecha_emision: Date; correlativo: string; ruc_emisor: string; serie: string; pedido_id?: number | ... 1 more ... | undefined; pago_id?: number | ... 1 more ... | undefined; pdf_url?: string | ...'.
src/lib/services/comprobantesService.ts(29,27): error TS2339: Property 'metodoPago' does not exist on type '{ tipo: "factura" | "boleta" | "nota_credito" | "nota_debito"; igv: number; subtotal: number; total: number; moneda: string; fecha_emision: Date; correlativo: string; ruc_emisor: string; serie: string; pedido_id?: number | ... 1 more ... | undefined; pago_id?: number | ... 1 more ... | undefined; pdf_url?: string | ...'.
src/lib/services/comprobantesService.ts(30,27): error TS2339: Property 'referencia' does not exist on type '{ tipo: "factura" | "boleta" | "nota_credito" | "nota_debito"; igv: number; subtotal: number; total: number; moneda: string; fecha_emision: Date; correlativo: string; ruc_emisor: string; serie: string; pedido_id?: number | ... 1 more ... | undefined; pago_id?: number | ... 1 more ... | undefined; pdf_url?: string | ...'.
src/lib/services/comprobantesService.ts(31,30): error TS2339: Property 'observaciones' does not exist on type '{ tipo: "factura" | "boleta" | "nota_credito" | "nota_debito"; igv: number; subtotal: number; total: number; moneda: string; fecha_emision: Date; correlativo: string; ruc_emisor: string; serie: string; pedido_id?: number | ... 1 more ... | undefined; pago_id?: number | ... 1 more ... | undefined; pdf_url?: string | ...'.
src/lib/services/comprobantesService.ts(32,27): error TS2339: Property 'emitidoPor' does not exist on type '{ tipo: "factura" | "boleta" | "nota_credito" | "nota_debito"; igv: number; subtotal: number; total: number; moneda: string; fecha_emision: Date; correlativo: string; ruc_emisor: string; serie: string; pedido_id?: number | ... 1 more ... | undefined; pago_id?: number | ... 1 more ... | undefined; pdf_url?: string | ...'.
src/lib/services/comprobantesService.ts(43,12): error TS2352: Conversion of type '{ created_at: Date; updated_at: Date; pedido_id: bigint | null; pago_id: bigint | null; tipo: TipoComprobante; igv: Decimal; subtotal: Decimal; ... 14 more ...; xml_url: string | null; }[]' to type 'Promise<{ id: number; tipo: "factura" | "boleta" | "nota_credito" | "nota_debito"; serie: string; correlativo: string; subtotal: number; igv: number; total: number; moneda: string; ruc_emisor: string; ... 12 more ...; respuesta_sunat?: string | ... 1 more ... | undefined; }[]>' may be a mistake because neither type sufficiently overlaps with the other. If this was intentional, convert the expression to 'unknown' first.
  Type '{ created_at: Date; updated_at: Date; pedido_id: bigint | null; pago_id: bigint | null; tipo: TipoComprobante; igv: Decimal; subtotal: Decimal; ... 14 more ...; xml_url: string | null; }[]' is missing the following properties from type 'Promise<{ id: number; tipo: "factura" | "boleta" | "nota_credito" | "nota_debito"; serie: string; correlativo: string; subtotal: number; igv: number; total: number; moneda: string; ruc_emisor: string; ... 12 more ...; respuesta_sunat?: string | ... 1 more ... | undefined; }[]>': then, catch, finally, [Symbol.toStringTag]
src/lib/services/comprobantesService.ts(45,18): error TS2353: Object literal may only specify known properties, and 'fecha' does not exist in type 'comprobantesOrderByWithRelationInput | comprobantesOrderByWithRelationInput[]'.
src/lib/services/comprobantesService.ts(50,12): error TS2352: Conversion of type '{ created_at: Date; updated_at: Date; pedido_id: bigint | null; pago_id: bigint | null; tipo: TipoComprobante; igv: Decimal; subtotal: Decimal; ... 14 more ...; xml_url: string | null; }' to type 'Promise<{ id: number; tipo: "factura" | "boleta" | "nota_credito" | "nota_debito"; serie: string; correlativo: string; subtotal: number; igv: number; total: number; moneda: string; ruc_emisor: string; ... 12 more ...; respuesta_sunat?: string | ... 1 more ... | undefined; }>' may be a mistake because neither type sufficiently overlaps with the other. If this was intentional, convert the expression to 'unknown' first.
  Type '{ created_at: Date; updated_at: Date; pedido_id: bigint | null; pago_id: bigint | null; tipo: TipoComprobante; igv: Decimal; subtotal: Decimal; ... 14 more ...; xml_url: string | null; }' is missing the following properties from type 'Promise<{ id: number; tipo: "factura" | "boleta" | "nota_credito" | "nota_debito"; serie: string; correlativo: string; subtotal: number; igv: number; total: number; moneda: string; ruc_emisor: string; ... 12 more ...; respuesta_sunat?: string | ... 1 more ... | undefined; }>': then, catch, finally, [Symbol.toStringTag]
src/lib/services/comprobantesService.ts(51,16): error TS2353: Object literal may only specify known properties, and 'id' does not exist in type 'comprobantesWhereUniqueInput'.
src/lib/services/comprobantesService.ts(53,9): error TS2353: Object literal may only specify known properties, and 'estado' does not exist in type '(Without<comprobantesUpdateInput, comprobantesUncheckedUpdateInput> & comprobantesUncheckedUpdateInput) | (Without<...> & comprobantesUpdateInput)'.
src/lib/services/comprobantesService.ts(60,12): error TS2352: Conversion of type '{ created_at: Date; updated_at: Date; pedido_id: bigint | null; pago_id: bigint | null; tipo: TipoComprobante; igv: Decimal; subtotal: Decimal; ... 14 more ...; xml_url: string | null; }[]' to type 'Promise<{ id: number; tipo: "factura" | "boleta" | "nota_credito" | "nota_debito"; serie: string; correlativo: string; subtotal: number; igv: number; total: number; moneda: string; ruc_emisor: string; ... 12 more ...; respuesta_sunat?: string | ... 1 more ... | undefined; }[]>' may be a mistake because neither type sufficiently overlaps with the other. If this was intentional, convert the expression to 'unknown' first.
  Type '{ created_at: Date; updated_at: Date; pedido_id: bigint | null; pago_id: bigint | null; tipo: TipoComprobante; igv: Decimal; subtotal: Decimal; ... 14 more ...; xml_url: string | null; }[]' is missing the following properties from type 'Promise<{ id: number; tipo: "factura" | "boleta" | "nota_credito" | "nota_debito"; serie: string; correlativo: string; subtotal: number; igv: number; total: number; moneda: string; ruc_emisor: string; ... 12 more ...; respuesta_sunat?: string | ... 1 more ... | undefined; }[]>': then, catch, finally, [Symbol.toStringTag]
src/lib/services/comprobantesService.ts(62,9): error TS2353: Object literal may only specify known properties, and 'estado' does not exist in type 'comprobantesWhereInput'.
src/lib/services/comprobantesService.ts(64,18): error TS2353: Object literal may only specify known properties, and 'fechaVencimiento' does not exist in type 'comprobantesOrderByWithRelationInput | comprobantesOrderByWithRelationInput[]'.
src/lib/services/comprobantesService.ts(70,12): error TS2352: Conversion of type '{ created_at: Date; updated_at: Date; pedido_id: bigint | null; pago_id: bigint | null; tipo: TipoComprobante; igv: Decimal; subtotal: Decimal; ... 14 more ...; xml_url: string | null; }[]' to type 'Promise<{ id: number; tipo: "factura" | "boleta" | "nota_credito" | "nota_debito"; serie: string; correlativo: string; subtotal: number; igv: number; total: number; moneda: string; ruc_emisor: string; ... 12 more ...; respuesta_sunat?: string | ... 1 more ... | undefined; }[]>' may be a mistake because neither type sufficiently overlaps with the other. If this was intentional, convert the expression to 'unknown' first.
  Type '{ created_at: Date; updated_at: Date; pedido_id: bigint | null; pago_id: bigint | null; tipo: TipoComprobante; igv: Decimal; subtotal: Decimal; ... 14 more ...; xml_url: string | null; }[]' is missing the following properties from type 'Promise<{ id: number; tipo: "factura" | "boleta" | "nota_credito" | "nota_debito"; serie: string; correlativo: string; subtotal: number; igv: number; total: number; moneda: string; ruc_emisor: string; ... 12 more ...; respuesta_sunat?: string | ... 1 more ... | undefined; }[]>': then, catch, finally, [Symbol.toStringTag]
src/lib/services/comprobantesService.ts(72,9): error TS2353: Object literal may only specify known properties, and 'fechaVencimiento' does not exist in type 'comprobantesWhereInput'.
src/lib/services/comprobantesService.ts(75,18): error TS2353: Object literal may only specify known properties, and 'fechaVencimiento' does not exist in type 'comprobantesOrderByWithRelationInput | comprobantesOrderByWithRelationInput[]'.
src/lib/services/comprobantesService.ts(80,12): error TS2352: Conversion of type '{ created_at: Date; updated_at: Date; pedido_id: bigint | null; pago_id: bigint | null; tipo: TipoComprobante; igv: Decimal; subtotal: Decimal; ... 14 more ...; xml_url: string | null; }' to type 'Promise<{ id: number; tipo: "factura" | "boleta" | "nota_credito" | "nota_debito"; serie: string; correlativo: string; subtotal: number; igv: number; total: number; moneda: string; ruc_emisor: string; ... 12 more ...; respuesta_sunat?: string | ... 1 more ... | undefined; }>' may be a mistake because neither type sufficiently overlaps with the other. If this was intentional, convert the expression to 'unknown' first.
  Type '{ created_at: Date; updated_at: Date; pedido_id: bigint | null; pago_id: bigint | null; tipo: TipoComprobante; igv: Decimal; subtotal: Decimal; ... 14 more ...; xml_url: string | null; }' is missing the following properties from type 'Promise<{ id: number; tipo: "factura" | "boleta" | "nota_credito" | "nota_debito"; serie: string; correlativo: string; subtotal: number; igv: number; total: number; moneda: string; ruc_emisor: string; ... 12 more ...; respuesta_sunat?: string | ... 1 more ... | undefined; }>': then, catch, finally, [Symbol.toStringTag]
src/lib/services/comprobantesService.ts(81,16): error TS2353: Object literal may only specify known properties, and 'id' does not exist in type 'comprobantesWhereUniqueInput'.
src/lib/services/comprobantesService.ts(82,15): error TS2353: Object literal may only specify known properties, and 'estado' does not exist in type '(Without<comprobantesUpdateInput, comprobantesUncheckedUpdateInput> & comprobantesUncheckedUpdateInput) | (Without<...> & comprobantesUpdateInput)'.
src/lib/services/fichas-tecnicas-rpc-service.ts(160,7): error TS2322: Type 'bigint' is not assignable to type 'number'.
src/lib/services/fichas-tecnicas-rpc-service.ts(169,51): error TS2322: Type 'bigint' is not assignable to type 'number'.
src/lib/services/fichas-tecnicas-rpc-service.ts(208,9): error TS2353: Object literal may only specify known properties, and 'updated_at' does not exist in type '(Without<fichas_tecnicasUpdateInput, fichas_tecnicasUncheckedUpdateInput> & fichas_tecnicasUncheckedUpdateInput) | (Without<...> & fichas_tecnicasUpdateInput)'.
src/lib/services/fichas-tecnicas-rpc-service.ts(273,9): error TS2353: Object literal may only specify known properties, and 'updated_at' does not exist in type '(Without<fichas_tecnicasUpdateInput, fichas_tecnicasUncheckedUpdateInput> & fichas_tecnicasUncheckedUpdateInput) | (Without<...> & fichas_tecnicasUpdateInput)'.
src/lib/services/fichas-tecnicas-rpc-service.ts(300,9): error TS2353: Object literal may only specify known properties, and 'updated_at' does not exist in type '(Without<fichas_tecnicasUpdateInput, fichas_tecnicasUncheckedUpdateInput> & fichas_tecnicasUncheckedUpdateInput) | (Without<...> & fichas_tecnicasUpdateInput)'.
src/lib/services/fichas-tecnicas-rpc-service.ts(371,16): error TS2339: Property 'fichas_tecnicas_detalle' does not exist on type 'FichaTecnicaConDetalles'.
src/lib/services/fichas-tecnicas-rpc-service.ts(371,49): error TS2339: Property 'fichas_tecnicas_detalle' does not exist on type 'FichaTecnicaConDetalles'.
src/lib/services/fichas-tecnicas-services.ts(17,15): error TS2322: Type '{ OR?: ({ version: { contains: string; mode: "insensitive"; }; } | { descripcion_detallada: { contains: string; mode: "insensitive"; }; } | { producto: { nombre: { contains: string; mode: string; }; }; } | { ...; })[] | undefined; estado?: $Enums.EstadoFicha | undefined; }' is not assignable to type 'fichas_tecnicasWhereInput'.
  Types of property 'OR' are incompatible.
    Type '({ version: { contains: string; mode: "insensitive"; }; } | { descripcion_detallada: { contains: string; mode: "insensitive"; }; } | { producto: { nombre: { contains: string; mode: string; }; }; } | { ...; })[] | undefined' is not assignable to type 'fichas_tecnicasWhereInput[] | undefined'.
      Type '({ version: { contains: string; mode: "insensitive"; }; } | { descripcion_detallada: { contains: string; mode: "insensitive"; }; } | { producto: { nombre: { contains: string; mode: string; }; }; } | { producto: { ...; }; })[]' is not assignable to type 'fichas_tecnicasWhereInput[]'.
        Type '{ version: { contains: string; mode: "insensitive"; }; } | { descripcion_detallada: { contains: string; mode: "insensitive"; }; } | { producto: { nombre: { contains: string; mode: string; }; }; } | { producto: { ...; }; }' is not assignable to type 'fichas_tecnicasWhereInput'.
          Object literal may only specify known properties, but 'producto' does not exist in type 'fichas_tecnicasWhereInput'. Did you mean to write 'productos'?
src/lib/services/fichas-tecnicas-services.ts(23,9): error TS2561: Object literal may only specify known properties, but 'producto' does not exist in type 'fichas_tecnicasInclude<DefaultArgs>'. Did you mean to write 'productos'?
src/lib/services/fichas-tecnicas-services.ts(36,9): error TS2561: Object literal may only specify known properties, but 'producto' does not exist in type 'fichas_tecnicasInclude<DefaultArgs>'. Did you mean to write 'productos'?
src/lib/services/fichas-tecnicas-services.ts(88,18): error TS2561: Object literal may only specify known properties, but 'fichas_tecnicas_id' does not exist in type '(Without<productosUpdateInput, productosUncheckedUpdateInput> & productosUncheckedUpdateInput) | (Without<...> & productosUpdateInput)'. Did you mean to write 'fichas_tecnicas'?
src/lib/services/fichas-tecnicas-services.ts(190,9): error TS2561: Object literal may only specify known properties, but 'tipo_movimiento' does not exist in type 'InsertarMovimientoParams'. Did you mean to write 'tipoMovimiento'?
src/lib/services/guiasRemisionService.ts(6,37): error TS2551: Property 'guiasRemision' does not exist on type 'PrismaClient<PrismaClientOptions, never, DefaultArgs>'. Did you mean 'guias_remision'?
src/lib/services/guiasRemisionService.ts(7,29): error TS2339: Property 'serie' does not exist on type '{ tipo: "envio_taller" | "retorno_taller" | "despacho_cliente" | "devolucion_cliente" | "traslado_almacen"; origen_tipo: string; origen_direccion: string; destino_tipo: string; ... 13 more ...; emitido_por?: number | ... 1 more ... | undefined; }'.
src/lib/services/guiasRemisionService.ts(14,25): error TS2551: Property 'guiasRemision' does not exist on type 'PrismaClient<PrismaClientOptions, never, DefaultArgs>'. Did you mean 'guias_remision'?
src/lib/services/guiasRemisionService.ts(17,22): error TS2339: Property 'serie' does not exist on type '{ tipo: "envio_taller" | "retorno_taller" | "despacho_cliente" | "devolucion_cliente" | "traslado_almacen"; origen_tipo: string; origen_direccion: string; destino_tipo: string; ... 13 more ...; emitido_por?: number | ... 1 more ... | undefined; }'.
src/lib/services/guiasRemisionService.ts(18,30): error TS2339: Property 'almacenOrigen' does not exist on type '{ tipo: "envio_taller" | "retorno_taller" | "despacho_cliente" | "devolucion_cliente" | "traslado_almacen"; origen_tipo: string; origen_direccion: string; destino_tipo: string; ... 13 more ...; emitido_por?: number | ... 1 more ... | undefined; }'.
src/lib/services/guiasRemisionService.ts(19,31): error TS2339: Property 'almacenDestino' does not exist on type '{ tipo: "envio_taller" | "retorno_taller" | "despacho_cliente" | "devolucion_cliente" | "traslado_almacen"; origen_tipo: string; origen_direccion: string; destino_tipo: string; ... 13 more ...; emitido_por?: number | ... 1 more ... | undefined; }'.
src/lib/services/guiasRemisionService.ts(20,30): error TS2339: Property 'ordenCompraId' does not exist on type '{ tipo: "envio_taller" | "retorno_taller" | "despacho_cliente" | "devolucion_cliente" | "traslado_almacen"; origen_tipo: string; origen_direccion: string; destino_tipo: string; ... 13 more ...; emitido_por?: number | ... 1 more ... | undefined; }'.
src/lib/services/guiasRemisionService.ts(21,25): error TS2551: Property 'pedidoId' does not exist on type '{ tipo: "envio_taller" | "retorno_taller" | "despacho_cliente" | "devolucion_cliente" | "traslado_almacen"; origen_tipo: string; origen_direccion: string; destino_tipo: string; ... 13 more ...; emitido_por?: number | ... 1 more ... | undefined; }'. Did you mean 'pedido_id'?
src/lib/services/guiasRemisionService.ts(22,22): error TS2339: Property 'fecha' does not exist on type '{ tipo: "envio_taller" | "retorno_taller" | "despacho_cliente" | "devolucion_cliente" | "traslado_almacen"; origen_tipo: string; origen_direccion: string; destino_tipo: string; ... 13 more ...; emitido_por?: number | ... 1 more ... | undefined; }'.
src/lib/services/guiasRemisionService.ts(24,22): error TS2339: Property 'placa' does not exist on type '{ tipo: "envio_taller" | "retorno_taller" | "despacho_cliente" | "devolucion_cliente" | "traslado_almacen"; origen_tipo: string; origen_direccion: string; destino_tipo: string; ... 13 more ...; emitido_por?: number | ... 1 more ... | undefined; }'.
src/lib/services/guiasRemisionService.ts(25,26): error TS2339: Property 'conductor' does not exist on type '{ tipo: "envio_taller" | "retorno_taller" | "despacho_cliente" | "devolucion_cliente" | "traslado_almacen"; origen_tipo: string; origen_direccion: string; destino_tipo: string; ... 13 more ...; emitido_por?: number | ... 1 more ... | undefined; }'.
src/lib/services/guiasRemisionService.ts(26,35): error TS2339: Property 'documentoConductor' does not exist on type '{ tipo: "envio_taller" | "retorno_taller" | "despacho_cliente" | "devolucion_cliente" | "traslado_almacen"; origen_tipo: string; origen_direccion: string; destino_tipo: string; ... 13 more ...; emitido_por?: number | ... 1 more ... | undefined; }'.
src/lib/services/guiasRemisionService.ts(27,26): error TS2339: Property 'pesoTotal' does not exist on type '{ tipo: "envio_taller" | "retorno_taller" | "despacho_cliente" | "devolucion_cliente" | "traslado_almacen"; origen_tipo: string; origen_direccion: string; destino_tipo: string; ... 13 more ...; emitido_por?: number | ... 1 more ... | undefined; }'.
src/lib/services/guiasRemisionService.ts(28,24): error TS2339: Property 'volumen' does not exist on type '{ tipo: "envio_taller" | "retorno_taller" | "despacho_cliente" | "devolucion_cliente" | "traslado_almacen"; origen_tipo: string; origen_direccion: string; destino_tipo: string; ... 13 more ...; emitido_por?: number | ... 1 more ... | undefined; }'.
src/lib/services/guiasRemisionService.ts(41,25): error TS2551: Property 'guiasRemision' does not exist on type 'PrismaClient<PrismaClientOptions, never, DefaultArgs>'. Did you mean 'guias_remision'?
src/lib/services/guiasRemisionService.ts(48,25): error TS2551: Property 'guiasRemision' does not exist on type 'PrismaClient<PrismaClientOptions, never, DefaultArgs>'. Did you mean 'guias_remision'?
src/lib/services/guiasRemisionService.ts(60,25): error TS2551: Property 'guiasRemision' does not exist on type 'PrismaClient<PrismaClientOptions, never, DefaultArgs>'. Did you mean 'guias_remision'?
src/lib/services/guiasRemisionService.ts(67,25): error TS2551: Property 'guiasRemision' does not exist on type 'PrismaClient<PrismaClientOptions, never, DefaultArgs>'. Did you mean 'guias_remision'?
src/lib/services/incidenciasService.ts(7,18): error TS2353: Object literal may only specify known properties, and 'numero' does not exist in type 'incidenciasOrderByWithRelationInput | incidenciasOrderByWithRelationInput[]'.
src/lib/services/incidenciasService.ts(8,17): error TS2353: Object literal may only specify known properties, and 'numero' does not exist in type 'incidenciasSelect<DefaultArgs>'.
src/lib/services/incidenciasService.ts(11,46): error TS2339: Property 'numero' does not exist on type '{ id: bigint; descripcion: string; created_at: Date; updated_at: Date | null; pedido_id: bigint; tipo: TipoIncidencia; confeccion_id: bigint | null; asignado_a: bigint | null; ... 7 more ...; solucion: string | null; }'.
src/lib/services/incidenciasService.ts(11,81): error TS2339: Property 'numero' does not exist on type '{ id: bigint; descripcion: string; created_at: Date; updated_at: Date | null; pedido_id: bigint; tipo: TipoIncidencia; confeccion_id: bigint | null; asignado_a: bigint | null; ... 7 more ...; solucion: string | null; }'.
src/lib/services/incidenciasService.ts(13,12): error TS2352: Conversion of type '{ id: bigint; descripcion: string; created_at: Date; updated_at: Date | null; pedido_id: bigint; tipo: TipoIncidencia; confeccion_id: bigint | null; asignado_a: bigint | null; ... 7 more ...; solucion: string | null; }' to type 'Promise<{ id: number; pedido_id: number; tipo: "otro" | "averia_maquina" | "falta_material" | "error_diseno" | "defecto_corte" | "defecto_confeccion" | "retraso"; severidad: "baja" | "alta" | "media" | "critica"; ... 11 more ...; updated_at?: Date | ... 1 more ... | undefined; }>' may be a mistake because neither type sufficiently overlaps with the other. If this was intentional, convert the expression to 'unknown' first.
  Type '{ id: bigint; descripcion: string; created_at: Date; updated_at: Date | null; pedido_id: bigint; tipo: TipoIncidencia; confeccion_id: bigint | null; asignado_a: bigint | null; ... 7 more ...; solucion: string | null; }' is missing the following properties from type 'Promise<{ id: number; pedido_id: number; tipo: "otro" | "averia_maquina" | "falta_material" | "error_diseno" | "defecto_corte" | "defecto_confeccion" | "retraso"; severidad: "baja" | "alta" | "media" | "critica"; ... 11 more ...; updated_at?: Date | ... 1 more ... | undefined; }>': then, catch, finally, [Symbol.toStringTag]
src/lib/services/incidenciasService.ts(15,9): error TS2353: Object literal may only specify known properties, and 'numero' does not exist in type '(Without<incidenciasCreateInput, incidenciasUncheckedCreateInput> & incidenciasUncheckedCreateInput) | (Without<...> & incidenciasCreateInput)'.
src/lib/services/incidenciasService.ts(17,26): error TS2339: Property 'prioridad' does not exist on type '{ descripcion: string; pedido_id: number; tipo: "otro" | "averia_maquina" | "falta_material" | "error_diseno" | "defecto_corte" | "defecto_confeccion" | "retraso"; fecha_reporte: Date; ... 5 more ...; impacto_horas?: number | ... 1 more ... | undefined; }'.
src/lib/services/incidenciasService.ts(19,25): error TS2551: Property 'pedidoId' does not exist on type '{ descripcion: string; pedido_id: number; tipo: "otro" | "averia_maquina" | "falta_material" | "error_diseno" | "defecto_corte" | "defecto_confeccion" | "retraso"; fecha_reporte: Date; ... 5 more ...; impacto_horas?: number | ... 1 more ... | undefined; }'. Did you mean 'pedido_id'?
src/lib/services/incidenciasService.ts(20,30): error TS2339: Property 'ordenCompraId' does not exist on type '{ descripcion: string; pedido_id: number; tipo: "otro" | "averia_maquina" | "falta_material" | "error_diseno" | "defecto_corte" | "defecto_confeccion" | "retraso"; fecha_reporte: Date; ... 5 more ...; impacto_horas?: number | ... 1 more ... | undefined; }'.
src/lib/services/incidenciasService.ts(21,29): error TS2551: Property 'reportadoPor' does not exist on type '{ descripcion: string; pedido_id: number; tipo: "otro" | "averia_maquina" | "falta_material" | "error_diseno" | "defecto_corte" | "defecto_confeccion" | "retraso"; fecha_reporte: Date; ... 5 more ...; impacto_horas?: number | ... 1 more ... | undefined; }'. Did you mean 'reportado_por'?
src/lib/services/incidenciasService.ts(22,27): error TS2339: Property 'reportadoA' does not exist on type '{ descripcion: string; pedido_id: number; tipo: "otro" | "averia_maquina" | "falta_material" | "error_diseno" | "defecto_corte" | "defecto_confeccion" | "retraso"; fecha_reporte: Date; ... 5 more ...; impacto_horas?: number | ... 1 more ... | undefined; }'.
src/lib/services/incidenciasService.ts(24,29): error TS2551: Property 'fechaReporte' does not exist on type '{ descripcion: string; pedido_id: number; tipo: "otro" | "averia_maquina" | "falta_material" | "error_diseno" | "defecto_corte" | "defecto_confeccion" | "retraso"; fecha_reporte: Date; ... 5 more ...; impacto_horas?: number | ... 1 more ... | undefined; }'. Did you mean 'fecha_reporte'?
src/lib/services/incidenciasService.ts(25,33): error TS2339: Property 'fechaVencimiento' does not exist on type '{ descripcion: string; pedido_id: number; tipo: "otro" | "averia_maquina" | "falta_material" | "error_diseno" | "defecto_corte" | "defecto_confeccion" | "retraso"; fecha_reporte: Date; ... 5 more ...; impacto_horas?: number | ... 1 more ... | undefined; }'.
src/lib/services/incidenciasService.ts(26,30): error TS2339: Property 'montoAfectado' does not exist on type '{ descripcion: string; pedido_id: number; tipo: "otro" | "averia_maquina" | "falta_material" | "error_diseno" | "defecto_corte" | "defecto_confeccion" | "retraso"; fecha_reporte: Date; ... 5 more ...; impacto_horas?: number | ... 1 more ... | undefined; }'.
src/lib/services/incidenciasService.ts(27,23): error TS2339: Property 'moneda' does not exist on type '{ descripcion: string; pedido_id: number; tipo: "otro" | "averia_maquina" | "falta_material" | "error_diseno" | "defecto_corte" | "defecto_confeccion" | "retraso"; fecha_reporte: Date; ... 5 more ...; impacto_horas?: number | ... 1 more ... | undefined; }'.
src/lib/services/incidenciasService.ts(28,26): error TS2551: Property 'asignadoA' does not exist on type '{ descripcion: string; pedido_id: number; tipo: "otro" | "averia_maquina" | "falta_material" | "error_diseno" | "defecto_corte" | "defecto_confeccion" | "retraso"; fecha_reporte: Date; ... 5 more ...; impacto_horas?: number | ... 1 more ... | undefined; }'. Did you mean 'asignado_a'?
src/lib/services/incidenciasService.ts(39,12): error TS2352: Conversion of type '{ id: bigint; descripcion: string; created_at: Date; updated_at: Date | null; pedido_id: bigint; tipo: TipoIncidencia; confeccion_id: bigint | null; asignado_a: bigint | null; ... 7 more ...; solucion: string | null; }[]' to type 'Promise<{ id: number; pedido_id: number; tipo: "otro" | "averia_maquina" | "falta_material" | "error_diseno" | "defecto_corte" | "defecto_confeccion" | "retraso"; severidad: "baja" | "alta" | "media" | "critica"; ... 11 more ...; updated_at?: Date | ... 1 more ... | undefined; }[]>' may be a mistake because neither type sufficiently overlaps with the other. If this was intentional, convert the expression to 'unknown' first.
  Type '{ id: bigint; descripcion: string; created_at: Date; updated_at: Date | null; pedido_id: bigint; tipo: TipoIncidencia; confeccion_id: bigint | null; asignado_a: bigint | null; ... 7 more ...; solucion: string | null; }[]' is missing the following properties from type 'Promise<{ id: number; pedido_id: number; tipo: "otro" | "averia_maquina" | "falta_material" | "error_diseno" | "defecto_corte" | "defecto_confeccion" | "retraso"; severidad: "baja" | "alta" | "media" | "critica"; ... 11 more ...; updated_at?: Date | ... 1 more ... | undefined; }[]>': then, catch, finally, [Symbol.toStringTag]
src/lib/services/incidenciasService.ts(41,18): error TS2353: Object literal may only specify known properties, and 'fechaReporte' does not exist in type 'incidenciasOrderByWithRelationInput | incidenciasOrderByWithRelationInput[]'.
src/lib/services/incidenciasService.ts(46,12): error TS2352: Conversion of type '{ id: bigint; descripcion: string; created_at: Date; updated_at: Date | null; pedido_id: bigint; tipo: TipoIncidencia; confeccion_id: bigint | null; asignado_a: bigint | null; ... 7 more ...; solucion: string | null; }' to type 'Promise<{ id: number; pedido_id: number; tipo: "otro" | "averia_maquina" | "falta_material" | "error_diseno" | "defecto_corte" | "defecto_confeccion" | "retraso"; severidad: "baja" | "alta" | "media" | "critica"; ... 11 more ...; updated_at?: Date | ... 1 more ... | undefined; }>' may be a mistake because neither type sufficiently overlaps with the other. If this was intentional, convert the expression to 'unknown' first.
  Type '{ id: bigint; descripcion: string; created_at: Date; updated_at: Date | null; pedido_id: bigint; tipo: TipoIncidencia; confeccion_id: bigint | null; asignado_a: bigint | null; ... 7 more ...; solucion: string | null; }' is missing the following properties from type 'Promise<{ id: number; pedido_id: number; tipo: "otro" | "averia_maquina" | "falta_material" | "error_diseno" | "defecto_corte" | "defecto_confeccion" | "retraso"; severidad: "baja" | "alta" | "media" | "critica"; ... 11 more ...; updated_at?: Date | ... 1 more ... | undefined; }>': then, catch, finally, [Symbol.toStringTag]
src/lib/services/incidenciasService.ts(47,16): error TS2322: Type 'string' is not assignable to type 'number | bigint | undefined'.
src/lib/services/incidenciasService.ts(49,9): error TS2353: Object literal may only specify known properties, and 'estatus' does not exist in type '(Without<incidenciasUpdateInput, incidenciasUncheckedUpdateInput> & incidenciasUncheckedUpdateInput) | (Without<...> & incidenciasUpdateInput)'.
src/lib/services/incidenciasService.ts(58,12): error TS2352: Conversion of type '{ id: bigint; descripcion: string; created_at: Date; updated_at: Date | null; pedido_id: bigint; tipo: TipoIncidencia; confeccion_id: bigint | null; asignado_a: bigint | null; ... 7 more ...; solucion: string | null; }' to type 'Promise<{ id: number; pedido_id: number; tipo: "otro" | "averia_maquina" | "falta_material" | "error_diseno" | "defecto_corte" | "defecto_confeccion" | "retraso"; severidad: "baja" | "alta" | "media" | "critica"; ... 11 more ...; updated_at?: Date | ... 1 more ... | undefined; }>' may be a mistake because neither type sufficiently overlaps with the other. If this was intentional, convert the expression to 'unknown' first.
  Type '{ id: bigint; descripcion: string; created_at: Date; updated_at: Date | null; pedido_id: bigint; tipo: TipoIncidencia; confeccion_id: bigint | null; asignado_a: bigint | null; ... 7 more ...; solucion: string | null; }' is missing the following properties from type 'Promise<{ id: number; pedido_id: number; tipo: "otro" | "averia_maquina" | "falta_material" | "error_diseno" | "defecto_corte" | "defecto_confeccion" | "retraso"; severidad: "baja" | "alta" | "media" | "critica"; ... 11 more ...; updated_at?: Date | ... 1 more ... | undefined; }>': then, catch, finally, [Symbol.toStringTag]
src/lib/services/incidenciasService.ts(59,16): error TS2322: Type 'string' is not assignable to type 'number | bigint | undefined'.
src/lib/services/incidenciasService.ts(61,9): error TS2561: Object literal may only specify known properties, but 'asignadoA' does not exist in type '(Without<incidenciasUpdateInput, incidenciasUncheckedUpdateInput> & incidenciasUncheckedUpdateInput) | (Without<...> & incidenciasUpdateInput)'. Did you mean to write 'asignado_a'?
src/lib/services/incidenciasService.ts(68,12): error TS2352: Conversion of type '{ id: bigint; descripcion: string; created_at: Date; updated_at: Date | null; pedido_id: bigint; tipo: TipoIncidencia; confeccion_id: bigint | null; asignado_a: bigint | null; ... 7 more ...; solucion: string | null; }[]' to type 'Promise<{ id: number; pedido_id: number; tipo: "otro" | "averia_maquina" | "falta_material" | "error_diseno" | "defecto_corte" | "defecto_confeccion" | "retraso"; severidad: "baja" | "alta" | "media" | "critica"; ... 11 more ...; updated_at?: Date | ... 1 more ... | undefined; }[]>' may be a mistake because neither type sufficiently overlaps with the other. If this was intentional, convert the expression to 'unknown' first.
  Type '{ id: bigint; descripcion: string; created_at: Date; updated_at: Date | null; pedido_id: bigint; tipo: TipoIncidencia; confeccion_id: bigint | null; asignado_a: bigint | null; ... 7 more ...; solucion: string | null; }[]' is missing the following properties from type 'Promise<{ id: number; pedido_id: number; tipo: "otro" | "averia_maquina" | "falta_material" | "error_diseno" | "defecto_corte" | "defecto_confeccion" | "retraso"; severidad: "baja" | "alta" | "media" | "critica"; ... 11 more ...; updated_at?: Date | ... 1 more ... | undefined; }[]>': then, catch, finally, [Symbol.toStringTag]
src/lib/services/incidenciasService.ts(69,16): error TS2353: Object literal may only specify known properties, and 'estatus' does not exist in type 'incidenciasWhereInput'.
src/lib/services/incidenciasService.ts(70,18): error TS2353: Object literal may only specify known properties, and 'prioridad' does not exist in type 'incidenciasOrderByWithRelationInput | incidenciasOrderByWithRelationInput[]'.
src/lib/services/incidenciasService.ts(75,12): error TS2352: Conversion of type '{ id: bigint; descripcion: string; created_at: Date; updated_at: Date | null; pedido_id: bigint; tipo: TipoIncidencia; confeccion_id: bigint | null; asignado_a: bigint | null; ... 7 more ...; solucion: string | null; }[]' to type 'Promise<{ id: number; pedido_id: number; tipo: "otro" | "averia_maquina" | "falta_material" | "error_diseno" | "defecto_corte" | "defecto_confeccion" | "retraso"; severidad: "baja" | "alta" | "media" | "critica"; ... 11 more ...; updated_at?: Date | ... 1 more ... | undefined; }[]>' may be a mistake because neither type sufficiently overlaps with the other. If this was intentional, convert the expression to 'unknown' first.
  Type '{ id: bigint; descripcion: string; created_at: Date; updated_at: Date | null; pedido_id: bigint; tipo: TipoIncidencia; confeccion_id: bigint | null; asignado_a: bigint | null; ... 7 more ...; solucion: string | null; }[]' is missing the following properties from type 'Promise<{ id: number; pedido_id: number; tipo: "otro" | "averia_maquina" | "falta_material" | "error_diseno" | "defecto_corte" | "defecto_confeccion" | "retraso"; severidad: "baja" | "alta" | "media" | "critica"; ... 11 more ...; updated_at?: Date | ... 1 more ... | undefined; }[]>': then, catch, finally, [Symbol.toStringTag]
src/lib/services/incidenciasService.ts(77,9): error TS2353: Object literal may only specify known properties, and 'prioridad' does not exist in type 'incidenciasWhereInput'.
src/lib/services/incidenciasService.ts(80,18): error TS2353: Object literal may only specify known properties, and 'fechaReporte' does not exist in type 'incidenciasOrderByWithRelationInput | incidenciasOrderByWithRelationInput[]'.
src/lib/services/index.ts(19,10): error TS2614: Module '"./notificaciones-rpc-service"' has no exported member 'notificacionesService'. Did you mean to use 'import notificacionesService from "./notificaciones-rpc-service"' instead?
src/lib/services/inventario-rpc-service.ts(14,25): error TS2307: Cannot find module '@prisma/client/runtime/library' or its corresponding type declarations.
src/lib/services/inventario-rpc-service.ts(53,5): error TS2322: Type '{ almacenId: bigint; almacenNombre: string; cantidad: number; stockMinimo: number; disponible: number; }[]' is not assignable to type 'StockPorAlmacen[]'.
  Type '{ almacenId: bigint; almacenNombre: string; cantidad: number; stockMinimo: number; disponible: number; }' is not assignable to type 'StockPorAlmacen'.
    Types of property 'almacenId' are incompatible.
      Type 'bigint' is not assignable to type 'number'.
src/lib/services/inventario-rpc-service.ts(58,26): error TS2362: The left-hand side of an arithmetic operation must be of type 'any', 'number', 'bigint' or an enum type.
src/lib/services/inventario-rpc-service.ts(58,46): error TS2363: The right-hand side of an arithmetic operation must be of type 'any', 'number', 'bigint' or an enum type.
src/lib/services/inventario-rpc-service.ts(82,5): error TS2322: Type '{ almacenId: bigint; almacenNombre: string; cantidad: number; stockMinimo: number; disponible: number; }[]' is not assignable to type 'StockPorAlmacen[]'.
  Type '{ almacenId: bigint; almacenNombre: string; cantidad: number; stockMinimo: number; disponible: number; }' is not assignable to type 'StockPorAlmacen'.
    Types of property 'almacenId' are incompatible.
      Type 'bigint' is not assignable to type 'number'.
src/lib/services/inventario-rpc-service.ts(87,26): error TS2362: The left-hand side of an arithmetic operation must be of type 'any', 'number', 'bigint' or an enum type.
src/lib/services/inventario-rpc-service.ts(87,46): error TS2363: The right-hand side of an arithmetic operation must be of type 'any', 'number', 'bigint' or an enum type.
src/lib/services/inventario-rpc-service.ts(111,5): error TS2322: Type '{ almacenId: bigint; almacenNombre: string; cantidad: number; stockMinimo: number; disponible: number; }[]' is not assignable to type 'StockPorAlmacen[]'.
  Type '{ almacenId: bigint; almacenNombre: string; cantidad: number; stockMinimo: number; disponible: number; }' is not assignable to type 'StockPorAlmacen'.
    Types of property 'almacenId' are incompatible.
      Type 'bigint' is not assignable to type 'number'.
src/lib/services/inventario-rpc-service.ts(116,26): error TS2362: The left-hand side of an arithmetic operation must be of type 'any', 'number', 'bigint' or an enum type.
src/lib/services/inventario-rpc-service.ts(116,46): error TS2363: The right-hand side of an arithmetic operation must be of type 'any', 'number', 'bigint' or an enum type.
src/lib/services/inventario-rpc-service.ts(151,9): error TS2322: Type '"COMPRA" | "AJUSTE" | "DEVOLUCCION" | "REEMPLAZO"' is not assignable to type 'ReferenciaMovimiento | null | undefined'.
  Type '"DEVOLUCCION"' is not assignable to type 'ReferenciaMovimiento | null | undefined'.
src/lib/services/inventario-rpc-service.ts(159,7): error TS2322: Type '"COMPRA" | "AJUSTE" | "DEVOLUCCION" | "REEMPLAZO"' is not assignable to type '"ORDEN" | "COMPRA" | "VENTA" | "AJUSTE" | "PRODUCCION"'.
  Type '"DEVOLUCCION"' is not assignable to type '"ORDEN" | "COMPRA" | "VENTA" | "AJUSTE" | "PRODUCCION"'.
src/lib/services/inventario-rpc-service.ts(213,9): error TS2322: Type '"VENTA" | "AJUSTE" | "PRODUCCION" | "TRANSFERENCIA"' is not assignable to type 'ReferenciaMovimiento | null | undefined'.
  Type '"PRODUCCION"' is not assignable to type 'ReferenciaMovimiento | null | undefined'.
src/lib/services/inventario-rpc-service.ts(221,7): error TS2322: Type '"VENTA" | "AJUSTE" | "PRODUCCION" | "TRANSFERENCIA"' is not assignable to type '"ORDEN" | "COMPRA" | "VENTA" | "AJUSTE" | "PRODUCCION"'.
  Type '"TRANSFERENCIA"' is not assignable to type '"ORDEN" | "COMPRA" | "VENTA" | "AJUSTE" | "PRODUCCION"'.
src/lib/services/inventario-rpc-service.ts(253,7): error TS2304: Cannot find name 'cantidadNueva'.
src/lib/services/inventario-rpc-service.ts(324,9): error TS2322: Type 'string | undefined' is not assignable to type 'ReferenciaMovimiento | EnumReferenciaMovimientoNullableFilter<"movimientos_inventario"> | null | undefined'.
  Type 'string' is not assignable to type 'ReferenciaMovimiento | EnumReferenciaMovimientoNullableFilter<"movimientos_inventario"> | null | undefined'.
src/lib/services/inventario-rpc-service.ts(417,5): error TS2322: Type '({ tipo: "producto"; id: bigint; nombre: string; stock: number; minimo: number; } | { tipo: "insumo"; id: bigint; nombre: string; stock: number; minimo: number; } | { tipo: "material"; id: number | bigint; nombre: string; stock: number; minimo: number; })[]' is not assignable to type '{ tipo: "insumo" | "producto" | "material"; id: number; nombre: string; stock: number; minimo: number; }[]'.
  Type '{ tipo: "producto"; id: bigint; nombre: string; stock: number; minimo: number; } | { tipo: "insumo"; id: bigint; nombre: string; stock: number; minimo: number; } | { tipo: "material"; id: number | bigint; nombre: string; stock: number; minimo: number; }' is not assignable to type '{ tipo: "insumo" | "producto" | "material"; id: number; nombre: string; stock: number; minimo: number; }'.
    Type '{ tipo: "producto"; id: bigint; nombre: string; stock: number; minimo: number; }' is not assignable to type '{ tipo: "insumo" | "producto" | "material"; id: number; nombre: string; stock: number; minimo: number; }'.
      Types of property 'id' are incompatible.
        Type 'bigint' is not assignable to type 'number'.
src/lib/services/inventario-rpc-service.ts(420,11): error TS2365: Operator '<=' cannot be applied to types 'Decimal' and 'number'.
src/lib/services/inventario-rpc-service.ts(421,12): error TS2362: The left-hand side of an arithmetic operation must be of type 'any', 'number', 'bigint' or an enum type.
src/lib/services/inventario-services.ts(273,9): error TS2561: Object literal may only specify known properties, but 'tipo_movimiento' does not exist in type 'InsertarMovimientoParams'. Did you mean to write 'tipoMovimiento'?
src/lib/services/movimientos-inventario-services.ts(164,11): error TS2353: Object literal may only specify known properties, and 'costo_unitario' does not exist in type 'Without<movimientos_inventarioCreateInput, movimientos_inventarioUncheckedCreateInput> & movimientos_inventarioUncheckedCreateInput'.
src/lib/services/movimientos-inventario-services.ts(255,60): error TS2353: Object literal may only specify known properties, and 'costo_unitario' does not exist in type 'movimientos_inventarioSelect<DefaultArgs>'.
src/lib/services/movimientos-inventario-services.ts(262,44): error TS2339: Property 'costo_unitario' does not exist on type '{ id: bigint; created_at: Date; updated_at: Date | null; usuario_id: bigint | null; producto_id: bigint | null; cantidad: number | null; almacen_id: bigint | null; material_id: bigint | null; ... 7 more ...; usuario_id_uuid: string | null; }'.
src/lib/services/notificaciones-rpc-service.ts(296,9): error TS2322: Type 'bigint' is not assignable to type 'number'.
src/lib/services/notificaciones-rpc-service.ts(328,9): error TS2322: Type 'bigint' is not assignable to type 'number'.
src/lib/services/notificaciones-rpc-service.ts(362,9): error TS2322: Type 'bigint' is not assignable to type 'number'.
src/lib/services/notificaciones-rpc-service.ts(394,9): error TS2322: Type 'bigint' is not assignable to type 'number'.
src/lib/services/notificaciones-rpc-service.ts(427,9): error TS2322: Type 'bigint' is not assignable to type 'number'.
src/lib/services/notificacionesService.ts(12,9): error TS2353: Object literal may only specify known properties, and 'canal' does not exist in type 'Without<notificacionesCreateInput, notificacionesUncheckedCreateInput> & notificacionesUncheckedCreateInput'.
src/lib/services/notificacionesService.ts(12,22): error TS2339: Property 'canal' does not exist on type '{ tipo: "stock_bajo" | "pedido_vencido" | "pago_pendiente" | "cotizacion_expirada" | "orden_produccion" | "confeccion_completada" | "devolucion_solicitada" | "sistema"; usuario_id: number; ... 4 more ...; url_destino?: string | ... 1 more ... | undefined; }'.
src/lib/services/notificacionesService.ts(13,26): error TS2339: Property 'prioridad' does not exist on type '{ tipo: "stock_bajo" | "pedido_vencido" | "pago_pendiente" | "cotizacion_expirada" | "orden_produccion" | "confeccion_completada" | "devolucion_solicitada" | "sistema"; usuario_id: number; ... 4 more ...; url_destino?: string | ... 1 more ... | undefined; }'.
src/lib/services/notificacionesService.ts(36,15): error TS2561: Object literal may only specify known properties, but 'leida' does not exist in type '(Without<notificacionesUpdateInput, notificacionesUncheckedUpdateInput> & notificacionesUncheckedUpdateInput) | (Without<...> & notificacionesUpdateInput)'. Did you mean to write 'leido'?
src/lib/services/notificacionesService.ts(42,39): error TS2561: Object literal may only specify known properties, but 'leida' does not exist in type 'notificacionesWhereInput'. Did you mean to write 'leido'?
src/lib/services/notificacionesService.ts(43,15): error TS2561: Object literal may only specify known properties, but 'leida' does not exist in type '(Without<notificacionesUpdateManyMutationInput, notificacionesUncheckedUpdateManyInput> & notificacionesUncheckedUpdateManyInput) | (Without<...> & notificacionesUpdateManyMutationInput)'. Did you mean to write 'leido'?
src/lib/services/notificacionesService.ts(49,39): error TS2561: Object literal may only specify known properties, but 'leida' does not exist in type 'notificacionesWhereInput'. Did you mean to write 'leido'?
src/lib/services/notificacionesService.ts(60,9): error TS2561: Object literal may only specify known properties, but 'leida' does not exist in type 'notificacionesWhereInput'. Did you mean to write 'leido'?
src/lib/services/ordenesCompraService.ts(8,36): error TS2551: Property 'proveedorId' does not exist on type '{ proveedor_id: number; total_orden: number; notas?: string | null | undefined; creado_por?: string | null | undefined; fecha_prometida?: Date | null | undefined; cotizacion_proveedor_id?: number | ... 1 more ... | undefined; fecha_recepcion?: Date | ... 1 more ... | undefined; }'. Did you mean 'proveedor_id'?
src/lib/services/ordenesCompraService.ts(10,28): error TS2339: Property 'montoTotal' does not exist on type '{ proveedor_id: number; total_orden: number; notas?: string | null | undefined; creado_por?: string | null | undefined; fecha_prometida?: Date | null | undefined; cotizacion_proveedor_id?: number | ... 1 more ... | undefined; fecha_recepcion?: Date | ... 1 more ... | undefined; }'.
src/lib/services/ordenesCompraService.ts(11,22): error TS2339: Property 'observaciones' does not exist on type '{ proveedor_id: number; total_orden: number; notas?: string | null | undefined; creado_por?: string | null | undefined; fecha_prometida?: Date | null | undefined; cotizacion_proveedor_id?: number | ... 1 more ... | undefined; fecha_recepcion?: Date | ... 1 more ... | undefined; }'.
src/lib/services/ordenesCompraService.ts(33,9): error TS2322: Type '"aprobada"' is not assignable to type 'EstadoOrdenCompra | EnumEstadoOrdenCompraFieldUpdateOperationsInput | undefined'.
src/lib/services/ordenesCompraService.ts(43,9): error TS2322: Type '"recibida"' is not assignable to type 'EstadoOrdenCompra | EnumEstadoOrdenCompraFieldUpdateOperationsInput | undefined'.
src/lib/services/ordenesCompraService.ts(53,19): error TS2322: Type '"recibida"' is not assignable to type 'EstadoOrdenCompra | NestedEnumEstadoOrdenCompraFilter<"ordenes_compra"> | undefined'.
src/lib/services/pagosService.ts(7,18): error TS2353: Object literal may only specify known properties, and 'numero' does not exist in type 'pagosOrderByWithRelationInput | pagosOrderByWithRelationInput[]'.
src/lib/services/pagosService.ts(8,17): error TS2353: Object literal may only specify known properties, and 'numero' does not exist in type 'pagosSelect<DefaultArgs>'.
src/lib/services/pagosService.ts(11,40): error TS2339: Property 'numero' does not exist on type '{ estado: EstadoPago; created_at: Date; updated_at: Date | null; pedido_id: bigint; tipo: TipoPago; monto: Decimal; usuario_id: bigint | null; ... 6 more ...; verificado_por: bigint | null; }'.
src/lib/services/pagosService.ts(11,69): error TS2339: Property 'numero' does not exist on type '{ estado: EstadoPago; created_at: Date; updated_at: Date | null; pedido_id: bigint; tipo: TipoPago; monto: Decimal; usuario_id: bigint | null; ... 6 more ...; verificado_por: bigint | null; }'.
src/lib/services/pagosService.ts(13,12): error TS2352: Conversion of type '{ estado: EstadoPago; created_at: Date; updated_at: Date | null; pedido_id: bigint; tipo: TipoPago; monto: Decimal; usuario_id: bigint | null; ... 6 more ...; verificado_por: bigint | null; }' to type 'Promise<{ id: number; pedido_id: number; monto: number; metodo_pago: "efectivo" | "transferencia_bcp" | "yape" | "plin" | "visa" | "mastercard"; fecha_pago: Date; tipo: "adelanto" | "cuota" | "saldo_final" | "pago_completo"; ... 7 more ...; updated_at?: Date | ... 1 more ... | undefined; }>' may be a mistake because neither type sufficiently overlaps with the other. If this was intentional, convert the expression to 'unknown' first.
  Type '{ estado: EstadoPago; created_at: Date; updated_at: Date | null; pedido_id: bigint; tipo: TipoPago; monto: Decimal; usuario_id: bigint | null; ... 6 more ...; verificado_por: bigint | null; }' is missing the following properties from type 'Promise<{ id: number; pedido_id: number; monto: number; metodo_pago: "efectivo" | "transferencia_bcp" | "yape" | "plin" | "visa" | "mastercard"; fecha_pago: Date; tipo: "adelanto" | "cuota" | "saldo_final" | "pago_completo"; ... 7 more ...; updated_at?: Date | ... 1 more ... | undefined; }>': then, catch, finally, [Symbol.toStringTag]
src/lib/services/pagosService.ts(15,9): error TS2353: Object literal may only specify known properties, and 'numero' does not exist in type '(Without<pagosCreateInput, pagosUncheckedCreateInput> & pagosUncheckedCreateInput) | (Without<...> & pagosCreateInput)'.
src/lib/services/pagosService.ts(16,30): error TS2339: Property 'comprobanteId' does not exist on type '{ pedido_id: number; tipo: "adelanto" | "cuota" | "saldo_final" | "pago_completo"; monto: number; metodo_pago: "efectivo" | "transferencia_bcp" | "yape" | "plin" | "visa" | "mastercard"; fecha_pago: Date; usuario_id?: number | ... 1 more ... | undefined; notas?: string | ... 1 more ... | undefined; comprobante_url?:...'.
src/lib/services/pagosService.ts(17,25): error TS2551: Property 'pedidoId' does not exist on type '{ pedido_id: number; tipo: "adelanto" | "cuota" | "saldo_final" | "pago_completo"; monto: number; metodo_pago: "efectivo" | "transferencia_bcp" | "yape" | "plin" | "visa" | "mastercard"; fecha_pago: Date; usuario_id?: number | ... 1 more ... | undefined; notas?: string | ... 1 more ... | undefined; comprobante_url?:...'. Did you mean 'pedido_id'?
src/lib/services/pagosService.ts(18,30): error TS2339: Property 'ordenCompraId' does not exist on type '{ pedido_id: number; tipo: "adelanto" | "cuota" | "saldo_final" | "pago_completo"; monto: number; metodo_pago: "efectivo" | "transferencia_bcp" | "yape" | "plin" | "visa" | "mastercard"; fecha_pago: Date; usuario_id?: number | ... 1 more ... | undefined; notas?: string | ... 1 more ... | undefined; comprobante_url?:...'.
src/lib/services/pagosService.ts(19,22): error TS2339: Property 'fecha' does not exist on type '{ pedido_id: number; tipo: "adelanto" | "cuota" | "saldo_final" | "pago_completo"; monto: number; metodo_pago: "efectivo" | "transferencia_bcp" | "yape" | "plin" | "visa" | "mastercard"; fecha_pago: Date; usuario_id?: number | ... 1 more ... | undefined; notas?: string | ... 1 more ... | undefined; comprobante_url?:...'.
src/lib/services/pagosService.ts(21,23): error TS2339: Property 'moneda' does not exist on type '{ pedido_id: number; tipo: "adelanto" | "cuota" | "saldo_final" | "pago_completo"; monto: number; metodo_pago: "efectivo" | "transferencia_bcp" | "yape" | "plin" | "visa" | "mastercard"; fecha_pago: Date; usuario_id?: number | ... 1 more ... | undefined; notas?: string | ... 1 more ... | undefined; comprobante_url?:...'.
src/lib/services/pagosService.ts(22,27): error TS2551: Property 'metodoPago' does not exist on type '{ pedido_id: number; tipo: "adelanto" | "cuota" | "saldo_final" | "pago_completo"; monto: number; metodo_pago: "efectivo" | "transferencia_bcp" | "yape" | "plin" | "visa" | "mastercard"; fecha_pago: Date; usuario_id?: number | ... 1 more ... | undefined; notas?: string | ... 1 more ... | undefined; comprobante_url?:...'. Did you mean 'metodo_pago'?
src/lib/services/pagosService.ts(24,27): error TS2339: Property 'referencia' does not exist on type '{ pedido_id: number; tipo: "adelanto" | "cuota" | "saldo_final" | "pago_completo"; monto: number; metodo_pago: "efectivo" | "transferencia_bcp" | "yape" | "plin" | "visa" | "mastercard"; fecha_pago: Date; usuario_id?: number | ... 1 more ... | undefined; notas?: string | ... 1 more ... | undefined; comprobante_url?:...'.
src/lib/services/pagosService.ts(25,29): error TS2339: Property 'procesadoPor' does not exist on type '{ pedido_id: number; tipo: "adelanto" | "cuota" | "saldo_final" | "pago_completo"; monto: number; metodo_pago: "efectivo" | "transferencia_bcp" | "yape" | "plin" | "visa" | "mastercard"; fecha_pago: Date; usuario_id?: number | ... 1 more ... | undefined; notas?: string | ... 1 more ... | undefined; comprobante_url?:...'.
src/lib/services/pagosService.ts(26,30): error TS2339: Property 'observaciones' does not exist on type '{ pedido_id: number; tipo: "adelanto" | "cuota" | "saldo_final" | "pago_completo"; monto: number; metodo_pago: "efectivo" | "transferencia_bcp" | "yape" | "plin" | "visa" | "mastercard"; fecha_pago: Date; usuario_id?: number | ... 1 more ... | undefined; notas?: string | ... 1 more ... | undefined; comprobante_url?:...'.
src/lib/services/pagosService.ts(36,12): error TS2352: Conversion of type '{ estado: EstadoPago; created_at: Date; updated_at: Date | null; pedido_id: bigint; tipo: TipoPago; monto: Decimal; usuario_id: bigint | null; ... 6 more ...; verificado_por: bigint | null; }[]' to type 'Promise<{ id: number; pedido_id: number; monto: number; metodo_pago: "efectivo" | "transferencia_bcp" | "yape" | "plin" | "visa" | "mastercard"; fecha_pago: Date; tipo: "adelanto" | "cuota" | "saldo_final" | "pago_completo"; ... 7 more ...; updated_at?: Date | ... 1 more ... | undefined; }[]>' may be a mistake because neither type sufficiently overlaps with the other. If this was intentional, convert the expression to 'unknown' first.
  Type '{ estado: EstadoPago; created_at: Date; updated_at: Date | null; pedido_id: bigint; tipo: TipoPago; monto: Decimal; usuario_id: bigint | null; ... 6 more ...; verificado_por: bigint | null; }[]' is missing the following properties from type 'Promise<{ id: number; pedido_id: number; monto: number; metodo_pago: "efectivo" | "transferencia_bcp" | "yape" | "plin" | "visa" | "mastercard"; fecha_pago: Date; tipo: "adelanto" | "cuota" | "saldo_final" | "pago_completo"; ... 7 more ...; updated_at?: Date | ... 1 more ... | undefined; }[]>': then, catch, finally, [Symbol.toStringTag]
src/lib/services/pagosService.ts(38,18): error TS2353: Object literal may only specify known properties, and 'fecha' does not exist in type 'pagosOrderByWithRelationInput | pagosOrderByWithRelationInput[]'.
src/lib/services/pagosService.ts(43,12): error TS2352: Conversion of type '{ estado: EstadoPago; created_at: Date; updated_at: Date | null; pedido_id: bigint; tipo: TipoPago; monto: Decimal; usuario_id: bigint | null; ... 6 more ...; verificado_por: bigint | null; }' to type 'Promise<{ id: number; pedido_id: number; monto: number; metodo_pago: "efectivo" | "transferencia_bcp" | "yape" | "plin" | "visa" | "mastercard"; fecha_pago: Date; tipo: "adelanto" | "cuota" | "saldo_final" | "pago_completo"; ... 7 more ...; updated_at?: Date | ... 1 more ... | undefined; }>' may be a mistake because neither type sufficiently overlaps with the other. If this was intentional, convert the expression to 'unknown' first.
  Type '{ estado: EstadoPago; created_at: Date; updated_at: Date | null; pedido_id: bigint; tipo: TipoPago; monto: Decimal; usuario_id: bigint | null; ... 6 more ...; verificado_por: bigint | null; }' is missing the following properties from type 'Promise<{ id: number; pedido_id: number; monto: number; metodo_pago: "efectivo" | "transferencia_bcp" | "yape" | "plin" | "visa" | "mastercard"; fecha_pago: Date; tipo: "adelanto" | "cuota" | "saldo_final" | "pago_completo"; ... 7 more ...; updated_at?: Date | ... 1 more ... | undefined; }>': then, catch, finally, [Symbol.toStringTag]
src/lib/services/pagosService.ts(44,16): error TS2353: Object literal may only specify known properties, and 'id' does not exist in type 'pagosWhereUniqueInput'.
src/lib/services/pagosService.ts(46,9): error TS2353: Object literal may only specify known properties, and 'estatus' does not exist in type '(Without<pagosUpdateInput, pagosUncheckedUpdateInput> & pagosUncheckedUpdateInput) | (Without<...> & pagosUpdateInput)'.
src/lib/services/pagosService.ts(54,12): error TS2352: Conversion of type '{ estado: EstadoPago; created_at: Date; updated_at: Date | null; pedido_id: bigint; tipo: TipoPago; monto: Decimal; usuario_id: bigint | null; ... 6 more ...; verificado_por: bigint | null; }' to type 'Promise<{ id: number; pedido_id: number; monto: number; metodo_pago: "efectivo" | "transferencia_bcp" | "yape" | "plin" | "visa" | "mastercard"; fecha_pago: Date; tipo: "adelanto" | "cuota" | "saldo_final" | "pago_completo"; ... 7 more ...; updated_at?: Date | ... 1 more ... | undefined; }>' may be a mistake because neither type sufficiently overlaps with the other. If this was intentional, convert the expression to 'unknown' first.
  Type '{ estado: EstadoPago; created_at: Date; updated_at: Date | null; pedido_id: bigint; tipo: TipoPago; monto: Decimal; usuario_id: bigint | null; ... 6 more ...; verificado_por: bigint | null; }' is missing the following properties from type 'Promise<{ id: number; pedido_id: number; monto: number; metodo_pago: "efectivo" | "transferencia_bcp" | "yape" | "plin" | "visa" | "mastercard"; fecha_pago: Date; tipo: "adelanto" | "cuota" | "saldo_final" | "pago_completo"; ... 7 more ...; updated_at?: Date | ... 1 more ... | undefined; }>': then, catch, finally, [Symbol.toStringTag]
src/lib/services/pagosService.ts(55,16): error TS2353: Object literal may only specify known properties, and 'id' does not exist in type 'pagosWhereUniqueInput'.
src/lib/services/pagosService.ts(57,9): error TS2353: Object literal may only specify known properties, and 'estatus' does not exist in type '(Without<pagosUpdateInput, pagosUncheckedUpdateInput> & pagosUncheckedUpdateInput) | (Without<...> & pagosUpdateInput)'.
src/lib/services/pagosService.ts(64,12): error TS2352: Conversion of type '{ estado: EstadoPago; created_at: Date; updated_at: Date | null; pedido_id: bigint; tipo: TipoPago; monto: Decimal; usuario_id: bigint | null; ... 6 more ...; verificado_por: bigint | null; }' to type 'Promise<{ id: number; pedido_id: number; monto: number; metodo_pago: "efectivo" | "transferencia_bcp" | "yape" | "plin" | "visa" | "mastercard"; fecha_pago: Date; tipo: "adelanto" | "cuota" | "saldo_final" | "pago_completo"; ... 7 more ...; updated_at?: Date | ... 1 more ... | undefined; }>' may be a mistake because neither type sufficiently overlaps with the other. If this was intentional, convert the expression to 'unknown' first.
  Type '{ estado: EstadoPago; created_at: Date; updated_at: Date | null; pedido_id: bigint; tipo: TipoPago; monto: Decimal; usuario_id: bigint | null; ... 6 more ...; verificado_por: bigint | null; }' is missing the following properties from type 'Promise<{ id: number; pedido_id: number; monto: number; metodo_pago: "efectivo" | "transferencia_bcp" | "yape" | "plin" | "visa" | "mastercard"; fecha_pago: Date; tipo: "adelanto" | "cuota" | "saldo_final" | "pago_completo"; ... 7 more ...; updated_at?: Date | ... 1 more ... | undefined; }>': then, catch, finally, [Symbol.toStringTag]
src/lib/services/pagosService.ts(65,16): error TS2353: Object literal may only specify known properties, and 'id' does not exist in type 'pagosWhereUniqueInput'.
src/lib/services/pagosService.ts(67,9): error TS2353: Object literal may only specify known properties, and 'estatus' does not exist in type '(Without<pagosUpdateInput, pagosUncheckedUpdateInput> & pagosUncheckedUpdateInput) | (Without<...> & pagosUpdateInput)'.
src/lib/services/pagosService.ts(74,12): error TS2352: Conversion of type '{ estado: EstadoPago; created_at: Date; updated_at: Date | null; pedido_id: bigint; tipo: TipoPago; monto: Decimal; usuario_id: bigint | null; ... 6 more ...; verificado_por: bigint | null; }[]' to type 'Promise<{ id: number; pedido_id: number; monto: number; metodo_pago: "efectivo" | "transferencia_bcp" | "yape" | "plin" | "visa" | "mastercard"; fecha_pago: Date; tipo: "adelanto" | "cuota" | "saldo_final" | "pago_completo"; ... 7 more ...; updated_at?: Date | ... 1 more ... | undefined; }[]>' may be a mistake because neither type sufficiently overlaps with the other. If this was intentional, convert the expression to 'unknown' first.
  Type '{ estado: EstadoPago; created_at: Date; updated_at: Date | null; pedido_id: bigint; tipo: TipoPago; monto: Decimal; usuario_id: bigint | null; ... 6 more ...; verificado_por: bigint | null; }[]' is missing the following properties from type 'Promise<{ id: number; pedido_id: number; monto: number; metodo_pago: "efectivo" | "transferencia_bcp" | "yape" | "plin" | "visa" | "mastercard"; fecha_pago: Date; tipo: "adelanto" | "cuota" | "saldo_final" | "pago_completo"; ... 7 more ...; updated_at?: Date | ... 1 more ... | undefined; }[]>': then, catch, finally, [Symbol.toStringTag]
src/lib/services/pagosService.ts(75,16): error TS2353: Object literal may only specify known properties, and 'estatus' does not exist in type 'pagosWhereInput'.
src/lib/services/pagosService.ts(76,18): error TS2353: Object literal may only specify known properties, and 'fecha' does not exist in type 'pagosOrderByWithRelationInput | pagosOrderByWithRelationInput[]'.
src/lib/services/pagosService.ts(81,12): error TS2352: Conversion of type '{ estado: EstadoPago; created_at: Date; updated_at: Date | null; pedido_id: bigint; tipo: TipoPago; monto: Decimal; usuario_id: bigint | null; ... 6 more ...; verificado_por: bigint | null; }[]' to type 'Promise<{ id: number; pedido_id: number; monto: number; metodo_pago: "efectivo" | "transferencia_bcp" | "yape" | "plin" | "visa" | "mastercard"; fecha_pago: Date; tipo: "adelanto" | "cuota" | "saldo_final" | "pago_completo"; ... 7 more ...; updated_at?: Date | ... 1 more ... | undefined; }[]>' may be a mistake because neither type sufficiently overlaps with the other. If this was intentional, convert the expression to 'unknown' first.
  Type '{ estado: EstadoPago; created_at: Date; updated_at: Date | null; pedido_id: bigint; tipo: TipoPago; monto: Decimal; usuario_id: bigint | null; ... 6 more ...; verificado_por: bigint | null; }[]' is missing the following properties from type 'Promise<{ id: number; pedido_id: number; monto: number; metodo_pago: "efectivo" | "transferencia_bcp" | "yape" | "plin" | "visa" | "mastercard"; fecha_pago: Date; tipo: "adelanto" | "cuota" | "saldo_final" | "pago_completo"; ... 7 more ...; updated_at?: Date | ... 1 more ... | undefined; }[]>': then, catch, finally, [Symbol.toStringTag]
src/lib/services/pagosService.ts(83,9): error TS2353: Object literal may only specify known properties, and 'estatus' does not exist in type 'pagosWhereInput'.
src/lib/services/pagosService.ts(86,18): error TS2353: Object literal may only specify known properties, and 'fecha' does not exist in type 'pagosOrderByWithRelationInput | pagosOrderByWithRelationInput[]'.
src/lib/services/pagosTalleresService.ts(6,25): error TS2551: Property 'pagosTalleres' does not exist on type 'PrismaClient<PrismaClientOptions, never, DefaultArgs>'. Did you mean 'pagos_taller'?
src/lib/services/pagosTalleresService.ts(8,25): error TS2551: Property 'tallerId' does not exist on type '{ monto: number; moneda: string; metodo_pago: "efectivo" | "transferencia_bcp" | "yape" | "plin" | "visa" | "mastercard"; taller_id: number; fecha_pago: Date; notas?: string | null | undefined; ... 4 more ...; registrado_por?: number | ... 1 more ... | undefined; }'. Did you mean 'taller_id'?
src/lib/services/pagosTalleresService.ts(9,26): error TS2339: Property 'ordinanId' does not exist on type '{ monto: number; moneda: string; metodo_pago: "efectivo" | "transferencia_bcp" | "yape" | "plin" | "visa" | "mastercard"; taller_id: number; fecha_pago: Date; notas?: string | null | undefined; ... 4 more ...; registrado_por?: number | ... 1 more ... | undefined; }'.
src/lib/services/pagosTalleresService.ts(10,27): error TS2339: Property 'montoTotal' does not exist on type '{ monto: number; moneda: string; metodo_pago: "efectivo" | "transferencia_bcp" | "yape" | "plin" | "visa" | "mastercard"; taller_id: number; fecha_pago: Date; notas?: string | null | undefined; ... 4 more ...; registrado_por?: number | ... 1 more ... | undefined; }'.
src/lib/services/pagosTalleresService.ts(11,30): error TS2339: Property 'montoTotal' does not exist on type '{ monto: number; moneda: string; metodo_pago: "efectivo" | "transferencia_bcp" | "yape" | "plin" | "visa" | "mastercard"; taller_id: number; fecha_pago: Date; notas?: string | null | undefined; ... 4 more ...; registrado_por?: number | ... 1 more ... | undefined; }'.
src/lib/services/pagosTalleresService.ts(14,27): error TS2551: Property 'metodoPago' does not exist on type '{ monto: number; moneda: string; metodo_pago: "efectivo" | "transferencia_bcp" | "yape" | "plin" | "visa" | "mastercard"; taller_id: number; fecha_pago: Date; notas?: string | null | undefined; ... 4 more ...; registrado_por?: number | ... 1 more ... | undefined; }'. Did you mean 'metodo_pago'?
src/lib/services/pagosTalleresService.ts(15,32): error TS2339: Property 'fechaProgramada' does not exist on type '{ monto: number; moneda: string; metodo_pago: "efectivo" | "transferencia_bcp" | "yape" | "plin" | "visa" | "mastercard"; taller_id: number; fecha_pago: Date; notas?: string | null | undefined; ... 4 more ...; registrado_por?: number | ... 1 more ... | undefined; }'.
src/lib/services/pagosTalleresService.ts(16,27): error TS2339: Property 'referencia' does not exist on type '{ monto: number; moneda: string; metodo_pago: "efectivo" | "transferencia_bcp" | "yape" | "plin" | "visa" | "mastercard"; taller_id: number; fecha_pago: Date; notas?: string | null | undefined; ... 4 more ...; registrado_por?: number | ... 1 more ... | undefined; }'.
src/lib/services/pagosTalleresService.ts(17,30): error TS2339: Property 'observaciones' does not exist on type '{ monto: number; moneda: string; metodo_pago: "efectivo" | "transferencia_bcp" | "yape" | "plin" | "visa" | "mastercard"; taller_id: number; fecha_pago: Date; notas?: string | null | undefined; ... 4 more ...; registrado_por?: number | ... 1 more ... | undefined; }'.
src/lib/services/pagosTalleresService.ts(27,25): error TS2551: Property 'pagosTalleres' does not exist on type 'PrismaClient<PrismaClientOptions, never, DefaultArgs>'. Did you mean 'pagos_taller'?
src/lib/services/pagosTalleresService.ts(34,31): error TS2551: Property 'pagosTalleres' does not exist on type 'PrismaClient<PrismaClientOptions, never, DefaultArgs>'. Did you mean 'pagos_taller'?
src/lib/services/pagosTalleresService.ts(41,25): error TS2551: Property 'pagosTalleres' does not exist on type 'PrismaClient<PrismaClientOptions, never, DefaultArgs>'. Did you mean 'pagos_taller'?
src/lib/services/pagosTalleresService.ts(55,25): error TS2551: Property 'pagosTalleres' does not exist on type 'PrismaClient<PrismaClientOptions, never, DefaultArgs>'. Did you mean 'pagos_taller'?
src/lib/services/pagosTalleresService.ts(66,46): error TS2339: Property 'montoRestante' does not exist on type '{ id: number; taller_id: number; monto: number; moneda: string; metodo_pago: "efectivo" | "transferencia_bcp" | "yape" | "plin" | "visa" | "mastercard"; estado: "pendiente" | "pagado" | "anulado"; ... 8 more ...; registrado_por?: number | ... 1 more ... | undefined; }'.
src/lib/services/pedidos-services.ts(30,94): error TS2561: Object literal may only specify known properties, but 'fichas_tecnicas_id' does not exist in type 'productosSelect<DefaultArgs>'. Did you mean to write 'fichas_tecnicas'?
src/lib/services/precioHistoricoService.ts(6,38): error TS2339: Property 'precioNuevo' does not exist on type '{ moneda: "PEN" | "USD"; producto_id: number; precio: number; tipoProducto: "MATERIA_PRIMA" | "CONFECCIONADO"; fechaVigencia: Date; razonCambio: "AJUSTE_MERCADO" | "PROMOCION" | "COSTO_MATERIA_PRIMA" | "ESTACIONALIDAD" | "OTRO"; creadoPor: string; }'.
src/lib/services/precioHistoricoService.ts(6,58): error TS2339: Property 'precioAnterior' does not exist on type '{ moneda: "PEN" | "USD"; producto_id: number; precio: number; tipoProducto: "MATERIA_PRIMA" | "CONFECCIONADO"; fechaVigencia: Date; razonCambio: "AJUSTE_MERCADO" | "PROMOCION" | "COSTO_MATERIA_PRIMA" | "ESTACIONALIDAD" | "OTRO"; creadoPor: string; }'.
src/lib/services/precioHistoricoService.ts(6,82): error TS2339: Property 'precioAnterior' does not exist on type '{ moneda: "PEN" | "USD"; producto_id: number; precio: number; tipoProducto: "MATERIA_PRIMA" | "CONFECCIONADO"; fechaVigencia: Date; razonCambio: "AJUSTE_MERCADO" | "PROMOCION" | "COSTO_MATERIA_PRIMA" | "ESTACIONALIDAD" | "OTRO"; creadoPor: string; }'.
src/lib/services/precioHistoricoService.ts(8,25): error TS2339: Property 'precioHistorico' does not exist on type 'PrismaClient<PrismaClientOptions, never, DefaultArgs>'.
src/lib/services/precioHistoricoService.ts(10,27): error TS2551: Property 'productoId' does not exist on type '{ moneda: "PEN" | "USD"; producto_id: number; precio: number; tipoProducto: "MATERIA_PRIMA" | "CONFECCIONADO"; fechaVigencia: Date; razonCambio: "AJUSTE_MERCADO" | "PROMOCION" | "COSTO_MATERIA_PRIMA" | "ESTACIONALIDAD" | "OTRO"; creadoPor: string; }'. Did you mean 'producto_id'?
src/lib/services/precioHistoricoService.ts(11,31): error TS2339: Property 'precioAnterior' does not exist on type '{ moneda: "PEN" | "USD"; producto_id: number; precio: number; tipoProducto: "MATERIA_PRIMA" | "CONFECCIONADO"; fechaVigencia: Date; razonCambio: "AJUSTE_MERCADO" | "PROMOCION" | "COSTO_MATERIA_PRIMA" | "ESTACIONALIDAD" | "OTRO"; creadoPor: string; }'.
src/lib/services/precioHistoricoService.ts(12,28): error TS2339: Property 'precioNuevo' does not exist on type '{ moneda: "PEN" | "USD"; producto_id: number; precio: number; tipoProducto: "MATERIA_PRIMA" | "CONFECCIONADO"; fechaVigencia: Date; razonCambio: "AJUSTE_MERCADO" | "PROMOCION" | "COSTO_MATERIA_PRIMA" | "ESTACIONALIDAD" | "OTRO"; creadoPor: string; }'.
src/lib/services/precioHistoricoService.ts(31,25): error TS2339: Property 'precioHistorico' does not exist on type 'PrismaClient<PrismaClientOptions, never, DefaultArgs>'.
src/lib/services/precioHistoricoService.ts(38,25): error TS2339: Property 'precioHistorico' does not exist on type 'PrismaClient<PrismaClientOptions, never, DefaultArgs>'.
src/lib/services/precioHistoricoService.ts(51,47): error TS2339: Property 'precioNuevo' does not exist on type '{ id: number; producto_id: number; precio: number; moneda: "PEN" | "USD"; tipoProducto: "MATERIA_PRIMA" | "CONFECCIONADO"; fechaVigencia: Date; razonCambio: "AJUSTE_MERCADO" | "PROMOCION" | "COSTO_MATERIA_PRIMA" | "ESTACIONALIDAD" | "OTRO"; porcentajeCambio: number; creadoPor: string; createdAt: Date; updatedAt: Dat...'.
src/lib/services/precioHistoricoService.ts(62,36): error TS2339: Property 'precioHistorico' does not exist on type 'PrismaClient<PrismaClientOptions, never, DefaultArgs>'.
src/lib/services/productos-services.ts(108,11): error TS2561: Object literal may only specify known properties, but 'fichas_tecnicas_id' does not exist in type 'Without<productosCreateInput, productosUncheckedCreateInput> & productosUncheckedCreateInput'. Did you mean to write 'fichas_tecnicas'?
src/lib/services/reservaStockService.ts(6,25): error TS2551: Property 'reservasStock' does not exist on type 'PrismaClient<PrismaClientOptions, never, DefaultArgs>'. Did you mean 'reservas_stock'?
src/lib/services/reservaStockService.ts(8,27): error TS2339: Property 'productoId' does not exist on type '{ variante_id: number; cantidad: number; pedido_id?: number | null | undefined; cotizacion_id?: number | null | undefined; expira_en?: Date | null | undefined; }'.
src/lib/services/reservaStockService.ts(9,26): error TS2339: Property 'almacenId' does not exist on type '{ variante_id: number; cantidad: number; pedido_id?: number | null | undefined; cotizacion_id?: number | null | undefined; expira_en?: Date | null | undefined; }'.
src/lib/services/reservaStockService.ts(10,34): error TS2339: Property 'cantidadReservada' does not exist on type '{ variante_id: number; cantidad: number; pedido_id?: number | null | undefined; cotizacion_id?: number | null | undefined; expira_en?: Date | null | undefined; }'.
src/lib/services/reservaStockService.ts(11,35): error TS2339: Property 'cantidadDisponible' does not exist on type '{ variante_id: number; cantidad: number; pedido_id?: number | null | undefined; cotizacion_id?: number | null | undefined; expira_en?: Date | null | undefined; }'.
src/lib/services/reservaStockService.ts(12,25): error TS2551: Property 'pedidoId' does not exist on type '{ variante_id: number; cantidad: number; pedido_id?: number | null | undefined; cotizacion_id?: number | null | undefined; expira_en?: Date | null | undefined; }'. Did you mean 'pedido_id'?
src/lib/services/reservaStockService.ts(13,30): error TS2339: Property 'ordenCompraId' does not exist on type '{ variante_id: number; cantidad: number; pedido_id?: number | null | undefined; cotizacion_id?: number | null | undefined; expira_en?: Date | null | undefined; }'.
src/lib/services/reservaStockService.ts(14,23): error TS2339: Property 'motivo' does not exist on type '{ variante_id: number; cantidad: number; pedido_id?: number | null | undefined; cotizacion_id?: number | null | undefined; expira_en?: Date | null | undefined; }'.
src/lib/services/reservaStockService.ts(16,32): error TS2339: Property 'fechaExpiracion' does not exist on type '{ variante_id: number; cantidad: number; pedido_id?: number | null | undefined; cotizacion_id?: number | null | undefined; expira_en?: Date | null | undefined; }'.
src/lib/services/reservaStockService.ts(17,22): error TS2339: Property 'notas' does not exist on type '{ variante_id: number; cantidad: number; pedido_id?: number | null | undefined; cotizacion_id?: number | null | undefined; expira_en?: Date | null | undefined; }'.
src/lib/services/reservaStockService.ts(29,25): error TS2551: Property 'reservasStock' does not exist on type 'PrismaClient<PrismaClientOptions, never, DefaultArgs>'. Did you mean 'reservas_stock'?
src/lib/services/reservaStockService.ts(36,25): error TS2551: Property 'reservasStock' does not exist on type 'PrismaClient<PrismaClientOptions, never, DefaultArgs>'. Did you mean 'reservas_stock'?
src/lib/services/reservaStockService.ts(42,34): error TS2551: Property 'reservasStock' does not exist on type 'PrismaClient<PrismaClientOptions, never, DefaultArgs>'. Did you mean 'reservas_stock'?
src/lib/services/reservaStockService.ts(48,25): error TS2551: Property 'reservasStock' does not exist on type 'PrismaClient<PrismaClientOptions, never, DefaultArgs>'. Did you mean 'reservas_stock'?
src/lib/services/reservaStockService.ts(59,25): error TS2551: Property 'reservasStock' does not exist on type 'PrismaClient<PrismaClientOptions, never, DefaultArgs>'. Did you mean 'reservas_stock'?
src/lib/services/reservaStockService.ts(69,25): error TS2551: Property 'reservasStock' does not exist on type 'PrismaClient<PrismaClientOptions, never, DefaultArgs>'. Did you mean 'reservas_stock'?
src/lib/services/reservaStockService.ts(78,35): error TS2551: Property 'reservasStock' does not exist on type 'PrismaClient<PrismaClientOptions, never, DefaultArgs>'. Did you mean 'reservas_stock'?
src/lib/services/tarifaTalleresService.ts(6,25): error TS2551: Property 'tarifaTalleres' does not exist on type 'PrismaClient<PrismaClientOptions, never, DefaultArgs>'. Did you mean 'tarifas_taller'?
src/lib/services/tarifaTalleresService.ts(31,25): error TS2551: Property 'tarifaTalleres' does not exist on type 'PrismaClient<PrismaClientOptions, never, DefaultArgs>'. Did you mean 'tarifas_taller'?
src/lib/services/tarifaTalleresService.ts(38,25): error TS2551: Property 'tarifaTalleres' does not exist on type 'PrismaClient<PrismaClientOptions, never, DefaultArgs>'. Did you mean 'tarifas_taller'?
src/lib/services/tarifaTalleresService.ts(44,25): error TS2551: Property 'tarifaTalleres' does not exist on type 'PrismaClient<PrismaClientOptions, never, DefaultArgs>'. Did you mean 'tarifas_taller'?
